
**** 04/05/25 16:09:51 *** PSpice 24.1.0 (26 February 2025) *** ID# 0 ********

 ** Profile: "SCHEMATIC1-asfawr"  [ c:\users\user\appdata\roaming\spb_data\cdssetup\workspace\projects\fweqfrawe\fweqfrawe-pspicefile


 ****     CIRCUIT DESCRIPTION


******************************************************************************




** Creating circuit file "asfawr.cir" 
** WARNING: THIS AUTOMATICALLY GENERATED FILE MAY BE OVERWRITTEN BY SUBSEQUENT SIMULATIONS

*Libraries: 
* Profile Libraries :
* Local Libraries :
* From [PSPICE NETLIST] section of C:\Users\user\AppData\Roaming\SPB_Data\cdssetup\OrCAD_PSpice\24.1.0\PSpice.ini file:
.lib "C:\Cadence\OrCADX_24.1\tools\capture\library\opa855_a.lib" 
.lib "C:\Cadence\OrCADX_24.1\tools\capture\library\OPA858.lib" 
.lib "C:\Cadence\OrCADX_24.1\tools\capture\library\opa695_a.lib" 
.lib "C:\Cadence\OrCADX_24.1\tools\capture\library\opa856_a.lib" 
.lib "C:\Cadence\OrCADX_24.1\tools\capture\library\tlv3604.lib" 
.lib "C:\Cadence\OrCADX_24.1\tools\capture\library\OPAx277.LIB" 

*Analysis directives: 
.TRAN  0 10m 0 
.OPTIONS ADVCONV
.AUTOCONVERGE ITL1=1000 ITL2=1000 ITL4=1000 RELTOL=0.05 ABSTOL=1.0E-6 VNTOL=.001 PIVTOL=1.0E-10 
.PROBE64 V(alias(*)) I(alias(*)) W(alias(*)) D(alias(*)) NOISE(alias(*)) 
.INC "..\SCHEMATIC1.net" 



**** INCLUDING SCHEMATIC1.net ****
* source FWEQFRAWE
V_V1         VCC 0 5
C_C266         N1102787 N1102741  0.7p  TC=0,0 
I_I4         N1102741 0 DC 0Adc AC 0Aac
+SIN 0 3m 1k 0 0 0
X_U76         N1104729 N1102741 N1102787 VCC 0 OPA855
R_R159         0 N1102741  21.34G TC=0,0 
R_R151         N1102741 N1102787  500 TC=0,0 
C_C265         0 N1102741  1.2p  TC=0,0 
V_V2         0 VEE -5
C_C264         0 N1102741  0.1u  TC=0,0 
C_C263         0 N1102741  1n  TC=0,0 
C_C268         0 VCC  1n  TC=0,0 
C_C267         0 VEE  1n  TC=0,0 
C_C252         0 VEE  0.1uF  TC=0,0 
R_R149         0 N1109040  15k TC=0,0 
C_C269         N1104729 0  1n  TC=0,0 
R_R153         N1104729 N1109032  130 TC=0,0 
V_V3         N1108948 0 5
R_R147         N1109040 N1108948  5k TC=0,0 
C_C261         0 N1109040  1n  TC=0,0 
C_C253         0 VCC  0.1uF  TC=0,0 
X_U1         N1109040 N1109020 VCC VEE N1109032 OPAX277
R_R154         N1109032 N1109020  200 TC=0,0 
C_C262         0 N1109040  0.1u  TC=0,0 
R_R155         N1109020 0  100 TC=0,0 

**** RESUMING asfawr.cir ****
.END

**** 04/05/25 16:09:51 *** PSpice 24.1.0 (26 February 2025) *** ID# 0 ********

 ** Profile: "SCHEMATIC1-asfawr"  [ c:\users\user\appdata\roaming\spb_data\cdssetup\workspace\projects\fweqfrawe\fweqfrawe-pspicefile


 ****     Diode MODEL PARAMETERS


******************************************************************************




               X_U76.X_E_N.DVN X_U76.X_I_NP1.DNVF              X_U76.X_U1.DNVF 
          IS  100.000000E-18  100.000000E-18                  100.000000E-18 
          KF  316.227800E-12  316.227800E-12                  316.227800E-12 


               X_U1.X_U1.DVN   X_U1.X_U39.DVNF X_U1.X_U40.DVNF 
          IS  100.000000E-18  100.000000E-18  100.000000E-18 
          KF    3.162278E-12    3.162278E-12    3.162278E-12 


**** 04/05/25 16:09:51 *** PSpice 24.1.0 (26 February 2025) *** ID# 0 ********

 ** Profile: "SCHEMATIC1-asfawr"  [ c:\users\user\appdata\roaming\spb_data\cdssetup\workspace\projects\fweqfrawe\fweqfrawe-pspicefile


 ****     Resistor MODEL PARAMETERS


******************************************************************************




               X_U76.R_NOISELESS 
  T_Measured   27            
   T_Current -273.15         
           R    1            


               X_U1.R_NOISELESS 
  T_Measured   27            
   T_Current -273.15         
           R    1            


**** 04/05/25 16:09:51 *** PSpice 24.1.0 (26 February 2025) *** ID# 0 ********

 ** Profile: "SCHEMATIC1-asfawr"  [ c:\users\user\appdata\roaming\spb_data\cdssetup\workspace\projects\fweqfrawe\fweqfrawe-pspicefile


 ****     Voltage Controlled Switch MODEL PARAMETERS


******************************************************************************




               X_U76.X_ESD_OUT.ESD_SW          X_U76.X_S1._S1  X_U76.X_S2._S2  
         RON   50                               1.000000E-03    1.000000E-03 
        ROFF    1.000000E+12                   20.000000E+03   20.000000E+03 
         VON     .5                              .8              .8          
        VOFF     .45                            -.6             -.4          


               X_U1.X_S1._S1   X_U1.X_S2._S2   
         RON     .01             .01         
        ROFF    1.000000E+12    1.000000E+12 
         VON     .01             .01         
        VOFF    0               0            


               X_U1.X_U20.ESD_SW 
         RON   50            
        ROFF    1.000000E+12 
         VON     .7          
        VOFF    0            


               X_U1.X_U21.ESD_SW 
         RON   50            
        ROFF    1.000000E+12 
         VON     .5          
        VOFF     .1          


               X_U1.X_U25.OL_SW 
         RON    1.000000E-03 
        ROFF    1.000000E+12 
         VON     .9          
        VOFF     .8          


               X_U1.X_U5.ESD_SW 
         RON   50            
        ROFF    1.000000E+12 
         VON     .5          
        VOFF     .1          


Starting pseudo-transient algorithm.

INFO(ORPSIM-16594): To improve Pseudotransient Convergence and Performance, set following options to relax stabilization criteria for capacitor currents and inductor voltages: PTRANABSTOL=1e-5, PTRANVNTOL=1e-4
Convergence problem in transient bias point calculation


  Last node voltages tried were:

 NODE   VOLTAGE     NODE   VOLTAGE     NODE   VOLTAGE     NODE   VOLTAGE


(  VCC)    5.0000  (  VEE)    5.0000  (N1102741)     .4072                      

(N1102787)     .0109                  (N1104729)    4.4317                      

(N1108948)    5.0000                  (N1109020)    1.7027                      

(N1109032)    4.5381                  (N1109040)    4.4221                      

(X_U1.MID)    4.9937                  (X_U1.V11)    4.9937                      

(X_U1.V12)    5.2662                  (X_U76.ZO)     .0109                      

(X_U1.ESDN)    4.5531                 (X_U1.ESDP)    4.6013                     

(X_U1.VCLP)    4.5899                 (X_U76.MID) 33.37E-06                     

(X_U1.CLAMP)    6.8413                (X_U1.VCC_B)    5.0000                    

(X_U1.VEE_B)    5.0000                (X_U1.VIMON)   14.9470                    

(X_U76.CMRR) 77.40E-06                (X_U76.ESDN)     .4072                    

(X_U76.ESDP)    4.4317                (X_U1.VOUT_S)    4.5381                   

(X_U1.VSENSE)    6.8413               (X_U1.X_U1.3)    0.0000                   

(X_U1.X_U1.4)    0.0000               (X_U1.X_U1.5)    0.0000                   

(X_U1.X_U1.6)    0.0000               (X_U1.X_U1.7)     .8338                   

(X_U1.X_U1.8)     .8338               (X_U76.CLAMP) 73.37E-06                   

(X_U76.PSRRN) 33.38E-06               (X_U76.PSRRP) 293.2E-06                   

(X_U76.VCC_B)    5.0000               (X_U76.VEE_B)-1.067E-09                   

(X_U76.VIMON)    -.7926               (X_U1.VCC_CLP)    3.9000                  

(X_U1.VEE_CLP)    5.1740              (X_U1.X_U39.3)    0.0000                  

(X_U1.X_U39.4)    0.0000              (X_U1.X_U39.5)    0.0000                  

(X_U1.X_U39.6)    0.0000              (X_U1.X_U39.7)     .8338                  

(X_U1.X_U39.8)     .8338              (X_U1.X_U40.3)    0.0000                  

(X_U1.X_U40.4)    0.0000              (X_U1.X_U40.5)    0.0000                  

(X_U1.X_U40.6)    0.0000              (X_U1.X_U40.7)     .8338                  

(X_U1.X_U40.8)     .8338              (X_U76.AOLNET)    -.5000                  

(X_U76.N06456)    4.4317              (X_U76.N10561)    4.4315                  

(X_U76.N10570)    4.4316              (X_U76.N11984)    4.4316                  

(X_U76.N11991)     .4072              (X_U76.N25816)    4.4318                  

(X_U76.N28602)    1.1000              (X_U76.N30136)    4.6000                  

(X_U76.N30913)    4.4318              (X_U76.N31014)    4.4318                  

(X_U76.N35675)    4.2016              (X_U76.N35813)    4.2016                  

(X_U76.N38050)    1.0266              (X_U76.N38096)    1.0266                  

(X_U76.VOUT_S)     .0109              (X_U76.X_U1.3)    0.0000                  

(X_U76.X_U1.4)    0.0000              (X_U76.X_U1.5)    0.0000                  

(X_U76.X_U1.6)    0.0000              (X_U76.X_U1.7)     .8338                  

(X_U76.X_U1.8)     .8338              (X_U1.CL_CLAMP)    4.5899                 

(X_U1.N2986935)    4.6013             (X_U1.N2986947)    4.9937                 

(X_U1.N2986949)    4.6013             (X_U1.N2986957)    4.6013                 

(X_U1.N2986973)    4.9937             (X_U1.N2986975)    4.9937                 

(X_U1.N2986977)    4.6013             (X_U1.N2986981)    4.6013                 

(X_U1.N2987013)    4.5531             (X_U1.N2987017)    3.0000                 

(X_U1.N2987029)    7.0000             (X_U1.N2987037)    4.6013                 

(X_U1.N2987051)    4.6013             (X_U1.N2987061)    9.8171                 

(X_U1.N2987123)    5.6318             (X_U1.N2987135)    5.6318                 

(X_U1.N2987157)    5.6296             (X_U1.N2987159)    5.6296                 

(X_U1.N2987201)   39.9940             (X_U1.N2987203)    4.9937                 

(X_U1.N2987205)    4.9937             (X_U1.N2987225)    4.9937                 

(X_U1.N2987231)    4.9937             (X_U1.N2987243)  -30.0060                 

(X_U1.N2987295)   79.9940             (X_U1.N2987299)    4.9937                 

(X_U1.N2987301)    4.9937             (X_U1.N2987319)    4.9937                 

(X_U1.N2987325)    4.9937             (X_U1.N2987337)  -70.0060                 

(X_U1.N2987363)    6.8413             (X_U1.N2987391)    3.9000                 

(X_U1.N2987395)    5.1740             (X_U1.N2987423)    5.1740                 

(X_U1.N2987427)    3.9000             (X_U1.N2987487)    4.9937                 

(X_U1.N2987493)    5.2662             (X_U1.N2987499)    5.9937                 

(X_U1.N2987541)   14.9470             (X_U1.N2987553)    4.5381                 

(X_U1.N2987623)    4.5381             (X_U1.N2987655)    2.5899                 

(X_U1.N2987675)    6.8325             (X_U1.N2987683)    2.5899                 

(X_U1.N2987687)    2.5899             (X_U1.N2987711)    6.8325                 

(X_U1.N2987719)    6.5599             (X_U1.N2987763)    4.9937                 

(X_U1.N2987785)    5.0000             (X_U1.N2987801)    5.0000                 

(X_U1.N3108745)    9.6125             (X_U1.N3108755)    6.8417                 

(X_U1.N3108879)    6.8413             (X_U1.N3108917)    6.8417                 

(X_U1.N3108949)    6.8417             (X_U1.N3109015)    6.8417                 

(X_U1.N3116457)    4.5899             (X_U1.N3116503)  359.2900                 

(X_U1.N3116515)  359.2900             (X_U1.N3116609)  682.6900                 

(X_U1.N3116619)  257.3700             (X_U1.N3116655)  682.6100                 

(X_U1.N3116665)    5.5085             (X_U1.N3116675)  682.6800                 

(X_U1.N3116685)  682.6800             (X_U1.N3116957)  682.6000                 

(X_U1.N3117239)  682.6800             (X_U1.N3126023)    4.5227                 

(X_U1.N3128929)    4.9997             (X_U1.N3130349)    4.9937                 

(X_U1.N3130359)    4.9937             (X_U1.N3202117)  682.6800                 

(X_U1.N3202127)  682.6800             (X_U1.N3202213)  682.6800                 

(X_U1.N3204124)  682.6800             (X_U1.N3204134)  682.6800                 

(X_U1.N3204220)  682.6800             (X_U1.N3205032)  682.6800                 

(X_U1.N3205042)  682.6800             (X_U1.N3205128)  682.6800                 

(X_U1.N3205956)  682.6800             (X_U1.N3205966)  682.6800                 

(X_U1.N3206052)  682.6800             (X_U1.N3206890)  682.6800                 

(X_U1.N3206900)  682.6800             (X_U1.N3206986)  682.6800                 

(X_U1.N3208573)  682.6800             (X_U1.N3208669)  682.6800                 

(X_U1.N3236810)    4.9937             (X_U1.N3236820)    4.9937                 

(X_U76.N110431)    -.7926             (X_U76.N112292)     .0109                 

(X_U76.N317950) 33.37E-06             (X_U76.N406634)    5.0000                 

(X_U76.N406794)-1.066E-09             (X_U76.N749288)    4.4313                 

(X_U76.VCC_CLP)    4.2016             (X_U76.VEE_CLP)    1.0266                 

(X_U76.X_E_N.3)    0.0000             (X_U76.X_E_N.4)    0.0000                 

(X_U76.X_E_N.5)    0.0000             (X_U76.X_E_N.6)    0.0000                 

(X_U76.X_E_N.7)     .8338             (X_U76.X_E_N.8)     .8338                 

(X_U1.N32898091)  682.6800            (X_U76.N1254860)    -.9897                

(X_U76.N1446199) 72.08E-06            (X_U76.N1446217) 72.08E-06                

(X_U76.N1461236)    -.5184            (X_U76.N1461246)-10.69E-06                

(X_U76.N1461252)     .0147            (X_U76.N1481243)   -3.5796                

(X_U76.N1481253)-217.2E-06            (X_U76.N1481259) 942.8E-06                

(X_U76.N1483677) 86.03E-06            (X_U76.N1483687) 33.38E-06                

(X_U76.N1483693) 33.31E-06            (X_U76.N1483703) 33.37E-06                

(X_U76.N1483713) 33.43E-06            (X_U76.N1490067) 293.2E-06                

(X_U76.N1492098)    -.0163            (X_U76.N1492108)    -.0108                

(X_U76.N1492118)    -.0108            (X_U76.N1492126)    -.0108                

(X_U76.N1492376)    -.0108            (X_U76.N1534615)    -.2773                

(X_U76.N1534625)    -.0097            (X_U76.N1534635)    -.0097                

(X_U76.N1534645)    -.0097            (X_U76.N1534887)    -.0097                

(X_U76.N1541593)    -.2480            (X_U76.N1541603)    -.0087                

(X_U1.CLAW_CLAMP)    4.5899           (X_U76.X_I_NP1.3)    0.0000               

(X_U76.X_I_NP1.4)    0.0000           (X_U76.X_I_NP1.5)    0.0000               

(X_U76.X_I_NP1.6)    0.0000           (X_U76.X_I_NP1.7)     .8338               

(X_U76.X_I_NP1.8)     .8338           (X_U1.SW_OL_OPAx277)    5.9937            

(X_U76.X_VOS_VS_VCM.1)    4.4313      

Resuming Simulation with the following settings
ITL1 = 291
ITL2 = 171
ABSTOL = 1.26e-10

Convergence problem in transient bias point calculation


  Last node voltages tried were:

 NODE   VOLTAGE     NODE   VOLTAGE     NODE   VOLTAGE     NODE   VOLTAGE


(  VCC)    4.4790  (  VEE)    4.4790  (N1102741)  -21.4240                      

(N1102787)    2.8866                  (N1104729) -264.5300                      

(N1108948)    4.4790                  (N1109020)  -84.6300                      

(N1109032) -270.8600                  (N1109040)    3.9303                      

(X_U1.MID)    3.5942                  (X_U1.V11)   -3.7133                      

(X_U1.V12)    8.0683                  (X_U76.ZO)    2.8866                      

(X_U1.ESDN)     .2357                 (X_U1.ESDP)    4.0826                     

(X_U1.VCLP) 5231.6000                 (X_U76.MID)    1.7971                     

(X_U1.CLAMP) 4693.5000                (X_U1.VCC_B)    4.0123                    

(X_U1.VEE_B)    4.0123                (X_U1.VIMON)-5807.2000                    

(X_U76.CMRR)    1.7950                (X_U76.ESDN)  -21.4250                    

(X_U76.ESDP) -264.5300                (X_U1.VOUT_S) -242.2600                   

(X_U1.VSENSE) 4204.8000               (X_U1.X_U1.3)    0.0000                   

(X_U1.X_U1.4)    0.0000               (X_U1.X_U1.5)    0.0000                   

(X_U1.X_U1.6)    0.0000               (X_U1.X_U1.7)     .8309                   

(X_U1.X_U1.8)     .8309               (X_U76.CLAMP)    5.0147                   

(X_U76.PSRRN)    1.7972               (X_U76.PSRRP)    1.7972                   

(X_U76.VCC_B)    4.0123               (X_U76.VEE_B) 2.007E-06                   

(X_U76.VIMON)   45.3520               (X_U1.VCC_CLP)   60.3560                  

(X_U1.VEE_CLP)  640.4600              (X_U1.X_U39.3)    0.0000                  

(X_U1.X_U39.4)    0.0000              (X_U1.X_U39.5)    0.0000                  

(X_U1.X_U39.6)    0.0000              (X_U1.X_U39.7)     .8309                  

(X_U1.X_U39.8)     .8309              (X_U1.X_U40.3)    0.0000                  

(X_U1.X_U40.4)    0.0000              (X_U1.X_U40.5)    0.0000                  

(X_U1.X_U40.6)    0.0000              (X_U1.X_U40.7)     .8309                  

(X_U1.X_U40.8)     .8309              (X_U76.AOLNET)    1.3492                  

(X_U76.N06456) -264.5300              (X_U76.N10561) -264.5700                  

(X_U76.N10570) -264.5700              (X_U76.N11984) -264.5700                  

(X_U76.N11991)  -21.4250              (X_U76.N25816) -264.5700                  

(X_U76.N28602)     .9854              (X_U76.N30136)    3.6539                  

(X_U76.N30913)    1.0700              (X_U76.N31014)    1.0700                  

(X_U76.N35675)    2.9682              (X_U76.N35813)    2.9682                  

(X_U76.N38050)    1.2097              (X_U76.N38096)    1.2097                  

(X_U76.VOUT_S)    2.7731              (X_U76.X_U1.3)    0.0000                  

(X_U76.X_U1.4)    0.0000              (X_U76.X_U1.5)    0.0000                  

(X_U76.X_U1.6)    0.0000              (X_U76.X_U1.7)     .8309                  

(X_U76.X_U1.8)     .8309              (X_U1.CL_CLAMP) 5839.8000                 

(X_U1.N2986935)    4.0826             (X_U1.N2986947)    3.5942                 

(X_U1.N2986949)    4.0826             (X_U1.N2986957)    4.0826                 

(X_U1.N2986973)    3.5942             (X_U1.N2986975)    3.5942                 

(X_U1.N2986977)    4.0826             (X_U1.N2986981)    4.0826                 

(X_U1.N2987013)     .2357             (X_U1.N2987017)    2.2207                 

(X_U1.N2987029)    5.8039             (X_U1.N2987037)    4.0317                 

(X_U1.N2987051)    4.0317             (X_U1.N2987061)  343.6400                 

(X_U1.N2987123)    3.5942             (X_U1.N2987135)    3.5942                 

(X_U1.N2987157)  794.3400             (X_U1.N2987159)  794.3400                 

(X_U1.N2987201)   34.9470             (X_U1.N2987203)    3.5942                 

(X_U1.N2987205)    3.5942             (X_U1.N2987225) 5180.8000                 

(X_U1.N2987231) 5180.8000             (X_U1.N2987243)  -27.7590                 

(X_U1.N2987295)   70.7790             (X_U1.N2987299)    3.5942                 

(X_U1.N2987301)    3.5942             (X_U1.N2987319)-38.23E+03                 

(X_U1.N2987325)-38.23E+03             (X_U1.N2987337)  -63.5910                 

(X_U1.N2987363) 4204.8000             (X_U1.N2987391)   66.9580                 

(X_U1.N2987395)  714.5400             (X_U1.N2987423)  714.5400                 

(X_U1.N2987427)   66.9580             (X_U1.N2987487)   -3.7133                 

(X_U1.N2987493)    8.0683             (X_U1.N2987499)    4.4900                 

(X_U1.N2987541)-5807.2000             (X_U1.N2987553) -242.2600                 

(X_U1.N2987623) -270.8600             (X_U1.N2987655) 4693.4000                 

(X_U1.N2987675) 4693.4000             (X_U1.N2987683) 5229.8000                 

(X_U1.N2987687) 4693.4000             (X_U1.N2987711) 4693.4000                 

(X_U1.N2987719) 5233.4000             (X_U1.N2987763)    4.0123                 

(X_U1.N2987785)    4.0123             (X_U1.N2987801)    4.0123                 

(X_U1.N3108745) 8431.2000             (X_U1.N3108755) 3375.6000                 

(X_U1.N3108879) 3767.0000             (X_U1.N3108917) 3024.3000                 

(X_U1.N3108949) 2709.5000             (X_U1.N3109015) 2427.5000                 

(X_U1.N3116457) 5231.6000             (X_U1.N3116503) 37.43E+06                 

(X_U1.N3116515) 37.43E+06             (X_U1.N3116609) 64.14E+06                 

(X_U1.N3116619) 23.89E+06             (X_U1.N3116655) 26.59E+06                 

(X_U1.N3116665) 20.21E+03             (X_U1.N3116675) 57.46E+06                 

(X_U1.N3116685) 57.46E+06             (X_U1.N3116957)-447.9E+03                 

(X_U1.N3117239) 29.69E+06             (X_U1.N3126023)    4.1194                 

(X_U1.N3128929)    3.9495             (X_U1.N3130349)    3.5942                 

(X_U1.N3130359)    3.5945             (X_U1.N3202117) 51.47E+06                 

(X_U1.N3202127) 51.47E+06             (X_U1.N3202213) 51.47E+06                 

(X_U1.N3204124) 46.11E+06             (X_U1.N3204134) 46.11E+06                 

(X_U1.N3204220) 46.11E+06             (X_U1.N3205032) 41.30E+06                 

(X_U1.N3205042) 41.30E+06             (X_U1.N3205128) 41.30E+06                 

(X_U1.N3205956) 37.00E+06             (X_U1.N3205966) 37.00E+06                 

(X_U1.N3206052) 37.00E+06             (X_U1.N3206890) 33.14E+06                 

(X_U1.N3206900) 33.14E+06             (X_U1.N3206986) 33.14E+06                 

(X_U1.N3208573) 29.69E+06             (X_U1.N3208669) 29.69E+06                 

(X_U1.N3236810)    3.5942             (X_U1.N3236820)    3.5942                 

(X_U76.N110431)   45.3520             (X_U76.N112292)    2.7731                 

(X_U76.N317950)    2.0061             (X_U76.N406634)    4.0123                 

(X_U76.N406794) 2.009E-06             (X_U76.N749288) -264.5300                 

(X_U76.VCC_CLP)    2.8462             (X_U76.VEE_CLP)    1.2709                 

(X_U76.X_E_N.3)    0.0000             (X_U76.X_E_N.4)    0.0000                 

(X_U76.X_E_N.5)    0.0000             (X_U76.X_E_N.6)    0.0000                 

(X_U76.X_E_N.7)     .8309             (X_U76.X_E_N.8)     .8309                 

(X_U1.N32898091) 57.46E+06            (X_U76.N1254860)   81.8520                

(X_U76.N1446199)    4.5865            (X_U76.N1446217)    4.5865                

(X_U76.N1461236)   29.7070            (X_U76.N1461246)    1.7995                

(X_U76.N1461252)    1.0895            (X_U76.N1481243)     .3764                

(X_U76.N1481253)    1.7970            (X_U76.N1481259)    1.7974                

(X_U76.N1483677)    4.3371            (X_U76.N1483687)    1.7972                

(X_U76.N1483693)    1.7944            (X_U76.N1483703)    1.7970                

(X_U76.N1483713)    1.7995            (X_U76.N1490067)    1.7972                

(X_U76.N1492098)    4.0811            (X_U76.N1492108)    3.3197                

(X_U76.N1492118)    3.1611            (X_U76.N1492126)    3.1611                

(X_U76.N1492376)    3.1611            (X_U76.N1534615)   32.9980                

(X_U76.N1534625)    2.8900            (X_U76.N1534635)    2.7761                

(X_U76.N1534645)    2.7761            (X_U76.N1534887)    2.7761                

(X_U76.N1541593)   24.1930            (X_U76.N1541603)    2.5816                

(X_U1.CLAW_CLAMP) 3518.6000           (X_U76.X_I_NP1.3)    0.0000               

(X_U76.X_I_NP1.4)    0.0000           (X_U76.X_I_NP1.5)    0.0000               

(X_U76.X_I_NP1.6)    0.0000           (X_U76.X_I_NP1.7)     .8309               

(X_U76.X_I_NP1.8)     .8309           (X_U1.SW_OL_OPAx277)    4.4900            

(X_U76.X_VOS_VS_VCM.1) -264.5300      

Resuming Simulation with the following settings
ITL1 = 565
ITL2 = 1000
ABSTOL = 1.58e-08

Convergence problem in transient bias point calculation


  Last node voltages tried were:

 NODE   VOLTAGE     NODE   VOLTAGE     NODE   VOLTAGE     NODE   VOLTAGE


(  VCC)    4.4097  (  VEE)    4.4097  (N1102741)    3.0312                      

(N1102787)    2.9796                  (N1104729)    3.6037                      

(N1108948)    4.4097                  (N1109020)    1.3791                      

(N1109032)    3.6200                  (N1109040)    3.8649                      

(X_U1.MID)    3.4298                  (X_U1.V11)    3.5084                      

(X_U1.V12)    3.4298                  (X_U76.ZO)    2.9796                      

(X_U1.ESDN)    3.9650                 (X_U1.ESDP)    4.0136                     

(X_U1.VCLP)    3.4425                 (X_U76.MID)    1.7149                     

(X_U1.CLAMP)    1.7880                (X_U1.VCC_B)    3.8890                    

(X_U1.VEE_B)    3.8890                (X_U1.VIMON)    -.5049                    

(X_U76.CMRR)    1.7149                (X_U76.ESDN)    3.0312                    

(X_U76.ESDP)    3.6037                (X_U1.VOUT_S)    3.5976                   

(X_U1.VSENSE)    1.9818               (X_U1.X_U1.3)    0.0000                   

(X_U1.X_U1.4)    0.0000               (X_U1.X_U1.5)    0.0000                   

(X_U1.X_U1.6)    0.0000               (X_U1.X_U1.7)     .8305                   

(X_U1.X_U1.8)     .8305               (X_U76.CLAMP)    3.5728                   

(X_U76.PSRRN)    1.7150               (X_U76.PSRRP)    1.7150                   

(X_U76.VCC_B)    3.8890               (X_U76.VEE_B) 1.945E-06                   

(X_U76.VIMON)    1.6239               (X_U1.VCC_CLP)    3.0648                  

(X_U1.VEE_CLP)    4.1313              (X_U1.X_U39.3)    0.0000                  

(X_U1.X_U39.4)    0.0000              (X_U1.X_U39.5)    0.0000                  

(X_U1.X_U39.6)    0.0000              (X_U1.X_U39.7)     .8305                  

(X_U1.X_U39.8)     .8305              (X_U1.X_U40.3)    0.0000                  

(X_U1.X_U40.4)    0.0000              (X_U1.X_U40.5)    0.0000                  

(X_U1.X_U40.6)    0.0000              (X_U1.X_U40.7)     .8305                  

(X_U1.X_U40.8)     .8305              (X_U76.AOLNET)    1.4592                  

(X_U76.N06456)    3.6037              (X_U76.N10561)    3.6034                  

(X_U76.N10570)    3.6034              (X_U76.N11984)    3.6034                  

(X_U76.N11991)    3.0312              (X_U76.N25816)    3.6034                  

(X_U76.N28602)     .9701              (X_U76.N30136)    3.5362                  

(X_U76.N30913)    3.3212              (X_U76.N31014)    3.3212                  

(X_U76.N35675)    3.1930              (X_U76.N35813)    3.1930                  

(X_U76.N38050)     .9002              (X_U76.N38096)     .9002                  

(X_U76.VOUT_S)    2.8303              (X_U76.X_U1.3)    0.0000                  

(X_U76.X_U1.4)    0.0000              (X_U76.X_U1.5)    0.0000                  

(X_U76.X_U1.6)    0.0000              (X_U76.X_U1.7)     .8305                  

(X_U76.X_U1.8)     .8305              (X_U1.CL_CLAMP)    3.4442                 

(X_U1.N2986935)    4.0136             (X_U1.N2986947)    3.4298                 

(X_U1.N2986949)    4.0136             (X_U1.N2986957)    4.0136                 

(X_U1.N2986973)    3.4298             (X_U1.N2986975)    3.4298                 

(X_U1.N2986977)    4.0136             (X_U1.N2986981)    4.0136                 

(X_U1.N2987013)    3.9650             (X_U1.N2987017)    2.1251                 

(X_U1.N2987029)    5.6529             (X_U1.N2987037)    3.9447                 

(X_U1.N2987051)    3.9447             (X_U1.N2987061)    1.6429                 

(X_U1.N2987123)    3.8997             (X_U1.N2987135)    3.8997                 

(X_U1.N2987157)    3.9005             (X_U1.N2987159)    3.9005                 

(X_U1.N2987201)   34.2970             (X_U1.N2987203)    3.4298                 

(X_U1.N2987205)    3.4298             (X_U1.N2987225)    3.4298                 

(X_U1.N2987231)    3.4298             (X_U1.N2987243)  -27.4380                 

(X_U1.N2987295)   69.5750             (X_U1.N2987299)    3.4298                 

(X_U1.N2987301)    3.4298             (X_U1.N2987319)    3.4298                 

(X_U1.N2987325)    3.4298             (X_U1.N2987337)  -62.7150                 

(X_U1.N2987363)    1.9818             (X_U1.N2987391)    3.0159                 

(X_U1.N2987395)    4.2252             (X_U1.N2987423)    4.2252                 

(X_U1.N2987427)    3.0159             (X_U1.N2987487)    3.5084                 

(X_U1.N2987493)    3.4298             (X_U1.N2987499)    4.3118                 

(X_U1.N2987541)    -.5049             (X_U1.N2987553)    3.5976                 

(X_U1.N2987623)    3.6200             (X_U1.N2987655)    1.7964                 

(X_U1.N2987675)    4.9733             (X_U1.N2987683)    1.6787                 

(X_U1.N2987687)    1.7964             (X_U1.N2987711)    4.9733                 

(X_U1.N2987719)    5.1799             (X_U1.N2987763)    3.8890                 

(X_U1.N2987785)    3.8890             (X_U1.N2987801)    3.8890                 

(X_U1.N3108745)     .6143             (X_U1.N3108755)    2.3033                 

(X_U1.N3108879)    2.1528             (X_U1.N3108917)    2.4363                 

(X_U1.N3108949)    2.5536             (X_U1.N3109015)    2.6571                 

(X_U1.N3116457)    3.4425             (X_U1.N3116503)-1057.1000                 

(X_U1.N3116515) -554.7300             (X_U1.N3116609) -938.1600                 

(X_U1.N3116619) -347.2300             (X_U1.N3116655) -341.1500                 

(X_U1.N3116665)    3.1680             (X_U1.N3116675) -826.9800                 

(X_U1.N3116685) -826.9800             (X_U1.N3116957) -300.4600                 

(X_U1.N3117239) -387.3200             (X_U1.N3126023)    4.0478                 

(X_U1.N3128929)    3.8140             (X_U1.N3130349)    3.4298                 

(X_U1.N3130359)    3.4302             (X_U1.N3202117) -728.9400                 

(X_U1.N3202127) -728.9400             (X_U1.N3202213) -728.9400                 

(X_U1.N3204124) -642.4700             (X_U1.N3204134) -642.4700                 

(X_U1.N3204220) -642.4700             (X_U1.N3205032) -566.2100                 

(X_U1.N3205042) -566.2100             (X_U1.N3205128) -566.2100                 

(X_U1.N3205956) -498.9500             (X_U1.N3205966) -498.9500                 

(X_U1.N3206052) -498.9500             (X_U1.N3206890) -439.6300                 

(X_U1.N3206900) -439.6300             (X_U1.N3206986) -439.6300                 

(X_U1.N3208573) -387.3200             (X_U1.N3208669) -387.3200                 

(X_U1.N3236810)    3.4298             (X_U1.N3236820)    3.4298                 

(X_U76.N110431)    1.6239             (X_U76.N112292)    2.8303                 

(X_U76.N317950)    1.9445             (X_U76.N406634)    3.8890                 

(X_U76.N406794) 1.947E-06             (X_U76.N749288)    3.6033                 

(X_U76.VCC_CLP)    3.0185             (X_U76.VEE_CLP)     .9964                 

(X_U76.X_E_N.3)    0.0000             (X_U76.X_E_N.4)    0.0000                 

(X_U76.X_E_N.5)    0.0000             (X_U76.X_E_N.6)    0.0000                 

(X_U76.X_E_N.7)     .8305             (X_U76.X_E_N.8)     .8305                 

(X_U1.N32898091) -826.9800            (X_U76.N1254860)   15.4820                

(X_U76.N1446199)    3.3006            (X_U76.N1446217)    3.3006                

(X_U76.N1461236)    1.5200            (X_U76.N1461246)    1.7149                

(X_U76.N1461252)    1.7198            (X_U76.N1481243)     .3422                

(X_U76.N1481253)    1.7148            (X_U76.N1481259)    1.7152                

(X_U76.N1483677)    4.1013            (X_U76.N1483687)    1.7150                

(X_U76.N1483693)    1.7124            (X_U76.N1483703)    1.7148                

(X_U76.N1483713)    1.7171            (X_U76.N1490067)    1.7150                

(X_U76.N1492098)    2.1395            (X_U76.N1492108)    1.9980                

(X_U76.N1492118)    1.9646            (X_U76.N1492126)    1.9646                

(X_U76.N1492376)    1.9646            (X_U76.N1534615)    7.3373                

(X_U76.N1534625)    1.9119            (X_U76.N1534635)    1.8886                

(X_U76.N1534645)    1.8886            (X_U76.N1534887)    1.8886                

(X_U76.N1541593)    5.6265            (X_U76.N1541603)    1.8519                

(X_U1.CLAW_CLAMP)    3.4461           (X_U76.X_I_NP1.3)    0.0000               

(X_U76.X_I_NP1.4)    0.0000           (X_U76.X_I_NP1.5)    0.0000               

(X_U76.X_I_NP1.6)    0.0000           (X_U76.X_I_NP1.7)     .8305               

(X_U76.X_I_NP1.8)     .8305           (X_U1.SW_OL_OPAx277)    4.3118            

(X_U76.X_VOS_VS_VCM.1)    3.6033      

Resuming Simulation with the following settings
ITL1 = 1000
RELTOL = 0.0086

Convergence problem in transient bias point calculation


  Last node voltages tried were:

 NODE   VOLTAGE     NODE   VOLTAGE     NODE   VOLTAGE     NODE   VOLTAGE


(  VCC)    0.0000  (  VEE)    0.0000  (N1102741)    0.0000                      

(N1102787)    0.0000                  (N1104729)    0.0000                      

(N1108948)    0.0000                  (N1109020)    0.0000                      

(N1109032)    0.0000                  (N1109040)    0.0000                      

(X_U1.MID)    0.0000                  (X_U1.V11)    0.0000                      

(X_U1.V12)    0.0000                  (X_U76.ZO)    0.0000                      

(X_U1.ESDN)    0.0000                 (X_U1.ESDP)    0.0000                     

(X_U1.VCLP)    0.0000                 (X_U76.MID)    0.0000                     

(X_U1.CLAMP)    0.0000                (X_U1.VCC_B)    0.0000                    

(X_U1.VEE_B)    0.0000                (X_U1.VIMON)    0.0000                    

(X_U76.CMRR)    0.0000                (X_U76.ESDN)    0.0000                    

(X_U76.ESDP)    0.0000                (X_U1.VOUT_S)    0.0000                   

(X_U1.VSENSE)    0.0000               (X_U1.X_U1.3)    0.0000                   

(X_U1.X_U1.4)    0.0000               (X_U1.X_U1.5)    0.0000                   

(X_U1.X_U1.6)    0.0000               (X_U1.X_U1.7)    0.0000                   

(X_U1.X_U1.8)    0.0000               (X_U76.CLAMP)    0.0000                   

(X_U76.PSRRN)    0.0000               (X_U76.PSRRP)    0.0000                   

(X_U76.VCC_B)    0.0000               (X_U76.VEE_B)    0.0000                   

(X_U76.VIMON)    0.0000               (X_U1.VCC_CLP)    0.0000                  

(X_U1.VEE_CLP)    0.0000              (X_U1.X_U39.3)    0.0000                  

(X_U1.X_U39.4)    0.0000              (X_U1.X_U39.5)    0.0000                  

(X_U1.X_U39.6)    0.0000              (X_U1.X_U39.7)    0.0000                  

(X_U1.X_U39.8)    0.0000              (X_U1.X_U40.3)    0.0000                  

(X_U1.X_U40.4)    0.0000              (X_U1.X_U40.5)    0.0000                  

(X_U1.X_U40.6)    0.0000              (X_U1.X_U40.7)    0.0000                  

(X_U1.X_U40.8)    0.0000              (X_U76.AOLNET)    0.0000                  

(X_U76.N06456)    0.0000              (X_U76.N10561)    0.0000                  

(X_U76.N10570)    0.0000              (X_U76.N11984)    0.0000                  

(X_U76.N11991)    0.0000              (X_U76.N25816)    0.0000                  

(X_U76.N28602)    0.0000              (X_U76.N30136)    0.0000                  

(X_U76.N30913)    0.0000              (X_U76.N31014)    0.0000                  

(X_U76.N35675)    0.0000              (X_U76.N35813)    0.0000                  

(X_U76.N38050)    0.0000              (X_U76.N38096)    0.0000                  

(X_U76.VOUT_S)    0.0000              (X_U76.X_U1.3)    0.0000                  

(X_U76.X_U1.4)    0.0000              (X_U76.X_U1.5)    0.0000                  

(X_U76.X_U1.6)    0.0000              (X_U76.X_U1.7)    0.0000                  

(X_U76.X_U1.8)    0.0000              (X_U1.CL_CLAMP)    0.0000                 

(X_U1.N2986935)    0.0000             (X_U1.N2986947)    0.0000                 

(X_U1.N2986949)    0.0000             (X_U1.N2986957)    0.0000                 

(X_U1.N2986973)    0.0000             (X_U1.N2986975)    0.0000                 

(X_U1.N2986977)    0.0000             (X_U1.N2986981)    0.0000                 

(X_U1.N2987013)    0.0000             (X_U1.N2987017)    0.0000                 

(X_U1.N2987029)    0.0000             (X_U1.N2987037)    0.0000                 

(X_U1.N2987051)    0.0000             (X_U1.N2987061)    0.0000                 

(X_U1.N2987123)    0.0000             (X_U1.N2987135)    0.0000                 

(X_U1.N2987157)    0.0000             (X_U1.N2987159)    0.0000                 

(X_U1.N2987201)    0.0000             (X_U1.N2987203)    0.0000                 

(X_U1.N2987205)    0.0000             (X_U1.N2987225)    0.0000                 

(X_U1.N2987231)    0.0000             (X_U1.N2987243)    0.0000                 

(X_U1.N2987295)    0.0000             (X_U1.N2987299)    0.0000                 

(X_U1.N2987301)    0.0000             (X_U1.N2987319)    0.0000                 

(X_U1.N2987325)    0.0000             (X_U1.N2987337)    0.0000                 

(X_U1.N2987363)    0.0000             (X_U1.N2987391)    0.0000                 

(X_U1.N2987395)    0.0000             (X_U1.N2987423)    0.0000                 

(X_U1.N2987427)    0.0000             (X_U1.N2987487)    0.0000                 

(X_U1.N2987493)    0.0000             (X_U1.N2987499)    0.0000                 

(X_U1.N2987541)    0.0000             (X_U1.N2987553)    0.0000                 

(X_U1.N2987623)    0.0000             (X_U1.N2987655)    0.0000                 

(X_U1.N2987675)    0.0000             (X_U1.N2987683)    0.0000                 

(X_U1.N2987687)    0.0000             (X_U1.N2987711)    0.0000                 

(X_U1.N2987719)    0.0000             (X_U1.N2987763)    0.0000                 

(X_U1.N2987785)    0.0000             (X_U1.N2987801)    0.0000                 

(X_U1.N3108745)    0.0000             (X_U1.N3108755)    0.0000                 

(X_U1.N3108879)    0.0000             (X_U1.N3108917)    0.0000                 

(X_U1.N3108949)    0.0000             (X_U1.N3109015)    0.0000                 

(X_U1.N3116457)    0.0000             (X_U1.N3116503)    0.0000                 

(X_U1.N3116515)    0.0000             (X_U1.N3116609)    0.0000                 

(X_U1.N3116619)    0.0000             (X_U1.N3116655)    0.0000                 

(X_U1.N3116665)    0.0000             (X_U1.N3116675)    0.0000                 

(X_U1.N3116685)    0.0000             (X_U1.N3116957)    0.0000                 

(X_U1.N3117239)    0.0000             (X_U1.N3126023)    0.0000                 

(X_U1.N3128929)    0.0000             (X_U1.N3130349)    0.0000                 

(X_U1.N3130359)    0.0000             (X_U1.N3202117)    0.0000                 

(X_U1.N3202127)    0.0000             (X_U1.N3202213)    0.0000                 

(X_U1.N3204124)    0.0000             (X_U1.N3204134)    0.0000                 

(X_U1.N3204220)    0.0000             (X_U1.N3205032)    0.0000                 

(X_U1.N3205042)    0.0000             (X_U1.N3205128)    0.0000                 

(X_U1.N3205956)    0.0000             (X_U1.N3205966)    0.0000                 

(X_U1.N3206052)    0.0000             (X_U1.N3206890)    0.0000                 

(X_U1.N3206900)    0.0000             (X_U1.N3206986)    0.0000                 

(X_U1.N3208573)    0.0000             (X_U1.N3208669)    0.0000                 

(X_U1.N3236810)    0.0000             (X_U1.N3236820)    0.0000                 

(X_U76.N110431)    0.0000             (X_U76.N112292)    0.0000                 

(X_U76.N317950)    0.0000             (X_U76.N406634)    0.0000                 

(X_U76.N406794)    0.0000             (X_U76.N749288)    0.0000                 

(X_U76.VCC_CLP)    0.0000             (X_U76.VEE_CLP)    0.0000                 

(X_U76.X_E_N.3)    0.0000             (X_U76.X_E_N.4)    0.0000                 

(X_U76.X_E_N.5)    0.0000             (X_U76.X_E_N.6)    0.0000                 

(X_U76.X_E_N.7)    0.0000             (X_U76.X_E_N.8)    0.0000                 

(X_U1.N32898091)    0.0000            (X_U76.N1254860)    0.0000                

(X_U76.N1446199)    0.0000            (X_U76.N1446217)    0.0000                

(X_U76.N1461236)    0.0000            (X_U76.N1461246)    0.0000                

(X_U76.N1461252)    0.0000            (X_U76.N1481243)    0.0000                

(X_U76.N1481253)    0.0000            (X_U76.N1481259)    0.0000                

(X_U76.N1483677)    0.0000            (X_U76.N1483687)    0.0000                

(X_U76.N1483693)    0.0000            (X_U76.N1483703)    0.0000                

(X_U76.N1483713)    0.0000            (X_U76.N1490067)    0.0000                

(X_U76.N1492098)    0.0000            (X_U76.N1492108)    0.0000                

(X_U76.N1492118)    0.0000            (X_U76.N1492126)    0.0000                

(X_U76.N1492376)    0.0000            (X_U76.N1534615)    0.0000                

(X_U76.N1534625)    0.0000            (X_U76.N1534635)    0.0000                

(X_U76.N1534645)    0.0000            (X_U76.N1534887)    0.0000                

(X_U76.N1541593)    0.0000            (X_U76.N1541603)    0.0000                

(X_U1.CLAW_CLAMP)    0.0000           (X_U76.X_I_NP1.3)    0.0000               

(X_U76.X_I_NP1.4)    0.0000           (X_U76.X_I_NP1.5)    0.0000               

(X_U76.X_I_NP1.6)    0.0000           (X_U76.X_I_NP1.7)    0.0000               

(X_U76.X_I_NP1.8)    0.0000           (X_U1.SW_OL_OPAx277)    0.0000            

(X_U76.X_VOS_VS_VCM.1)    0.0000      


          JOB ABORTED

**** 04/05/25 16:09:51 *** PSpice 24.1.0 (26 February 2025) *** ID# 0 ********

 ** Profile: "SCHEMATIC1-asfawr"  [ c:\users\user\appdata\roaming\spb_data\cdssetup\workspace\projects\fweqfrawe\fweqfrawe-pspicefile


 ****     JOB STATISTICS SUMMARY


******************************************************************************



  Total job time (using Solver 1)   =       50.94
