Data Structures for Stress Analysis Run : Tue Apr  1 20:52:55 2025


CMaxStruct --->
devName = C
devType = CAP
topLevelRefDes = C228
refDes = C228
spiceDesig = C
scaldPath = C228
simTemp = 27
simTime = 1e-06
        CMaxParam ------>
        keyword = CV
        description = Maximum voltage
        maxOpStatus = 100
        maxOpValue = 50
        maxOpMask = 7
        errorLevel = 0
        peakDeratedMax = 50
        averageDeratedMax = 50
        rmsDeratedMax = 50
        peak = 160
        average = 160
        rms = 160
        peakPercent = 320
        averagePercent = 320
        rmsPercent = 320
        node1Index = -1
        node1 = 1
        node2Index = -1
        node2 = 2
        currentIndex = -1
        lastValue = 0
        CMaxParam ------>
        keyword = CI
        description = Maximum current
        maxOpStatus = 100
        maxOpValue = 1
        maxOpMask = 7
        errorLevel = 0
        peakDeratedMax = 1
        averageDeratedMax = 1
        rmsDeratedMax = 1
        peak = 0
        average = 0
        rms = 0
        peakPercent = 0
        averagePercent = 0
        rmsPercent = 0
        node1Index = -1
        node2Index = -1
        currentIndex = 0
        portName = 1
        lastValue = 0
CMaxStruct --->
devName = C
devType = CAP
topLevelRefDes = C229
refDes = C229
spiceDesig = C
scaldPath = C229
simTemp = 27
simTime = 1e-06
        CMaxParam ------>
        keyword = CV
        description = Maximum voltage
        maxOpStatus = 100
        maxOpValue = 50
        maxOpMask = 7
        errorLevel = 0
        peakDeratedMax = 50
        averageDeratedMax = 50
        rmsDeratedMax = 50
        peak = 5.01345
        average = 5.01345
        rms = 5.01345
        peakPercent = 10.0269
        averagePercent = 10.0269
        rmsPercent = 10.0269
        node1Index = -1
        node1 = 1
        node2Index = -1
        node2 = 2
        currentIndex = -1
        lastValue = 0
        CMaxParam ------>
        keyword = CI
        description = Maximum current
        maxOpStatus = 100
        maxOpValue = 1
        maxOpMask = 7
        errorLevel = 0
        peakDeratedMax = 1
        averageDeratedMax = 1
        rmsDeratedMax = 1
        peak = 2.94165e-12
        average = 2.86395e-12
        rms = 2.86813e-12
        peakPercent = 2.94165e-10
        averagePercent = 2.86393e-10
        rmsPercent = 2.86815e-10
        node1Index = -1
        node2Index = -1
        currentIndex = 0
        portName = 1
        lastValue = 0
CMaxStruct --->
devName = R
devType = RES
topLevelRefDes = R133
refDes = R133
spiceDesig = R
scaldPath = R133
simTemp = 27
simTime = 1e-06
        CMaxParam ------>
        keyword = PDM
        description = Maximum power dissipation
        maxOpStatus = 100
        maxOpValue = 0.25
        maxOpMask = 6
        errorLevel = 0
        peakDeratedMax = 0.156198
        averageDeratedMax = 0.156198
        rmsDeratedMax = 0.156198
        peak = 0.0600521
        average = 0.0600521
        rms = 0.0600521
        peakPercent = 38.4461
        averagePercent = 38.4461
        rmsPercent = 38.4461
        node1Index = -1
        node2Index = -1
        currentIndex = -1
        lastValue = 0
        CMaxParam ------>
        keyword = RV
        description = Maximum voltage
        maxOpStatus = 101
        maxOpValue = 1e+35
        maxOpMask = 7
        errorLevel = 1
        peakDeratedMax = 1e+35
        averageDeratedMax = 1e+35
        rmsDeratedMax = 1e+35
        peak = -1e+100
        average = 0
        rms = 0
        peakPercent = 0
        averagePercent = 0
        rmsPercent = 0
        node1Index = -1
        node1 = 1
        node2Index = -1
        node2 = 2
        currentIndex = -1
        lastValue = 0
        CMaxParam ------>
        keyword = TB
        description = Maximum breakdown temperature
        maxOpStatus = 100
        maxOpValue = 200
        maxOpMask = 3
        errorLevel = 0
        peakDeratedMax = 200
        averageDeratedMax = 200
        rmsDeratedMax = 200
        peak = 75.0417
        average = 75.0417
        rms = 75.0417
        peakPercent = 37.5208
        averagePercent = 37.5208
        rmsPercent = 37.5208
        node1Index = -1
        node2Index = -1
        currentIndex = -1
        lastValue = 0
CMaxStruct --->
devName = R
devType = RES
topLevelRefDes = R134
refDes = R134
spiceDesig = R
scaldPath = R134
simTemp = 27
simTime = 1e-06
        CMaxParam ------>
        keyword = PDM
        description = Maximum power dissipation
        maxOpStatus = 100
        maxOpValue = 0.25
        maxOpMask = 6
        errorLevel = 0
        peakDeratedMax = 0.21595
        averageDeratedMax = 0.21595
        rmsDeratedMax = 0.21595
        peak = 0.00030026
        average = 0.00030026
        rms = 0.00030026
        peakPercent = 0.139042
        averagePercent = 0.139042
        rmsPercent = 0.139042
        node1Index = -1
        node2Index = -1
        currentIndex = -1
        lastValue = 0
        CMaxParam ------>
        keyword = RV
        description = Maximum voltage
        maxOpStatus = 101
        maxOpValue = 1e+35
        maxOpMask = 7
        errorLevel = 1
        peakDeratedMax = 1e+35
        averageDeratedMax = 1e+35
        rmsDeratedMax = 1e+35
        peak = -1e+100
        average = 0
        rms = 0
        peakPercent = 0
        averagePercent = 0
        rmsPercent = 0
        node1Index = -1
        node1 = 1
        node2Index = -1
        node2 = 2
        currentIndex = -1
        lastValue = 0
        CMaxParam ------>
        keyword = TB
        description = Maximum breakdown temperature
        maxOpStatus = 100
        maxOpValue = 200
        maxOpMask = 3
        errorLevel = 0
        peakDeratedMax = 200
        averageDeratedMax = 200
        rmsDeratedMax = 200
        peak = 27.2402
        average = 27.2402
        rms = 27.2402
        peakPercent = 13.6201
        averagePercent = 13.6201
        rmsPercent = 13.6201
        node1Index = -1
        node2Index = -1
        currentIndex = -1
        lastValue = 0
CMaxStruct --->
devName = awb1n749a
devType = DIODE
topLevelRefDes = D4
refDes = D4
spiceDesig = X
scaldPath = D4
simTemp = 27
simTime = 1e-06
        CMaxParam ------>
        keyword = IF
        description = Max Forward Current
        maxOpStatus = 101
        maxOpValue = 1e+35
        maxOpMask = 3
        errorLevel = 1
        peakDeratedMax = 1e+35
        averageDeratedMax = 1e+35
        rmsDeratedMax = 1e+35
        peak = -1e+100
        average = 0
        rms = 0
        peakPercent = 0
        averagePercent = 0
        rmsPercent = 0
        node1Index = -1
        node2Index = -1
        currentIndex = 0
        portName = AN
        lastValue = 0
        CMaxParam ------>
        keyword = IRMX
        description = Max Reverse Current
        maxOpStatus = 100
        maxOpValue = 0.085
        maxOpMask = 1
        errorLevel = 0
        peakDeratedMax = 0.085
        averageDeratedMax = 0.085
        rmsDeratedMax = 0.085
        peak = 0.000387466
        average = 0.000387466
        rms = 0.000387466
        peakPercent = 0.455843
        averagePercent = 0.455843
        rmsPercent = 0.455843
        node1Index = -1
        node2Index = -1
        currentIndex = 0
        portName = AN
        lastValue = 0
        CMaxParam ------>
        keyword = PDM
        description = Maximum power dissipation
        maxOpStatus = 100
        maxOpValue = 0.4
        maxOpMask = 6
        errorLevel = 0
        peakDeratedMax = 0.4
        averageDeratedMax = 0.4
        rmsDeratedMax = 0.4
        peak = 0.00164228
        average = 0.00164228
        rms = 0.00164228
        peakPercent = 0.410571
        averagePercent = 0.410571
        rmsPercent = 0.410571
        node1Index = -1
        node2Index = -1
        currentIndex = -1
        lastValue = 0
        CMaxParam ------>
        keyword = TJ
        description = Maximum junction temperature
        maxOpStatus = 100
        maxOpValue = 175
        maxOpMask = 3
        errorLevel = 0
        peakDeratedMax = 175
        averageDeratedMax = 175
        rmsDeratedMax = 175
        peak = 27.4927
        average = 27.4927
        rms = 27.4927
        peakPercent = 15.7101
        averagePercent = 15.7101
        rmsPercent = 15.7101
        node1Index = -1
        node2Index = -1
        currentIndex = -1
        lastValue = 0
CMaxStruct --->
devName = C
devType = CAP
topLevelRefDes = C237
refDes = C237
spiceDesig = C
scaldPath = C237
simTemp = 27
simTime = 1e-06
        CMaxParam ------>
        keyword = CV
        description = Maximum voltage
        maxOpStatus = 103
        maxOpValue = 50
        maxOpMask = 7
        errorLevel = 3
        peakDeratedMax = 50
        averageDeratedMax = 50
        rmsDeratedMax = 50
        peak = 0
        average = 0
        rms = 0
        peakPercent = 0
        averagePercent = 0
        rmsPercent = 0
        node1Index = -1
        node1 = 1
        node2Index = -1
        node2 = 2
        currentIndex = -1
        lastValue = 0
        CMaxParam ------>
        keyword = CI
        description = Maximum current
        maxOpStatus = 103
        maxOpValue = 1
        maxOpMask = 7
        errorLevel = 3
        peakDeratedMax = 1
        averageDeratedMax = 1
        rmsDeratedMax = 1
        peak = 0
        average = 0
        rms = 0
        peakPercent = 0
        averagePercent = 0
        rmsPercent = 0
        node1Index = -1
        node2Index = -1
        currentIndex = 0
        portName = 1
        lastValue = 0
CMaxStruct --->
devName = C
devType = CAP
topLevelRefDes = C238
refDes = C238
spiceDesig = C
scaldPath = C238
simTemp = 27
simTime = 1e-06
        CMaxParam ------>
        keyword = CV
        description = Maximum voltage
        maxOpStatus = 103
        maxOpValue = 50
        maxOpMask = 7
        errorLevel = 3
        peakDeratedMax = 50
        averageDeratedMax = 50
        rmsDeratedMax = 50
        peak = 0
        average = 0
        rms = 0
        peakPercent = 0
        averagePercent = 0
        rmsPercent = 0
        node1Index = -1
        node1 = 1
        node2Index = -1
        node2 = 2
        currentIndex = -1
        lastValue = 0
        CMaxParam ------>
        keyword = CI
        description = Maximum current
        maxOpStatus = 103
        maxOpValue = 1
        maxOpMask = 7
        errorLevel = 3
        peakDeratedMax = 1
        averageDeratedMax = 1
        rmsDeratedMax = 1
        peak = 0
        average = 0
        rms = 0
        peakPercent = 0
        averagePercent = 0
        rmsPercent = 0
        node1Index = -1
        node2Index = -1
        currentIndex = 0
        portName = 1
        lastValue = 0
CMaxStruct --->
devName = C
devType = CAP
topLevelRefDes = C239
refDes = C239
spiceDesig = C
scaldPath = C239
simTemp = 27
simTime = 1e-06
        CMaxParam ------>
        keyword = CV
        description = Maximum voltage
        maxOpStatus = 103
        maxOpValue = 50
        maxOpMask = 7
        errorLevel = 3
        peakDeratedMax = 50
        averageDeratedMax = 50
        rmsDeratedMax = 50
        peak = 0
        average = 0
        rms = 0
        peakPercent = 0
        averagePercent = 0
        rmsPercent = 0
        node1Index = -1
        node1 = 1
        node2Index = -1
        node2 = 2
        currentIndex = -1
        lastValue = 0
        CMaxParam ------>
        keyword = CI
        description = Maximum current
        maxOpStatus = 103
        maxOpValue = 1
        maxOpMask = 7
        errorLevel = 3
        peakDeratedMax = 1
        averageDeratedMax = 1
        rmsDeratedMax = 1
        peak = 0
        average = 0
        rms = 0
        peakPercent = 0
        averagePercent = 0
        rmsPercent = 0
        node1Index = -1
        node2Index = -1
        currentIndex = 0
        portName = 1
        lastValue = 0
CMaxStruct --->
devName = C
devType = CAP
topLevelRefDes = C240
refDes = C240
spiceDesig = C
scaldPath = C240
simTemp = 27
simTime = 1e-06
        CMaxParam ------>
        keyword = CV
        description = Maximum voltage
        maxOpStatus = 103
        maxOpValue = 50
        maxOpMask = 7
        errorLevel = 3
        peakDeratedMax = 50
        averageDeratedMax = 50
        rmsDeratedMax = 50
        peak = 0
        average = 0
        rms = 0
        peakPercent = 0
        averagePercent = 0
        rmsPercent = 0
        node1Index = -1
        node1 = 1
        node2Index = -1
        node2 = 2
        currentIndex = -1
        lastValue = 0
        CMaxParam ------>
        keyword = CI
        description = Maximum current
        maxOpStatus = 103
        maxOpValue = 1
        maxOpMask = 7
        errorLevel = 3
        peakDeratedMax = 1
        averageDeratedMax = 1
        rmsDeratedMax = 1
        peak = 0
        average = 0
        rms = 0
        peakPercent = 0
        averagePercent = 0
        rmsPercent = 0
        node1Index = -1
        node2Index = -1
        currentIndex = 0
        portName = 1
        lastValue = 0
CMaxStruct --->
devName = C
devType = CAP
topLevelRefDes = C242
refDes = C242
spiceDesig = C
scaldPath = C242
simTemp = 27
simTime = 1e-06
        CMaxParam ------>
        keyword = CV
        description = Maximum voltage
        maxOpStatus = 103
        maxOpValue = 50
        maxOpMask = 7
        errorLevel = 3
        peakDeratedMax = 50
        averageDeratedMax = 50
        rmsDeratedMax = 50
        peak = 0
        average = 0
        rms = 0
        peakPercent = 0
        averagePercent = 0
        rmsPercent = 0
        node1Index = -1
        node1 = 1
        node2Index = -1
        node2 = 2
        currentIndex = -1
        lastValue = 0
        CMaxParam ------>
        keyword = CI
        description = Maximum current
        maxOpStatus = 103
        maxOpValue = 1
        maxOpMask = 7
        errorLevel = 3
        peakDeratedMax = 1
        averageDeratedMax = 1
        rmsDeratedMax = 1
        peak = 0
        average = 0
        rms = 0
        peakPercent = 0
        averagePercent = 0
        rmsPercent = 0
        node1Index = -1
        node2Index = -1
        currentIndex = 0
        portName = 1
        lastValue = 0
CMaxStruct --->
devName = C
devType = CAP
topLevelRefDes = C241
refDes = C241
spiceDesig = C
scaldPath = C241
simTemp = 27
simTime = 1e-06
        CMaxParam ------>
        keyword = CV
        description = Maximum voltage
        maxOpStatus = 103
        maxOpValue = 50
        maxOpMask = 7
        errorLevel = 3
        peakDeratedMax = 50
        averageDeratedMax = 50
        rmsDeratedMax = 50
        peak = 0
        average = 0
        rms = 0
        peakPercent = 0
        averagePercent = 0
        rmsPercent = 0
        node1Index = -1
        node1 = 1
        node2Index = -1
        node2 = 2
        currentIndex = -1
        lastValue = 0
        CMaxParam ------>
        keyword = CI
        description = Maximum current
        maxOpStatus = 103
        maxOpValue = 1
        maxOpMask = 7
        errorLevel = 3
        peakDeratedMax = 1
        averageDeratedMax = 1
        rmsDeratedMax = 1
        peak = 0
        average = 0
        rms = 0
        peakPercent = 0
        averagePercent = 0
        rmsPercent = 0
        node1Index = -1
        node2Index = -1
        currentIndex = 0
        portName = 1
        lastValue = 0
CMaxStruct --->
devName = C
devType = CAP
topLevelRefDes = C244
refDes = C244
spiceDesig = C
scaldPath = C244
simTemp = 27
simTime = 1e-06
        CMaxParam ------>
        keyword = CV
        description = Maximum voltage
        maxOpStatus = 103
        maxOpValue = 50
        maxOpMask = 7
        errorLevel = 3
        peakDeratedMax = 50
        averageDeratedMax = 50
        rmsDeratedMax = 50
        peak = 0
        average = 0
        rms = 0
        peakPercent = 0
        averagePercent = 0
        rmsPercent = 0
        node1Index = -1
        node1 = 1
        node2Index = -1
        node2 = 2
        currentIndex = -1
        lastValue = 0
        CMaxParam ------>
        keyword = CI
        description = Maximum current
        maxOpStatus = 103
        maxOpValue = 1
        maxOpMask = 7
        errorLevel = 3
        peakDeratedMax = 1
        averageDeratedMax = 1
        rmsDeratedMax = 1
        peak = 0
        average = 0
        rms = 0
        peakPercent = 0
        averagePercent = 0
        rmsPercent = 0
        node1Index = -1
        node2Index = -1
        currentIndex = 0
        portName = 1
        lastValue = 0
CMaxStruct --->
devName = R
devType = RES
topLevelRefDes = R144
refDes = R144
spiceDesig = R
scaldPath = R144
simTemp = 27
simTime = 1e-06
        CMaxParam ------>
        keyword = PDM
        description = Maximum power dissipation
        maxOpStatus = 103
        maxOpValue = 0.25
        maxOpMask = 6
        errorLevel = 3
        peakDeratedMax = 0.25
        averageDeratedMax = 0.25
        rmsDeratedMax = 0.25
        peak = 0
        average = 0
        rms = 0
        peakPercent = 0
        averagePercent = 0
        rmsPercent = 0
        node1Index = -1
        node2Index = -1
        currentIndex = -1
        lastValue = 0
        CMaxParam ------>
        keyword = RV
        description = Maximum voltage
        maxOpStatus = 101
        maxOpValue = 1e+35
        maxOpMask = 7
        errorLevel = 1
        peakDeratedMax = 1e+35
        averageDeratedMax = 1e+35
        rmsDeratedMax = 1e+35
        peak = -1e+100
        average = 0
        rms = 0
        peakPercent = 0
        averagePercent = 0
        rmsPercent = 0
        node1Index = -1
        node1 = 1
        node2Index = -1
        node2 = 2
        currentIndex = -1
        lastValue = 0
        CMaxParam ------>
        keyword = TB
        description = Maximum breakdown temperature
        maxOpStatus = 100
        maxOpValue = 200
        maxOpMask = 3
        errorLevel = 0
        peakDeratedMax = 200
        averageDeratedMax = 200
        rmsDeratedMax = 200
        peak = 27
        average = 27
        rms = 27
        peakPercent = 13.5
        averagePercent = 13.5
        rmsPercent = 13.5
        node1Index = -1
        node2Index = -1
        currentIndex = -1
        lastValue = 0
