
**** 03/31/25 16:53:15 *** PSpice 24.1.0 (26 February 2025) *** ID# 0 ********

 ** Profile: "SCHEMATIC1-t123123"  [ c:\users\user\appdata\roaming\spb_data\cdssetup\workspace\projects\tia\tia-PSpiceFiles\SCHEMATIC


 ****     CIRCUIT DESCRIPTION


******************************************************************************




** Creating circuit file "t123123.cir" 
** WARNING: THIS AUTOMATICALLY GENERATED FILE MAY BE OVERWRITTEN BY SUBSEQUENT SIMULATIONS

*Libraries: 
* Profile Libraries :
* Local Libraries :
* From [PSPICE NETLIST] section of C:\Users\user\AppData\Roaming\SPB_Data\cdssetup\OrCAD_PSpice\24.1.0\PSpice.ini file:
.lib "C:\Cadence\OrCADX_24.1\tools\capture\library\opa695_a.lib" 
.lib "C:\Cadence\OrCADX_24.1\tools\capture\library\opa856_a.lib" 
.lib "C:\Cadence\OrCADX_24.1\tools\capture\library\tlv3604.lib" 
.lib "C:\Cadence\OrCADX_24.1\tools\capture\library\OPAx277.LIB" 
.lib "C:\Cadence\OrCADX_24.1\tools\capture\library\opa855_a.lib" 
.lib "nom.lib" 

*Analysis directives: 
.TRAN  0 1000ns 0 
.OPTIONS ADVCONV
.PROBE64 V(alias(*)) I(alias(*)) W(alias(*)) D(alias(*)) NOISE(alias(*)) 
.INC "..\SCHEMATIC1.net" 



**** INCLUDING SCHEMATIC1.net ****
* source TIA
V_V2         0 -5 5
V_V1         5 0 5
X_U2         0 N1077846 5 -5 N1077839 OPA855
R_R150         N1077846 N1077839  200 TC=0,0 

**** RESUMING t123123.cir ****
.END

**** 03/31/25 16:53:15 *** PSpice 24.1.0 (26 February 2025) *** ID# 0 ********

 ** Profile: "SCHEMATIC1-t123123"  [ c:\users\user\appdata\roaming\spb_data\cdssetup\workspace\projects\tia\tia-PSpiceFiles\SCHEMATIC


 ****     Diode MODEL PARAMETERS


******************************************************************************




               X_U2.X_E_N.DVN  X_U2.X_I_NP1.DNVF               X_U2.X_U1.DNVF  
          IS  100.000000E-18  100.000000E-18                  100.000000E-18 
          KF  316.227800E-12  316.227800E-12                  316.227800E-12 


**** 03/31/25 16:53:15 *** PSpice 24.1.0 (26 February 2025) *** ID# 0 ********

 ** Profile: "SCHEMATIC1-t123123"  [ c:\users\user\appdata\roaming\spb_data\cdssetup\workspace\projects\tia\tia-PSpiceFiles\SCHEMATIC


 ****     Resistor MODEL PARAMETERS


******************************************************************************




               X_U2.R_NOISELESS 
  T_Measured   27            
   T_Current -273.15         
           R    1            


**** 03/31/25 16:53:15 *** PSpice 24.1.0 (26 February 2025) *** ID# 0 ********

 ** Profile: "SCHEMATIC1-t123123"  [ c:\users\user\appdata\roaming\spb_data\cdssetup\workspace\projects\tia\tia-PSpiceFiles\SCHEMATIC


 ****     Voltage Controlled Switch MODEL PARAMETERS


******************************************************************************




               X_U2.X_ESD_OUT.ESD_SW           X_U2.X_S1._S1   X_U2.X_S2._S2   
         RON   50                               1.000000E-03    1.000000E-03 
        ROFF    1.000000E+12                   20.000000E+03   20.000000E+03 
         VON     .5                              .8              .8          
        VOFF     .45                            -.6             -.4          


**** 03/31/25 16:53:15 *** PSpice 24.1.0 (26 February 2025) *** ID# 0 ********

 ** Profile: "SCHEMATIC1-t123123"  [ c:\users\user\appdata\roaming\spb_data\cdssetup\workspace\projects\tia\tia-PSpiceFiles\SCHEMATIC


 ****     INITIAL TRANSIENT SOLUTION       TEMPERATURE =   27.000 DEG C


******************************************************************************



 NODE   VOLTAGE     NODE   VOLTAGE     NODE   VOLTAGE     NODE   VOLTAGE


(    5)    5.0000  (   -5)   -5.0000  (X_U2.ZO)    5.0000                       

(N1077839)   11.6440                  (N1077846)   11.1930                      

(X_U2.MID)    3.3219                  (X_U2.CMRR)    3.3219                     

(X_U2.ESDN)   11.1930                 (X_U2.ESDP) 22.28E-06                     

(X_U2.CLAMP)    3.3219                (X_U2.PSRRN)    3.3212                    

(X_U2.PSRRP)    3.3215                (X_U2.VCC_B)   -5.0000                    

(X_U2.VEE_B)   11.6440                (X_U2.VIMON) -119.1100                    

(X_U2.AOLNET)    3.8219               (X_U2.N06456) 22.28E-06                   

(X_U2.N10561) 72.28E-06               (X_U2.N10570) 39.28E-06                   

(X_U2.N11984) 39.28E-06               (X_U2.N11991)   11.1930                   

(X_U2.N25816) 318.4E-06               (X_U2.N28602)   12.7440                   

(X_U2.N30136)   -5.4000               (X_U2.N30913) 318.4E-06                   

(X_U2.N31014) 318.4E-06               (X_U2.N35675)   -8.4000                   

(X_U2.N35813)   -8.4000               (X_U2.N38050)   15.0440                   

(X_U2.N38096)   15.0440               (X_U2.VOUT_S)    5.0000                   

(X_U2.X_U1.3)    0.0000               (X_U2.X_U1.4)    0.0000                   

(X_U2.X_U1.5)    0.0000               (X_U2.X_U1.6)    0.0000                   

(X_U2.X_U1.7)     .8338               (X_U2.X_U1.8)     .8338                   

(X_U2.N110431) -119.1100              (X_U2.N112292)    5.0000                  

(X_U2.N317950)    3.3219              (X_U2.N406634)   -5.0000                  

(X_U2.N406794)   11.6440              (X_U2.N749288)-377.7E-06                  

(X_U2.VCC_CLP)   -8.4000              (X_U2.VEE_CLP)   15.0440                  

(X_U2.X_E_N.3)    0.0000              (X_U2.X_E_N.4)    0.0000                  

(X_U2.X_E_N.5)    0.0000              (X_U2.X_E_N.6)    0.0000                  

(X_U2.X_E_N.7)     .8338              (X_U2.X_E_N.8)     .8338                  

(X_U2.N1254860) -149.6200             (X_U2.N1446199)    3.3219                 

(X_U2.N1446217)    3.3219             (X_U2.N1461236)    3.7106                 

(X_U2.N1461246)    3.3220             (X_U2.N1461252)    3.3109                 

(X_U2.N1481243)    9.2798             (X_U2.N1481253)    3.3224                 

(X_U2.N1481259)    3.3204             (X_U2.N1483677)   -9.8088                 

(X_U2.N1483687)    3.3212             (X_U2.N1483693)    3.3374                 

(X_U2.N1483703)    3.3227             (X_U2.N1483713)    3.3065                 

(X_U2.N1490067)    3.3215             (X_U2.N1492098)     .8049                 

(X_U2.N1492108)    1.6439             (X_U2.N1492118)    1.6439                 

(X_U2.N1492126)    1.6439             (X_U2.N1492376)    1.6439                 

(X_U2.N1534615)  -39.5280             (X_U2.N1534625)    1.8210                 

(X_U2.N1534635)    1.8210             (X_U2.N1534645)    1.8210                 

(X_U2.N1534887)    1.8210             (X_U2.N1541593)  -35.0060                 

(X_U2.N1541603)    1.9794             (X_U2.X_I_NP1.3)    0.0000                

(X_U2.X_I_NP1.4)    0.0000            (X_U2.X_I_NP1.5)    0.0000                

(X_U2.X_I_NP1.6)    0.0000            (X_U2.X_I_NP1.7)     .8338                

(X_U2.X_I_NP1.8)     .8338            (X_U2.X_VOS_VS_VCM.1)-377.7E-06       




    VOLTAGE SOURCE CURRENTS
    NAME         CURRENT

    V_V2        -1.873E-01
    V_V1        -1.896E-01
    X_U2.V_VCM_MAX   8.722E-09
    X_U2.V_VCM_MIN  -9.422E-09
    X_U2.X_H3.VH_H3   1.224E-01
    X_U2.X_VOS_VS_VCM.V1   1.142E-18

    TOTAL POWER DISSIPATION   1.88E+00  WATTS



          JOB CONCLUDED

**** 03/31/25 16:53:15 *** PSpice 24.1.0 (26 February 2025) *** ID# 0 ********

 ** Profile: "SCHEMATIC1-t123123"  [ c:\users\user\appdata\roaming\spb_data\cdssetup\workspace\projects\tia\tia-PSpiceFiles\SCHEMATIC


 ****     JOB STATISTICS SUMMARY


******************************************************************************



  Total job time (using Solver 1)   =         .06
