(---------------------------------------------------------------------)
(                                                                     )
(    Allegro Netrev Import Logic                                      )
(                                                                     )
(    Drawing          : auto_backup.brd                               )
(    Software Version : 24.1S003                                      )
(    Date/Time        : Fri Apr 11 21:05:32 2025                      )
(                                                                     )
(---------------------------------------------------------------------)


------ Directives ------------

Ripup etch:                  No
Ripup delete first segment:  No
Ripup retain bondwire:       No
Ripup symbols:               Always
Missing symbol has error:    No
DRC update:                  Yes
Schematic directory:         '.'
Design Directory:            'C:/Users/sky94/AppData/Roaming/SPB_Data/cdssetup/workspace/projects/lidar_pcb/allegro'
Old design name:             'C:/Users/sky94/AppData/Roaming/SPB_Data/cdssetup/workspace/projects/lidar_pcb/allegro/auto_backup.brd'
New design name:             'C:/Users/sky94/AppData/Roaming/SPB_Data/cdssetup/workspace/projects/lidar_pcb/allegro/auto_backup.brd'

CmdLine: netrev -i . -y 1 -q netrev_constraint_report.xml C:/Users/sky94/AppData/Roaming/SPB_Data/cdssetup/workspace/projects/lidar_pcb/allegro/#Taaaafu08112.tmp

------ Preparing to read pst files ------

Starting to read ./pstchip.dat 
   Finished reading ./pstchip.dat (00:00:00.35)
Starting to read ./pstxprt.dat 
   Finished reading ./pstxprt.dat (00:00:00.00)
Starting to read ./pstxnet.dat 
   Finished reading ./pstxnet.dat (00:00:00.00)

------ Oversights/Warnings/Errors ------




===========================================================
Start Constraint Diff3 Import
	Constraint File:    ./pstcmdb.dat
	Allegro Baseline:   C:/Users/sky94/AppData/Local/Temp/#Taaaaam14140.tmp
	Start time: Fri Apr 11 21:05:32 2025
===========================================================
WARNING: User has chosen to continue and NOT update ANY constraints between schematic and layout.
         Based on the constraint difference report, manually update the necessary changes.

===========================================================
Finished Constraint Update	Time: Fri Apr 11 21:05:37 2025
===========================================================

------ Library Paths ------
MODULEPATH =  . 
           c:/cadence/orcadx_24.1/share/local/pcb/modules 

PSMPATH =  . 
           symbols 
           .. 
           ../symbols 
           C:/Cadence/OrCADX_24.1/share/orApps/OrCaptureApp/../../../share/local/pcb/symbols 
           C:/Cadence/OrCADX_24.1/share/orApps/OrCaptureApp/../../../share/pcb/pcb_lib/symbols 
           C:/Cadence/OrCADX_24.1/share/orApps/OrCaptureApp/../../../share/pcb/allegrolib/symbols 
           C:/Users/sky94/AppData/Roaming/SPB_Data/cdssetup/OrCAD_Capture/24.1.0/downloaded_parts/allegropcb 
           C:/Users/sky94/AppData/Roaming/SPB_Data/cdssetup/workspace/libraries/footprints 
           C:/Users/sky94/AppData/Roaming/SPB_Data/cdssetup/workspace/libraries/footprints/downloads 
           C:/Users/sky94/AppData/Roaming/SPB_Data/cdssetup/workspace 

PADPATH =  . 
           symbols 
           .. 
           ../symbols 
           C:/Cadence/OrCADX_24.1/share/orApps/OrCaptureApp/../../../share/local/pcb/padstacks 
           C:/Cadence/OrCADX_24.1/share/orApps/OrCaptureApp/../../../share/pcb/pcb_lib/symbols 
           C:/Cadence/OrCADX_24.1/share/orApps/OrCaptureApp/../../../share/pcb/allegrolib/symbols 
           C:/Users/sky94/AppData/Roaming/SPB_Data/cdssetup/OrCAD_Capture/24.1.0/downloaded_parts/allegropcb 
           C:/Users/sky94/AppData/Roaming/SPB_Data/cdssetup/workspace/libraries/footprints 
           C:/Users/sky94/AppData/Roaming/SPB_Data/cdssetup/workspace/libraries/footprints/downloads 
           C:/Users/sky94/AppData/Roaming/SPB_Data/cdssetup/workspace 


------ Summary Statistics ------


netrev run on Apr 11 21:05:31 2025
   DESIGN NAME : 'LIDAR_PCB'
   PACKAGING ON Mar  6 2025 10:16:32

   COMPILE 'logic'
   CHECK_PIN_NAMES OFF
   CROSS_REFERENCE OFF
   FEEDBACK OFF
   INCREMENTAL OFF
   INTERFACE_TYPE PHYSICAL
   MAX_ERRORS 500
   MERGE_MINIMUM 5
   NET_NAME_CHARS '#%&()*+-./:=>?@[]^_`|'
   NET_NAME_LENGTH 24
   OVERSIGHTS ON
   REPLACE_CHECK OFF
   SINGLE_NODE_NETS ON
   SPLIT_MINIMUM 0
   SUPPRESS   20
   WARNINGS ON

 No error detected
 No oversight detected
 No warning detected

cpu time      0:09:12
elapsed time  0:00:06

