
**** 04/05/25 16:35:15 *** PSpice 24.1.0 (26 February 2025) *** ID# 0 ********

 ** Profile: "SCHEMATIC1-pto"  [ c:\users\user\appdata\roaming\spb_data\cdssetup\workspace\projects\pto\pto-PSpiceFiles\SCHEMATIC1\pt


 ****     CIRCUIT DESCRIPTION


******************************************************************************




** Creating circuit file "pto.cir" 
** WARNING: THIS AUTOMATICALLY GENERATED FILE MAY BE OVERWRITTEN BY SUBSEQUENT SIMULATIONS

*Libraries: 
* Profile Libraries :
* Local Libraries :
* From [PSPICE NETLIST] section of C:\Users\user\AppData\Roaming\SPB_Data\cdssetup\OrCAD_PSpice\24.1.0\PSpice.ini file:
.lib "C:\Cadence\OrCADX_24.1\tools\capture\library\opa855_a.lib" 
.lib "C:\Cadence\OrCADX_24.1\tools\capture\library\OPA858.lib" 
.lib "C:\Cadence\OrCADX_24.1\tools\capture\library\opa695_a.lib" 
.lib "C:\Cadence\OrCADX_24.1\tools\capture\library\opa856_a.lib" 
.lib "C:\Cadence\OrCADX_24.1\tools\capture\library\tlv3604.lib" 
.lib "C:\Cadence\OrCADX_24.1\tools\capture\library\OPAx277.LIB" 

*Analysis directives: 
.TRAN  0 1000ns 0 
.STEP LIN PARAM potset 0.1 0.98 1 
.OPTIONS ADVCONV
.PROBE64 V(alias(*)) I(alias(*)) W(alias(*)) D(alias(*)) NOISE(alias(*)) 
.INC "..\SCHEMATIC1.net" 



**** INCLUDING SCHEMATIC1.net ****
* source PTO
X_R156         0 N1110197 N1110201 POT PARAMS: SET={potset} VALUE=1K
V_V1         N1110201 0 5
R_R157         0 N1110197  1k TC=0,0 
.PARAM  potset=0.5

**** RESUMING pto.cir ****
.END

ERROR(ORPSIM-15108): Subcircuit POT used by X_R156 is undefined
