
**** 04/03/25 22:37:20 *** PSpice 24.1.0 (26 February 2025) *** ID# 0 ********

 ** Profile: "SCHEMATIC1-sdczxwf"  [ c:\users\user\appdata\roaming\spb_data\cdssetup\workspace\projects\aefdsczxf\aefdsczxf-PSpiceFil


 ****     CIRCUIT DESCRIPTION


******************************************************************************




** Creating circuit file "sdczxwf.cir" 
** WARNING: THIS AUTOMATICALLY GENERATED FILE MAY BE OVERWRITTEN BY SUBSEQUENT SIMULATIONS

*Libraries: 
* Profile Libraries :
* Local Libraries :
* From [PSPICE NETLIST] section of C:\Users\user\AppData\Roaming\SPB_Data\cdssetup\OrCAD_PSpice\24.1.0\PSpice.ini file:
.lib "C:\Cadence\OrCADX_24.1\tools\capture\library\opa855_a.lib" 
.lib "C:\Cadence\OrCADX_24.1\tools\capture\library\OPA858.lib" 
.lib "C:\Cadence\OrCADX_24.1\tools\capture\library\opa695_a.lib" 
.lib "C:\Cadence\OrCADX_24.1\tools\capture\library\opa856_a.lib" 
.lib "C:\Cadence\OrCADX_24.1\tools\capture\library\tlv3604.lib" 
.lib "C:\Cadence\OrCADX_24.1\tools\capture\library\OPAx277.LIB" 
.lib "nom.lib" 

*Analysis directives: 
.TRAN  0 1m 0 
.OPTIONS ADVCONV
.PROBE64 V(alias(*)) I(alias(*)) W(alias(*)) D(alias(*)) NOISE(alias(*)) 
.INC "..\SCHEMATIC1.net" 



**** INCLUDING SCHEMATIC1.net ****
* source AEFDSCZXF
V_V2         VEE 0 -2.5
R_R2         N04129 N04139  75 TC=0,0 
R_R3         0 OUT  200 TC=0,0 
R_R1         N04139 OUT  500 TC=0,0 
V_V1         VCC 0 2.5
I_I1         N04129 0 DC 0Adc AC 0Aac
+SIN 0 2m 1k 0 0 0
R_R153         N04789 N1080636  130 TC=0,0 
X_U2         N1080646 N1080626 5 -5 N1080636 OPAX277
R_R147         N1080646 5  5k TC=0,0 
R_R149         -5 N1080646  15k TC=0,0 
R_R148         N1080626 N1080636  200 TC=0,0 
V_V4         0 -5 5
V_V3         5 0 5
C_C263         0 N04789  0.1u  TC=0,0 
X_U4         N04789 N04139 VCC VEE OUT OPA855

**** RESUMING sdczxwf.cir ****
.END

**** 04/03/25 22:37:20 *** PSpice 24.1.0 (26 February 2025) *** ID# 0 ********

 ** Profile: "SCHEMATIC1-sdczxwf"  [ c:\users\user\appdata\roaming\spb_data\cdssetup\workspace\projects\aefdsczxf\aefdsczxf-PSpiceFil


 ****     Diode MODEL PARAMETERS


******************************************************************************




               X_U2.X_U1.DVN   X_U2.X_U39.DVNF X_U2.X_U40.DVNF X_U4.X_E_N.DVN  
          IS  100.000000E-18  100.000000E-18  100.000000E-18  100.000000E-18 
          KF    3.162278E-12    3.162278E-12    3.162278E-12  316.227800E-12 


               X_U4.X_I_NP1.DNVF               X_U4.X_U1.DNVF  
          IS  100.000000E-18                  100.000000E-18 
          KF  316.227800E-12                  316.227800E-12 


**** 04/03/25 22:37:20 *** PSpice 24.1.0 (26 February 2025) *** ID# 0 ********

 ** Profile: "SCHEMATIC1-sdczxwf"  [ c:\users\user\appdata\roaming\spb_data\cdssetup\workspace\projects\aefdsczxf\aefdsczxf-PSpiceFil


 ****     Resistor MODEL PARAMETERS


******************************************************************************




               X_U2.R_NOISELESS 
  T_Measured   27            
   T_Current -273.15         
           R    1            


               X_U4.R_NOISELESS 
  T_Measured   27            
   T_Current -273.15         
           R    1            


**** 04/03/25 22:37:20 *** PSpice 24.1.0 (26 February 2025) *** ID# 0 ********

 ** Profile: "SCHEMATIC1-sdczxwf"  [ c:\users\user\appdata\roaming\spb_data\cdssetup\workspace\projects\aefdsczxf\aefdsczxf-PSpiceFil


 ****     Voltage Controlled Switch MODEL PARAMETERS


******************************************************************************




               X_U2.X_S1._S1   X_U2.X_S2._S2   
         RON     .01             .01         
        ROFF    1.000000E+12    1.000000E+12 
         VON     .01             .01         
        VOFF    0               0            


               X_U2.X_U20.ESD_SW 
         RON   50            
        ROFF    1.000000E+12 
         VON     .7          
        VOFF    0            


               X_U2.X_U21.ESD_SW 
         RON   50            
        ROFF    1.000000E+12 
         VON     .5          
        VOFF     .1          


               X_U2.X_U25.OL_SW 
         RON    1.000000E-03 
        ROFF    1.000000E+12 
         VON     .9          
        VOFF     .8          


               X_U2.X_U5.ESD_SW 
         RON   50            
        ROFF    1.000000E+12 
         VON     .5          
        VOFF     .1          


               X_U4.X_ESD_OUT.ESD_SW           X_U4.X_S1._S1   X_U4.X_S2._S2   
         RON   50                               1.000000E-03    1.000000E-03 
        ROFF    1.000000E+12                   20.000000E+03   20.000000E+03 
         VON     .5                              .8              .8          
        VOFF     .45                            -.6             -.4          


**** 04/03/25 22:37:20 *** PSpice 24.1.0 (26 February 2025) *** ID# 0 ********

 ** Profile: "SCHEMATIC1-sdczxwf"  [ c:\users\user\appdata\roaming\spb_data\cdssetup\workspace\projects\aefdsczxf\aefdsczxf-PSpiceFil


 ****     INITIAL TRANSIENT SOLUTION       TEMPERATURE =   27.000 DEG C


******************************************************************************



 NODE   VOLTAGE     NODE   VOLTAGE     NODE   VOLTAGE     NODE   VOLTAGE


(    5)    5.0000  (   -5)   -5.0000  (  OUT)    5.4925  (  VCC)    2.5000      

(  VEE)   -2.5000  (N04129)    5.2204 (N04139)    5.2204 (N04789)    2.5674     

(X_U4.ZO)    2.5000                   (N1080626)    2.5000                      

(N1080636)    2.5000                  (N1080646)    2.5000                      

(X_U2.MID)-640.7E-18                  (X_U2.V11)-2.008E-09                      

(X_U2.V12)-1.979E-09                  (X_U4.MID)    1.4963                      

(X_U2.ESDN)    2.5000                 (X_U2.ESDP)    2.5000                     

(X_U2.VCLP)    2.4988                 (X_U4.CMRR)    1.4963                     

(X_U4.ESDN)    5.2203                 (X_U4.ESDP)    2.5674                     

(X_U2.CLAMP)    2.4982                (X_U2.VCC_B)    5.0000                    

(X_U2.VEE_B)   -5.0000                (X_U2.VIMON)    -.5181                    

(X_U4.CLAMP)    1.4962                (X_U4.PSRRN)    1.4959                    

(X_U4.PSRRP)    1.4960                (X_U4.VCC_B)   -2.5000                    

(X_U4.VEE_B)    5.4925                (X_U4.VIMON)  -71.7370                    

(X_U2.VOUT_S)    2.5000               (X_U2.VSENSE)    2.4982                   

(X_U2.X_U1.3)    0.0000               (X_U2.X_U1.4)    0.0000                   

(X_U2.X_U1.5)    0.0000               (X_U2.X_U1.6)    0.0000                   

(X_U2.X_U1.7)     .8338               (X_U2.X_U1.8)     .8338                   

(X_U4.AOLNET)    1.9963               (X_U4.N06456)    2.5674                   

(X_U4.N10561)    2.5674               (X_U4.N10570)    2.5674                   

(X_U4.N11984)    2.5674               (X_U4.N11991)    5.2203                   

(X_U4.N25816)    2.5676               (X_U4.N28602)    6.5925                   

(X_U4.N30136)   -2.9000               (X_U4.N30913)    2.5676                   

(X_U4.N31014)    2.5676               (X_U4.N35675)   -3.9174                   

(X_U4.N35813)   -3.9174               (X_U4.N38050)    7.0507                   

(X_U4.N38096)    7.0507               (X_U4.VOUT_S)    2.5000                   

(X_U4.X_U1.3)    0.0000               (X_U4.X_U1.4)    0.0000                   

(X_U4.X_U1.5)    0.0000               (X_U4.X_U1.6)    0.0000                   

(X_U4.X_U1.7)     .8338               (X_U4.X_U1.8)     .8338                   

(X_U2.VCC_CLP)    4.0100              (X_U2.VEE_CLP)   -4.7987                  

(X_U2.X_U39.3)    0.0000              (X_U2.X_U39.4)    0.0000                  

(X_U2.X_U39.5)    0.0000              (X_U2.X_U39.6)    0.0000                  

(X_U2.X_U39.7)     .8338              (X_U2.X_U39.8)     .8338                  

(X_U2.X_U40.3)    0.0000              (X_U2.X_U40.4)    0.0000                  

(X_U2.X_U40.5)    0.0000              (X_U2.X_U40.6)    0.0000                  

(X_U2.X_U40.7)     .8338              (X_U2.X_U40.8)     .8338                  

(X_U4.N110431)  -71.7370              (X_U4.N112292)    2.5000                  

(X_U4.N317950)    1.4963              (X_U4.N406634)   -2.5000                  

(X_U4.N406794)    5.4925              (X_U4.N749288)    2.5670                  

(X_U4.VCC_CLP)   -3.9174              (X_U4.VEE_CLP)    7.0507                  

(X_U4.X_E_N.3)    0.0000              (X_U4.X_E_N.4)    0.0000                  

(X_U4.X_E_N.5)    0.0000              (X_U4.X_E_N.6)    0.0000                  

(X_U4.X_E_N.7)     .8338              (X_U4.X_E_N.8)     .8338                  

(X_U2.CL_CLAMP)    2.4988             (X_U2.N2986935)    2.5000                 

(X_U2.N2986947) 250.0E-09             (X_U2.N2986949)    2.5000                 

(X_U2.N2986957)    2.5000             (X_U2.N2986973)-1.581E-06                 

(X_U2.N2986975) 1.581E-06             (X_U2.N2986977)    2.5000                 

(X_U2.N2986981)    2.5000             (X_U2.N2987013)    2.5000                 

(X_U2.N2987017)    3.0000             (X_U2.N2987029)   -3.0000                 

(X_U2.N2987037)    2.5000             (X_U2.N2987051)    2.5000                 

(X_U2.N2987061) 44.22E-06             (X_U2.N2987123)-640.7E-18                 

(X_U2.N2987135)-640.7E-18             (X_U2.N2987157)-640.7E-18                 

(X_U2.N2987159)-640.7E-18             (X_U2.N2987201)   35.0000                 

(X_U2.N2987203)-640.7E-18             (X_U2.N2987205)-640.7E-18                 

(X_U2.N2987225)-640.7E-18             (X_U2.N2987231)-640.7E-18                 

(X_U2.N2987243)  -35.0000             (X_U2.N2987295)   75.0000                 

(X_U2.N2987299)-640.7E-18             (X_U2.N2987301)-640.7E-18                 

(X_U2.N2987319)-640.7E-18             (X_U2.N2987325)-640.7E-18                 

(X_U2.N2987337)  -75.0000             (X_U2.N2987363)    2.4982                 

(X_U2.N2987391)    4.0100             (X_U2.N2987395)   -4.7987                 

(X_U2.N2987423)   -4.7987             (X_U2.N2987427)    4.0100                 

(X_U2.N2987487)-2.008E-09             (X_U2.N2987493)-1.979E-09                 

(X_U2.N2987499)-640.7E-18             (X_U2.N2987541)    -.5181                 

(X_U2.N2987553)    2.5000             (X_U2.N2987623)    2.5000                 

(X_U2.N2987655)     .4988             (X_U2.N2987675)    4.4688                 

(X_U2.N2987683)     .4988             (X_U2.N2987687)     .4988                 

(X_U2.N2987711)    4.4688             (X_U2.N2987719)    4.4688                 

(X_U2.N2987763)-640.7E-18             (X_U2.N2987785)    5.0000                 

(X_U2.N2987801)   -5.0000             (X_U2.N3108745)    6.2452                 

(X_U2.N3108755)    2.4988             (X_U2.N3108879)    2.4982                 

(X_U2.N3108917)    2.4988             (X_U2.N3108949)    2.4988                 

(X_U2.N3109015)    2.4988             (X_U2.N3116457)    2.4988                 

(X_U2.N3116503)   -8.0358             (X_U2.N3116515)   -4.2009                 

(X_U2.N3116609)   -8.0355             (X_U2.N3116619)   -2.9925                 

(X_U2.N3116655)   -8.0347             (X_U2.N3116665)    -.0061                 

(X_U2.N3116675)   -8.0355             (X_U2.N3116685)   -8.0355                 

(X_U2.N3116957)   -8.0345             (X_U2.N3117239)   -8.0355                 

(X_U2.N3126023)    3.0007             (X_U2.N3128929)   -4.7434                 

(X_U2.N3130349) 1.581E-06             (X_U2.N3130359)     .0048                 

(X_U2.N3202117)   -8.0355             (X_U2.N3202127)   -8.0355                 

(X_U2.N3202213)   -8.0355             (X_U2.N3204124)   -8.0355                 

(X_U2.N3204134)   -8.0355             (X_U2.N3204220)   -8.0355                 

(X_U2.N3205032)   -8.0355             (X_U2.N3205042)   -8.0355                 

(X_U2.N3205128)   -8.0355             (X_U2.N3205956)   -8.0355                 

(X_U2.N3205966)   -8.0355             (X_U2.N3206052)   -8.0355                 

(X_U2.N3206890)   -8.0355             (X_U2.N3206900)   -8.0355                 

(X_U2.N3206986)   -8.0355             (X_U2.N3208573)   -8.0355                 

(X_U2.N3208669)   -8.0355             (X_U2.N3236810) 1.581E-09                 

(X_U2.N3236820) 1.581E-06             (X_U4.N1254860)  -89.9890                 

(X_U4.N1446199)    1.4962             (X_U4.N1446217)    1.4962                 

(X_U4.N1461236)    1.3709             (X_U4.N1461246)    1.4962                 

(X_U4.N1461252)    1.4998             (X_U4.N1481243)    4.3573                 

(X_U4.N1481253)    1.4965             (X_U4.N1481259)    1.4955                 

(X_U4.N1483677)   -4.8092             (X_U4.N1483687)    1.4959                 

(X_U4.N1483693)    1.5037             (X_U4.N1483703)    1.4966                 

(X_U4.N1483713)    1.4888             (X_U4.N1490067)    1.4960                 

(X_U4.N1492098)    -.0093             (X_U4.N1492108)     .4925                 

(X_U4.N1492118)     .4925             (X_U4.N1492126)     .4925                 

(X_U4.N1492376)     .4925             (X_U4.N1534615)  -24.1350                 

(X_U4.N1534625)     .5984             (X_U4.N1534635)     .5984                 

(X_U4.N1534645)     .5984             (X_U4.N1534887)     .5984                 

(X_U4.N1541593)  -21.4300             (X_U4.N1541603)     .6932                 

(X_U2.N32898091)   -8.0355            (X_U4.X_I_NP1.3)    0.0000                

(X_U4.X_I_NP1.4)    0.0000            (X_U4.X_I_NP1.5)    0.0000                

(X_U4.X_I_NP1.6)    0.0000            (X_U4.X_I_NP1.7)     .8338                

(X_U4.X_I_NP1.8)     .8338            (X_U2.CLAW_CLAMP)    2.4988               

(X_U2.SW_OL_OPAx277)-640.7E-18        (X_U4.X_VOS_VS_VCM.1)    2.5670       




    VOLTAGE SOURCE CURRENTS
    NAME         CURRENT

    V_V2         8.538E-02
    V_V1        -1.134E-01
    V_V4        -1.808E-03
    V_V3        -1.290E-03
    X_U2.V_VCM_MAX  -3.000E-12
    X_U2.V_VCM_MIN   3.001E-12
    X_U2.V_V_GRN   7.500E-11
    X_U2.V_V_GRP  -7.500E-11
    X_U2.V_V_ISCN   3.500E-11
    X_U2.V_V_ISCP  -3.500E-11
    X_U2.V_V_ORN   0.000E+00
    X_U2.V_V_ORP   0.000E+00
    X_U4.V_VCM_MAX   4.396E-09
    X_U4.V_VCM_MIN  -5.096E-09
    X_U2.X_H1.VH_H1  -5.181E-04
    X_U2.X_H2.VH_H2  -1.979E-09
    X_U2.X_H3.VH_H3   2.008E-09
    X_U4.X_H3.VH_H3   7.323E-02
    X_U4.X_VOS_VS_VCM.V1   2.697E-13

    TOTAL POWER DISSIPATION   5.12E-01  WATTS



          JOB CONCLUDED

**** 04/03/25 22:37:20 *** PSpice 24.1.0 (26 February 2025) *** ID# 0 ********

 ** Profile: "SCHEMATIC1-sdczxwf"  [ c:\users\user\appdata\roaming\spb_data\cdssetup\workspace\projects\aefdsczxf\aefdsczxf-PSpiceFil


 ****     JOB STATISTICS SUMMARY


******************************************************************************



  Total job time (using Solver 1)   =         .11
