
**** 04/05/25 23:26:02 *** PSpice 24.1.0 (26 February 2025) *** ID# 0 ********

 ** Profile: "SCHEMATIC1-teqwt1"  [ c:\users\user\appdata\roaming\spb_data\cdssetup\workspace\projects\zxcwcq\zxcwcq-PSpiceFiles\SCHE


 ****     CIRCUIT DESCRIPTION


******************************************************************************




** Creating circuit file "teqwt1.cir" 
** WARNING: THIS AUTOMATICALLY GENERATED FILE MAY BE OVERWRITTEN BY SUBSEQUENT SIMULATIONS

*Libraries: 
* Profile Libraries :
* Local Libraries :
* From [PSPICE NETLIST] section of C:\Users\user\AppData\Roaming\SPB_Data\cdssetup\OrCAD_PSpice\24.1.0\PSpice.ini file:
.lib "C:\Cadence\OrCADX_24.1\tools\capture\library\nom.lib" 
.lib "C:\Cadence\OrCADX_24.1\OpenAccess\lib\x64\opt\oaDebugCDS.lib" 
.lib "C:\Cadence\OrCADX_24.1\tools\capture\library\opa855_a.lib" 
.lib "C:\Cadence\OrCADX_24.1\tools\capture\library\OPA858.lib" 
.lib "C:\Cadence\OrCADX_24.1\tools\capture\library\opa695_a.lib" 
.lib "C:\Cadence\OrCADX_24.1\tools\capture\library\opa856_a.lib" 
.lib "C:\Cadence\OrCADX_24.1\tools\capture\library\tlv3604.lib" 
.lib "C:\Cadence\OrCADX_24.1\tools\capture\library\OPAx277.LIB" 

*Analysis directives: 
.TRAN  0 1u 0 
.OPTIONS ADVCONV
.AUTOCONVERGE ITL1=1000 ITL2=1000 ITL4=1000 RELTOL=0.05 ABSTOL=1.0E-6 VNTOL=.001 PIVTOL=1.0E-10 
.PROBE64 V(alias(*)) I(alias(*)) W(alias(*)) D(alias(*)) NOISE(alias(*)) 
.INC "..\SCHEMATIC1.net" 



**** INCLUDING SCHEMATIC1.net ****
* source ZXCWCQ
V_V3         IN 0  
+SIN 0 60m 10Mega 0 0 0
V_V1         VCC 0 5
V_V2         0 VEE 5
X_U74         IN N1066743 VCC 0 N1066549 N1066753 TLV3604
C_C256         0 VCC  6.8u  TC=0,0 
R_R147         N1066753 N1066549  100 TC=0,0 
C_C255         0 VCC  10nF  TC=0,0 
R_R163         N1115041 N1114949  9.9k TC=0,0 
R_R164         N1115021 N1115031  200 TC=0,0 
C_C277         0 VEE  0.1uF  TC=0,0 
C_C275         0 VCC  0.1uF  TC=0,0 
V_V8         0 N1115255 5
R_R166         N1115255 N1115041  10.1k TC=0,0 
X_U78         N1115041 N1115021 VCC VEE N1115031 OPAX277
R_R165         N1115031 N1066743  130 TC=0,0 
C_C276         0 N1066743  1n  TC=0,0 
C_C278         0 VEE  1n  TC=0,0 
C_C274         0 VCC  1n  TC=0,0 
V_V7         N1114949 0 5

**** RESUMING teqwt1.cir ****
.END

**** 04/05/25 23:26:02 *** PSpice 24.1.0 (26 February 2025) *** ID# 0 ********

 ** Profile: "SCHEMATIC1-teqwt1"  [ c:\users\user\appdata\roaming\spb_data\cdssetup\workspace\projects\zxcwcq\zxcwcq-PSpiceFiles\SCHE


 ****     Diode MODEL PARAMETERS


******************************************************************************




               X_U74.X_DESD3.model22 
          IS   10.000000E-15 
          BV  100            
          RS    5            


               X_U74.X_DESD4.model22 
          IS   10.000000E-15 
          BV  100            
          RS    5            


               X_U74.X_DESD5.model22 
          IS   10.000000E-15 
          BV  100            
          RS    5            


               X_U74.X_DESD2.model22           X_U78.X_U1.DVN  
          IS   10.000000E-15                  100.000000E-18 
          BV  100                                            
          RS    5                                            
          KF    3.162278E-12 


               X_U78.X_U39.DVNF 
          IS  100.000000E-18 
          KF    3.162278E-12 


               X_U78.X_U40.DVNF 
          IS  100.000000E-18 
          KF    3.162278E-12 


**** 04/05/25 23:26:02 *** PSpice 24.1.0 (26 February 2025) *** ID# 0 ********

 ** Profile: "SCHEMATIC1-teqwt1"  [ c:\users\user\appdata\roaming\spb_data\cdssetup\workspace\projects\zxcwcq\zxcwcq-PSpiceFiles\SCHE


 ****     Resistor MODEL PARAMETERS


******************************************************************************




               X_U78.R_NOISELESS 
  T_Measured   27            
   T_Current -273.15         
           R    1            


**** 04/05/25 23:26:02 *** PSpice 24.1.0 (26 February 2025) *** ID# 0 ********

 ** Profile: "SCHEMATIC1-teqwt1"  [ c:\users\user\appdata\roaming\spb_data\cdssetup\workspace\projects\zxcwcq\zxcwcq-PSpiceFiles\SCHE


 ****     Voltage Controlled Switch MODEL PARAMETERS


******************************************************************************




               X_U78.X_S1._S1  X_U78.X_S2._S2  
         RON     .01             .01         
        ROFF    1.000000E+12    1.000000E+12 
         VON     .01             .01         
        VOFF    0               0            


               X_U78.X_U20.ESD_SW 
         RON   50            
        ROFF    1.000000E+12 
         VON     .7          
        VOFF    0            


               X_U78.X_U21.ESD_SW 
         RON   50            
        ROFF    1.000000E+12 
         VON     .5          
        VOFF     .1          


               X_U78.X_U25.OL_SW 
         RON    1.000000E-03 
        ROFF    1.000000E+12 
         VON     .9          
        VOFF     .8          


               X_U78.X_U5.ESD_SW 
         RON   50            
        ROFF    1.000000E+12 
         VON     .5          
        VOFF     .1          


               X_U74.X_U5.X_S3._S3 
         RON    1            
        ROFF    1.000000E+12 
         VON    2.5          
        VOFF    1.25         


               X_U74.X_U5.X_S16._S16 
         RON    1            
        ROFF    1.000000E+12 
         VON    0            
        VOFF    1            


               X_U74.X_U5.X_S4._S4 
         RON    1            
        ROFF    1.000000E+12 
         VON   -1.25         
        VOFF   -2.5          


               X_U74.X_U5.X_S17._S17 
         RON    1            
        ROFF    1.000000E+12 
         VON    0            
        VOFF    1            


               X_U74.X_U5.X_S6._S6 
         RON    1            
        ROFF    1.000000E+12 
         VON    2.5          
        VOFF    1.25         


               X_U74.X_U5.X_S5._S5 
         RON    1            
        ROFF    1.000000E+12 
         VON   -1.25         
        VOFF   -2.5          


**** 04/05/25 23:26:02 *** PSpice 24.1.0 (26 February 2025) *** ID# 0 ********

 ** Profile: "SCHEMATIC1-teqwt1"  [ c:\users\user\appdata\roaming\spb_data\cdssetup\workspace\projects\zxcwcq\zxcwcq-PSpiceFiles\SCHE


 ****     INITIAL TRANSIENT SOLUTION       TEMPERATURE =   27.000 DEG C


******************************************************************************



 NODE   VOLTAGE     NODE   VOLTAGE     NODE   VOLTAGE     NODE   VOLTAGE


(   IN)    0.0000  (  VCC)    5.0000  (  VEE)   -5.0000  (N1066549)    1.0751   

(N1066743)     .0499                  (N1066753)    1.4245                      

(N1114949)    5.0000                  (N1115021)     .0500                      

(N1115031)     .0500                  (N1115041)     .0500                      

(N1115255)   -5.0000                  (X_U78.MID)-423.5E-18                     

(X_U78.V11)-2.004E-09                 (X_U78.V12)-1.974E-09                     

(X_U78.ESDN)     .0500                (X_U78.ESDP)     .0500                    

(X_U78.VCLP)     .0501                (X_U78.CLAMP)     .0501                   

(X_U78.VCC_B)    5.0000               (X_U78.VEE_B)   -5.0000                   

(X_U78.VIMON)     .0010               (X_U78.VOUT_S)     .0500                  

(X_U78.VSENSE)     .0501              (X_U78.X_U1.3)    0.0000                  

(X_U78.X_U1.4)    0.0000              (X_U78.X_U1.5)    0.0000                  

(X_U78.X_U1.6)    0.0000              (X_U78.X_U1.7)     .8338                  

(X_U78.X_U1.8)     .8338              (X_U74.IN+BUFF)    0.0000                 

(X_U74.IN-BUFF)     .0499             (X_U74.INRANGE)    0.0000                 

(X_U74.N881909)    5.0000             (X_U74.N881945)    0.0000                 

(X_U74.N882073)-500.0E-06             (X_U74.N882279)    0.0000                 

(X_U74.N882289)    0.0000             (X_U74.N882337)    0.0000                 

(X_U74.N882457)    0.0000             (X_U74.X_U3.VH)    0.0000                 

(X_U74.X_U5.1V)    1.0000             (X_U74.X_U7.1V)    1.0000                 

(X_U78.VCC_CLP)    4.0100             (X_U78.VEE_CLP)   -4.8260                 

(X_U78.X_U39.3)    0.0000             (X_U78.X_U39.4)    0.0000                 

(X_U78.X_U39.5)    0.0000             (X_U78.X_U39.6)    0.0000                 

(X_U78.X_U39.7)     .8338             (X_U78.X_U39.8)     .8338                 

(X_U78.X_U40.3)    0.0000             (X_U78.X_U40.4)    0.0000                 

(X_U78.X_U40.5)    0.0000             (X_U78.X_U40.6)    0.0000                 

(X_U78.X_U40.7)     .8338             (X_U78.X_U40.8)     .8338                 

(X_U74.X_U3.OUT)    0.0000            (X_U74.X_U7.POR)    0.0000                

(X_U78.CL_CLAMP)     .0501            (X_U78.N2986935)     .0500                

(X_U78.N2986947) 5.000E-09            (X_U78.N2986949)     .0500                

(X_U78.N2986957)     .0500            (X_U78.N2986973)-1.581E-06                

(X_U78.N2986975) 1.581E-06            (X_U78.N2986977)     .0500                

(X_U78.N2986981)     .0500            (X_U78.N2987013)     .0500                

(X_U78.N2987017)    3.0000            (X_U78.N2987029)   -3.0000                

(X_U78.N2987037)     .0500            (X_U78.N2987051)     .0500                

(X_U78.N2987061) 886.9E-09            (X_U78.N2987123)-423.5E-18                

(X_U78.N2987135)-423.5E-18            (X_U78.N2987157)-423.5E-18                

(X_U78.N2987159)-423.5E-18            (X_U78.N2987201)   35.0000                

(X_U78.N2987203)-423.5E-18            (X_U78.N2987205)-423.5E-18                

(X_U78.N2987225)-423.5E-18            (X_U78.N2987231)-423.5E-18                

(X_U78.N2987243)  -35.0000            (X_U78.N2987295)   75.0000                

(X_U78.N2987299)-423.5E-18            (X_U78.N2987301)-423.5E-18                

(X_U78.N2987319)-423.5E-18            (X_U78.N2987325)-423.5E-18                

(X_U78.N2987337)  -75.0000            (X_U78.N2987363)     .0501                

(X_U78.N2987391)    4.0100            (X_U78.N2987395)   -4.8260                

(X_U78.N2987423)   -4.8260            (X_U78.N2987427)    4.0100                

(X_U78.N2987487)-2.004E-09            (X_U78.N2987493)-1.974E-09                

(X_U78.N2987499)-423.5E-18            (X_U78.N2987541)     .0010                

(X_U78.N2987553)     .0500            (X_U78.N2987623)     .0500                

(X_U78.N2987655)   -1.9499            (X_U78.N2987675)    2.0201                

(X_U78.N2987683)   -1.9499            (X_U78.N2987687)   -1.9499                

(X_U78.N2987711)    2.0201            (X_U78.N2987719)    2.0201                

(X_U78.N2987763)-423.5E-18            (X_U78.N2987785)    5.0000                

(X_U78.N2987801)   -5.0000            (X_U78.N3108745)     .1252                

(X_U78.N3108755)     .0501            (X_U78.N3108879)     .0501                

(X_U78.N3108917)     .0501            (X_U78.N3108949)     .0501                

(X_U78.N3109015)     .0501            (X_U78.N3116457)     .0501                

(X_U78.N3116503)     .6187            (X_U78.N3116515)     .3234                

(X_U78.N3116609)     .6187            (X_U78.N3116619)     .2304                

(X_U78.N3116655)     .6186            (X_U78.N3116665) 470.0E-06                

(X_U78.N3116675)     .6187            (X_U78.N3116685)     .6187                

(X_U78.N3116957)     .6186            (X_U78.N3117239)     .6187                

(X_U78.N3126023)     .0600            (X_U78.N3128929)   -4.7434                

(X_U78.N3130349) 1.581E-06            (X_U78.N3130359)     .0048                

(X_U78.N3202117)     .6187            (X_U78.N3202127)     .6187                

(X_U78.N3202213)     .6187            (X_U78.N3204124)     .6187                

(X_U78.N3204134)     .6187            (X_U78.N3204220)     .6187                

(X_U78.N3205032)     .6187            (X_U78.N3205042)     .6187                

(X_U78.N3205128)     .6187            (X_U78.N3205956)     .6187                

(X_U78.N3205966)     .6187            (X_U78.N3206052)     .6187                

(X_U78.N3206890)     .6187            (X_U78.N3206900)     .6187                

(X_U78.N3206986)     .6187            (X_U78.N3208573)     .6187                

(X_U78.N3208669)     .6187            (X_U78.N3236810) 1.581E-09                

(X_U78.N3236820) 1.581E-06            (X_U74.X_U3.VMID)    2.5000               

(X_U78.N32898091)     .6187           (X_U74.VCC_BUFFER)    5.0000              

(X_U74.VEE_BUFFER)    0.0000          (X_U74.X_U5.LOWER)    1.0677              

(X_U74.X_U5.UPPER)    1.4319          (X_U78.CLAW_CLAMP)     .0501              

(X_U74.X_U2.N20155)    5.3000         (X_U74.X_U2.N20415)    -.3000             

(X_U74.X_U2.N20531)    0.0000         (X_U74.X_U2.N20539)    -.3000             

(X_U74.X_U2.N20826)    0.0000         (X_U74.X_U2.N20833)    0.0000             

(X_U74.X_U2.N20840)    0.0000         (X_U74.X_U3.INNNEW)     .0499             

(X_U74.X_U4.N03175)    0.0000         (X_U74.X_U5.X_U2.4)    0.0000             

(X_U74.X_U2.N202710)    5.3000        (X_U74.X_U2.X_U24.6)    0.0000            

(X_U74.X_U5.N871584)    1.4284        (X_U74.X_U5.N871636)    1.0716            

(X_U74.X_U5.N871682)    1.0713        (X_U74.X_U5.N871848)    1.4280            

(X_U74.X_U5.N877529)   -1.4355        (X_U74.X_U5.N881317)   -1.0642            

(X_U74.X_U5.N881854)    1.2000        (X_U74.X_U7.N784593)    5.5600            

(X_U74.X_U7.N784683)    5.0000        (X_U74.X_U7.N784697)    0.0000            

(X_U74.X_U7.N784807)    0.0000        (X_U74.X_U7.N784909)    2.3900            

(X_U74.X_U7.N785081)    2.3900        (X_U74.X_U7.X_U17.4)    0.0000            

(X_U74.X_U5.N8798211)    1.4355       (X_U74.X_U5.N8812391)    1.0642           

(X_U78.SW_OL_OPAx277)-423.5E-18       (X_U74.X_U2.X_U1.OUT2)    0.0000          

(X_U74.X_U5.X_U3.OUT1)    1.4355      (X_U74.X_U5.X_U7.OUT1)   -1.4355          

(X_U74.X_U5.X_U8.OUT1)    1.0642      (X_U74.X_U5.X_U9.OUT1)   -1.0642          

(X_U74.X_U7.X_U5.OUT2)    0.0000      (X_U74.X_U2.X_U21.OUT2)    0.0000         

(X_U74.X_U2.X_U22.OUT2)    0.0000     (X_U74.X_U2.X_U23.OUT2)    0.0000         

(X_U74.X_U5.OUTOFRANGE)    0.0000     (X_U74.X_U7.X_U13.OUT1)    5.0000         

(X_U74.X_U7.X_U15.OUT2)    0.0000     (X_U74.X_U7.X_U16.OUT2)    0.0000     




    VOLTAGE SOURCE CURRENTS
    NAME         CURRENT

    V_V3        -1.000E-06
    V_V1        -1.289E-02
    V_V2        -7.900E-04
    V_V8        -5.000E-04
    V_V7        -5.000E-04
    X_U74.V_VHYST   0.000E+00
    X_U74.V_VOS   0.000E+00
    X_U78.V_VCM_MAX  -3.001E-12
    X_U78.V_VCM_MIN   2.728E-12
    X_U78.V_V_GRN   7.500E-11
    X_U78.V_V_GRP  -7.500E-11
    X_U78.V_V_ISCN   3.500E-11
    X_U78.V_V_ISCP  -3.500E-11
    X_U78.V_V_ORN   0.000E+00
    X_U78.V_V_ORP   0.000E+00
    X_U74.X_U2.V_VCMNN   0.000E+00
    X_U74.X_U2.V_VCMPN   0.000E+00
    X_U74.X_U2.V_VCMNP   0.000E+00
    X_U74.X_U2.V_VCMPP   0.000E+00
    X_U74.X_U7.V_VS_MAX_SET   0.000E+00
    X_U74.X_U7.V_VLOGIC   0.000E+00
    X_U74.X_U7.V_VS_MIN_SET1   0.000E+00
    X_U74.X_U7.V_VS_MIN_SET   0.000E+00
    X_U74.X_U5.V_V12   2.847E-05
    X_U74.X_U5.V_V10   0.000E+00
    X_U74.X_U5.V_V11   0.000E+00
    X_U74.X_U5.V_VLOGIC   0.000E+00
    X_U78.X_H1.VH_H1   1.000E-06
    X_U78.X_H2.VH_H2  -1.974E-09
    X_U78.X_H3.VH_H3   2.004E-09

    TOTAL POWER DISSIPATION   7.34E-02  WATTS



          JOB CONCLUDED
 AutoConverge Simulator Options
 ITL1 = 150
 ITL2 = 20
 ITL4 = 10
 RELTOL = 0.001
 ABSTOL = 1e-12
 VNTOL = 1e-06
 PIVTOL = 1e-13

**** 04/05/25 23:26:02 *** PSpice 24.1.0 (26 February 2025) *** ID# 0 ********

 ** Profile: "SCHEMATIC1-teqwt1"  [ c:\users\user\appdata\roaming\spb_data\cdssetup\workspace\projects\zxcwcq\zxcwcq-PSpiceFiles\SCHE


 ****     JOB STATISTICS SUMMARY


******************************************************************************



  Total job time (using Solver 1)   =         .84
