
**** 04/08/25 20:24:13 *** PSpice 24.1.0 (26 February 2025) *** ID# 0 ********

 ** Profile: "SCHEMATIC1-dssdfg"  [ C:\Users\sky94\AppData\Roaming\SPB_Data\cdssetup\workspace\projects\awetrawe\awetrawe-pspicefiles


 ****     CIRCUIT DESCRIPTION


******************************************************************************




** Creating circuit file "dssdfg.cir" 
** WARNING: THIS AUTOMATICALLY GENERATED FILE MAY BE OVERWRITTEN BY SUBSEQUENT SIMULATIONS

*Libraries: 
* Profile Libraries :
* Local Libraries :
* From [PSPICE NETLIST] section of C:\Users\sky94\AppData\Roaming\SPB_Data\cdssetup\OrCAD_PSpice\24.1.0\PSpice.ini file:
.lib "C:\Users\sky94\OneDrive\문서\카카오톡 받은 파일\pspice추가_라이브러리\pspice추가_라이브러리\OPA277\OPAx277.LIB" 
.lib "C:\Users\sky94\OneDrive\문서\카카오톡 받은 파일\pspice추가_라이브러리\pspice추가_라이브러리\TVL3604\tlv3604.lib" 
.lib "C:\Users\sky94\OneDrive\문서\카카오톡 받은 파일\pspice추가_라이브러리\pspice추가_라이브러리\opa855_pspice\opa855_a.lib" 
.lib "C:\Users\sky94\OneDrive\문서\카카오톡 받은 파일\pspice추가_라이브러리\pspice추가_라이브러리\opa695\opa695_a.lib" 
.lib "nom.lib" 

*Analysis directives: 
.TRAN  0 20n 0 
.OPTIONS ADVCONV
.AUTOCONVERGE ITL1=1000 ITL2=1000 ITL4=1000 RELTOL=0.05 ABSTOL=1.0E-6 VNTOL=.001 PIVTOL=1.0E-10 
.PROBE64 V(alias(*)) I(alias(*)) W(alias(*)) D(alias(*)) NOISE(alias(*)) 
.INC "..\SCHEMATIC1.net" 



**** INCLUDING SCHEMATIC1.net ****
* source AWETRAWE
C_C295         0 VEE  1nF  TC=0,0 
C_C307         0 N1153202  1n  TC=0,0 
R_R192         N1154454 N1154096  10.1k TC=0,0 
X_U84         N1153616 N1153146 N1153160 VCC VEE OPA695
R_R194         N1152986 N1152588  10 TC=0,0 
C_C308         0 VCC  1nF  TC=0,0 
C_C293         0 N1152588  1.2p  TC=0,0 
R_R190         N1154380 N1154108  100 TC=0,0 
C_C309         0 VCC  6.8uF  TC=0,0 
C_C297         0 VCC  0.1uF  TC=0,0 
V_V14         0 VEE 5
C_C312         0 N1154364  1n  TC=0,0 
R_R179         N1153146 N1153160  402 TC=0,0 
R_R182         IN N1153160  27 TC=0,0 
V_V13         VCC 0 5
V_V18         0 N1154454 5
V_V15         N1153234 0 5
R_R180         N1153466 N1153234  2k TC=0,0 
R_R181         N1153326 N1153336  200 TC=0,0 
C_C296         0 VCC  1n  TC=0,0 
R_R183         N1153616 0  20 TC=0,0 
X_U85         N1153466 N1153326 VCC VEE N1153336 OPAX277
V_V16         0 N1153982 5
C_C306         0 0  0.1uF  TC=0,0 
C_C305         0 VCC  0.1uF  TC=0,0 
R_R177         N1152588 N1152626  500 TC=0,0 
C_C303         0 VCC  1nF  TC=0,0 
X_U87         N1154096 N1153962 VCC N1154430 N1153972 OPAX277
C_C313         0 N1154430  0.1uF  TC=0,0 
C_C310         0 VEE  0.1uF  TC=0,0 
R_R188         N1153962 N1153972  200 TC=0,0 
V_V17         N1153834 0 5
X_U83         N1153202 N1152986 N1152626 VCC 0 OPA855
C_C294         0 VEE  6.8uF  TC=0,0 
C_C311         0 VEE  1n  TC=0,0 
R_R184         N1153336 N1153202  130 TC=0,0 
C_C314         0 N1154430  1n  TC=0,0 
C_C299         0 VCC  1n  TC=0,0 
R_R186         N1153982 N1153466  18k TC=0,0 
C_C302         0 VCC  6.8u  TC=0,0 
C_C292         N1152626 N1152588  0.5pF  TC=0,0 
C_C304         0 VCC  1n  TC=0,0 
R_R189         0 N1153326  200 TC=0,0 
R_R191         N1153972 N1154364  130 TC=0,0 
I_I6         0 N1152588 DC 0Adc AC 0Aac
+PULSE 0 6u 5n 0.4n 0.4n 1n 0
C_C300         0 VCC  0.1uF  TC=0,0 
C_C301         N1152626 N1153136  1n  TC=0,0 
R_R178         N1153136 N1153146  50 TC=0,0 
C_C298         N1152626 N1153136  0.1u  TC=0,0 
R_R187         N1154096 N1153834  9.9 TC=0,0 
X_U86         IN N1154364 VCC 0 N1154108 N1154380 TLV3604
R_R176         0 N1152588  21.34G TC=0,0 
.PARAM  ivar=0.5

**** RESUMING dssdfg.cir ****
.END

INFO(ORPSIM-15423): Unable to find index file OPAx277.ind for library file OPAx277.LIB.

INFO(ORPSIM-15422): Making new index file OPAx277.ind for library file OPAx277.LIB.

Index has 26 entries from 1 file(s).

**** 04/08/25 20:24:13 *** PSpice 24.1.0 (26 February 2025) *** ID# 0 ********

 ** Profile: "SCHEMATIC1-dssdfg"  [ C:\Users\sky94\AppData\Roaming\SPB_Data\cdssetup\workspace\projects\awetrawe\awetrawe-pspicefiles


 ****     Diode MODEL PARAMETERS


******************************************************************************




               X_U84.X_E_N.DVN X_U84.X_I_NP.DVNF 
          IS  100.000000E-18  100.000000E-18 
          KF  316.227800E-12  316.227800E-12 


               X_U84.X_I_NP2.DVNF              X_U85.X_U1.DVN  
          IS  100.000000E-18                  100.000000E-18 
          KF  316.227800E-12                    3.162278E-12 


               X_U85.X_U39.DVNF 
          IS  100.000000E-18 
          KF    3.162278E-12 


               X_U85.X_U40.DVNF                X_U87.X_U1.DVN  
          IS  100.000000E-18                  100.000000E-18 
          KF    3.162278E-12                    3.162278E-12 


               X_U87.X_U39.DVNF 
          IS  100.000000E-18 
          KF    3.162278E-12 


               X_U87.X_U40.DVNF                X_U83.X_E_N.DVN 
          IS  100.000000E-18                  100.000000E-18 
          KF    3.162278E-12                  316.227800E-12 


               X_U83.X_I_NP1.DNVF              X_U83.X_U1.DNVF 
          IS  100.000000E-18                  100.000000E-18 
          KF  316.227800E-12                  316.227800E-12 


               X_U86.X_DESD3.model22 
          IS   10.000000E-15 
          BV  100            
          RS    5            


               X_U86.X_DESD4.model22 
          IS   10.000000E-15 
          BV  100            
          RS    5            


               X_U86.X_DESD5.model22 
          IS   10.000000E-15 
          BV  100            
          RS    5            


               X_U86.X_DESD2.model22 
          IS   10.000000E-15 
          BV  100            
          RS    5            


**** 04/08/25 20:24:13 *** PSpice 24.1.0 (26 February 2025) *** ID# 0 ********

 ** Profile: "SCHEMATIC1-dssdfg"  [ C:\Users\sky94\AppData\Roaming\SPB_Data\cdssetup\workspace\projects\awetrawe\awetrawe-pspicefiles


 ****     Resistor MODEL PARAMETERS


******************************************************************************




               X_U84.R_NOISE   X_U84.R_NOISELESS 
  T_Measured   27              27            
   T_Current   27            -273.15         
           R    1               1            


               X_U85.R_NOISELESS 
  T_Measured   27            
   T_Current -273.15         
           R    1            


               X_U87.R_NOISELESS 
  T_Measured   27            
   T_Current -273.15         
           R    1            


               X_U83.R_NOISELESS 
  T_Measured   27            
   T_Current -273.15         
           R    1            


**** 04/08/25 20:24:13 *** PSpice 24.1.0 (26 February 2025) *** ID# 0 ********

 ** Profile: "SCHEMATIC1-dssdfg"  [ C:\Users\sky94\AppData\Roaming\SPB_Data\cdssetup\workspace\projects\awetrawe\awetrawe-pspicefiles


 ****     Voltage Controlled Switch MODEL PARAMETERS


******************************************************************************




               X_U85.X_S1._S1  X_U85.X_S2._S2  
         RON     .01             .01         
        ROFF    1.000000E+12    1.000000E+12 
         VON     .01             .01         
        VOFF    0               0            


               X_U85.X_U20.ESD_SW 
         RON   50            
        ROFF    1.000000E+12 
         VON     .7          
        VOFF    0            


               X_U85.X_U21.ESD_SW 
         RON   50            
        ROFF    1.000000E+12 
         VON     .5          
        VOFF     .1          


               X_U85.X_U25.OL_SW 
         RON    1.000000E-03 
        ROFF    1.000000E+12 
         VON     .9          
        VOFF     .8          


               X_U85.X_U5.ESD_SW               X_U87.X_S1._S1  X_U87.X_S2._S2  
         RON   50                                .01             .01         
        ROFF    1.000000E+12                    1.000000E+12    1.000000E+12 
         VON     .5                              .01             .01         
        VOFF     .1                             0               0            


               X_U87.X_U20.ESD_SW 
         RON   50            
        ROFF    1.000000E+12 
         VON     .7          
        VOFF    0            


               X_U87.X_U21.ESD_SW 
         RON   50            
        ROFF    1.000000E+12 
         VON     .5          
        VOFF     .1          


               X_U87.X_U25.OL_SW 
         RON    1.000000E-03 
        ROFF    1.000000E+12 
         VON     .9          
        VOFF     .8          


               X_U87.X_U5.ESD_SW 
         RON   50            
        ROFF    1.000000E+12 
         VON     .5          
        VOFF     .1          


               X_U83.X_ESD_OUT.ESD_SW          X_U83.X_S1._S1  X_U83.X_S2._S2  
         RON   50                               1.000000E-03    1.000000E-03 
        ROFF    1.000000E+12                   20.000000E+03   20.000000E+03 
         VON     .5                              .8              .8          
        VOFF     .45                            -.6             -.4          


               X_U86.X_U5.X_S3._S3 
         RON    1            
        ROFF    1.000000E+12 
         VON    2.5          
        VOFF    1.25         


               X_U86.X_U5.X_S16._S16 
         RON    1            
        ROFF    1.000000E+12 
         VON    0            
        VOFF    1            


               X_U86.X_U5.X_S4._S4 
         RON    1            
        ROFF    1.000000E+12 
         VON   -1.25         
        VOFF   -2.5          


               X_U86.X_U5.X_S17._S17 
         RON    1            
        ROFF    1.000000E+12 
         VON    0            
        VOFF    1            


               X_U86.X_U5.X_S6._S6 
         RON    1            
        ROFF    1.000000E+12 
         VON    2.5          
        VOFF    1.25         


               X_U86.X_U5.X_S5._S5 
         RON    1            
        ROFF    1.000000E+12 
         VON   -1.25         
        VOFF   -2.5          


Starting pseudo-transient algorithm.

INFO(ORPSIM-16594): To improve Pseudotransient Convergence and Performance, set following options to relax stabilization criteria for capacitor currents and inductor voltages: PTRANABSTOL=1e-5, PTRANVNTOL=1e-4
Convergence problem in transient bias point calculation


  Last node voltages tried were:

 NODE   VOLTAGE     NODE   VOLTAGE     NODE   VOLTAGE     NODE   VOLTAGE


(   IN) 107.7E-09  (  VCC)     .1787  (  VEE)    -.1787  (N1152588)-262.9E-06   

(N1152626)-51.39E-06                  (N1152986)-267.1E-06                      

(N1153136)-21.02E-06                  (N1153146)-20.06E-06                      

(N1153160) 1.059E-06                  (N1153202)-220.3E-06                      

(N1153234)     .1787                  (N1153326)-81.37E-06                      

(N1153336)-163.5E-06                  (N1153466)     .1429                      

(N1153616)-9.292E-06                  (N1153834)     .1787                      

(N1153962)-181.3E-06                  (N1153972)-182.3E-06                      

(N1153982)    -.1787                  (N1154096)     .1783                      

(N1154108) 73.54E-06                  (N1154364)-186.7E-06                      

(N1154380) 89.49E-06                  (N1154430)     .0250                      

(N1154454)    -.1787                  (X_U83.ZO)-51.39E-06                      

(X_U83.MID) 13.60E-15                 (X_U84.AOL) 1.059E-06                     

(X_U84.MID)    0.0000                 (X_U85.MID) 433.7E-21                     

(X_U85.V11)-118.0E-15                 (X_U85.V12)-63.58E-15                     

(X_U87.MID) 7.510E-09                 (X_U87.V11) 7.510E-09                     

(X_U87.V12) 7.510E-09                 (X_U83.CMRR)-2.788E-12                    

(X_U83.ESDN)-267.1E-06                (X_U83.ESDP)-220.3E-06                    

(X_U84.CMRR)-616.9E-12                (X_U85.ESDN)-77.53E-06                    

(X_U85.ESDP)     .1429                (X_U85.VCLP)-1.681E-06                    

(X_U87.ESDN)-176.5E-06                (X_U87.ESDP)     .1783                    

(X_U87.VCLP)-1.247E-06                (X_U83.CLAMP) 5.934E-06                   

(X_U83.PSRRN) 13.60E-15               (X_U83.PSRRP) 425.6E-12                   

(X_U83.VCC_B)     .0064               (X_U83.VEE_B)-39.51E-12                   

(X_U83.VIMON) 14.43E-06               (X_U84.CLAMP) 32.09E-06                   

(X_U84.VCC_B)     .0064               (X_U84.VEE_B)    -.0064                   

(X_U84.VIMON) 3.133E-06               (X_U85.CLAMP) 740.9E-06                   

(X_U85.VCC_B)     .0064               (X_U85.VEE_B)    -.0064                   

(X_U85.VIMON) 937.2E-09               (X_U87.CLAMP) 838.6E-06                   

(X_U87.VCC_B)     .0064               (X_U87.VEE_B) 892.8E-06                   

(X_U87.VIMON) 1.052E-06               (X_U83.AOLNET)-9.267E-06                  

(X_U83.N06456)-220.3E-06              (X_U83.N10561)-218.5E-06                  

(X_U83.N10570)-218.5E-06              (X_U83.N11984)-218.5E-06                  

(X_U83.N11991)-267.1E-06              (X_U83.N25816)-218.5E-06                  

(X_U83.N28602)     .0393              (X_U83.N30136)    -.0079                  

(X_U83.N30913)-7.810E-06              (X_U83.N31014)-7.810E-06                  

(X_U83.N35675)    -.0218              (X_U83.N35813)    -.0218                  

(X_U83.N38050)     .0365              (X_U83.N38096)     .0365                  

(X_U83.VOUT_S)-1.837E-06              (X_U83.X_U1.3)    0.0000                  

(X_U83.X_U1.4)    0.0000              (X_U83.X_U1.5)    0.0000                  

(X_U83.X_U1.6)    0.0000              (X_U83.X_U1.7)     .7476                  

(X_U83.X_U1.8)     .7476              (X_U84.AOLNET)-901.1E-06                  

(X_U84.N05102)-20.06E-06              (X_U84.N06456)-9.292E-06                  

(X_U84.N10561)-232.7E-06              (X_U84.N10570)-232.7E-06                  

(X_U84.N11984)-232.7E-06              (X_U84.N25816)-232.6E-06                  

(X_U84.N28602)     .0544              (X_U84.N30136)    -.0544                  

(X_U84.N30913)-8.314E-06              (X_U84.N31014)-8.314E-06                  

(X_U84.N35669)    -.0222              (X_U84.N35813)    -.0222                  

(X_U84.N38050)     .0222              (X_U84.N38096)     .0222                  

(X_U84.N42663) 28.36E-06              (X_U84.N42834) 28.36E-06                  

(X_U84.N44757) 28.36E-06              (X_U84.N44799) 28.36E-06                  

(X_U84.VOUT_S) 37.74E-09              (X_U85.VOUT_S)-5.843E-06                  

(X_U85.VSENSE) 26.48E-06              (X_U85.X_U1.3)    0.0000                  

(X_U85.X_U1.4)    0.0000              (X_U85.X_U1.5)    0.0000                  

(X_U85.X_U1.6)    0.0000              (X_U85.X_U1.7)     .7476                  

(X_U85.X_U1.8)     .7476              (X_U87.VOUT_S)-6.506E-06                  

(X_U87.VSENSE) 29.98E-06              (X_U87.X_U1.3)    0.0000                  

(X_U87.X_U1.4)    0.0000              (X_U87.X_U1.5)    0.0000                  

(X_U87.X_U1.6)    0.0000              (X_U87.X_U1.7)     .7476                  

(X_U87.X_U1.8)     .7476              (X_U83.N110431) 14.43E-06                 

(X_U83.N112292)-1.837E-06             (X_U83.N317950) 380.4E-15                 

(X_U83.N406634)     .0064             (X_U83.N406794)-39.51E-12                 

(X_U83.N749288)-234.6E-06             (X_U83.VCC_CLP)-778.3E-06                 

(X_U83.VEE_CLP)     .0013             (X_U83.X_E_N.3)    0.0000                 

(X_U83.X_E_N.4)    0.0000             (X_U83.X_E_N.5)    0.0000                 

(X_U83.X_E_N.6)    0.0000             (X_U83.X_E_N.7)     .7476                 

(X_U83.X_E_N.8)     .7476             (X_U84.N110431) 3.137E-06                 

(X_U84.N112292) 37.85E-09             (X_U84.N317950)    0.0000                 

(X_U84.N406634)     .0064             (X_U84.N406794)    -.0064                 

(X_U84.N701935)-308.8E-09             (X_U84.N704979)-296.7E-06                 

(X_U84.N705005)-356.4E-09             (X_U84.N709083) 167.1E-06                 

(X_U84.N709113) 284.0E-09             (X_U84.N749288)-248.7E-06                 

(X_U84.VCC_CLP)-793.6E-06             (X_U84.VEE_CLP) 793.6E-06                 

(X_U84.X_E_N.3)    0.0000             (X_U84.X_E_N.4)    0.0000                 

(X_U84.X_E_N.5)    0.0000             (X_U84.X_E_N.6)    0.0000                 

(X_U84.X_E_N.7)     .7476             (X_U84.X_E_N.8)     .7476                 

(X_U85.VCC_CLP)    -.0010             (X_U85.VEE_CLP)-6.000E-06                 

(X_U85.X_U39.3)    0.0000             (X_U85.X_U39.4)    0.0000                 

(X_U85.X_U39.5)    0.0000             (X_U85.X_U39.6)    0.0000                 

(X_U85.X_U39.7)     .7476             (X_U85.X_U39.8)     .7476                 

(X_U85.X_U40.3)    0.0000             (X_U85.X_U40.4)    0.0000                 

(X_U85.X_U40.5)    0.0000             (X_U85.X_U40.6)    0.0000                 

(X_U85.X_U40.7)     .7476             (X_U85.X_U40.8)     .7476                 

(X_U86.IN+BUFF) 3.848E-09             (X_U86.IN-BUFF)-6.672E-06                 

(X_U86.INRANGE)    0.0000             (X_U86.N881909)     .1787                 

(X_U86.N881945)    0.0000             (X_U86.N882073)-17.87E-06                 

(X_U86.N882279)    0.0000             (X_U86.N882289)    0.0000                 

(X_U86.N882337)    0.0000             (X_U86.N882457)    0.0000                 

(X_U86.X_U3.VH)    0.0000             (X_U86.X_U5.1V)     .0357                 

(X_U86.X_U7.1V)     .0357             (X_U87.VCC_CLP)    -.0010                 

(X_U87.VEE_CLP) 254.2E-06             (X_U87.X_U39.3)    0.0000                 

(X_U87.X_U39.4)    0.0000             (X_U87.X_U39.5)    0.0000                 

(X_U87.X_U39.6)    0.0000             (X_U87.X_U39.7)     .7476                 

(X_U87.X_U39.8)     .7476             (X_U87.X_U40.3)    0.0000                 

(X_U87.X_U40.4)    0.0000             (X_U87.X_U40.5)    0.0000                 

(X_U87.X_U40.6)    0.0000             (X_U87.X_U40.7)     .7476                 

(X_U87.X_U40.8)     .7476             (X_U83.N1254860)-36.67E-09                

(X_U83.N1446199) 205.2E-09            (X_U83.N1446217) 205.2E-09                

(X_U83.N1461236) 921.1E-09            (X_U83.N1461246) 78.47E-12                

(X_U83.N1461252)-933.6E-12            (X_U83.N1481243)-163.4E-06                

(X_U83.N1481253)-11.48E-09            (X_U83.N1481259) 1.489E-09                

(X_U83.N1483677) 2.243E-12            (X_U83.N1483687) 13.72E-15                

(X_U83.N1483693) 13.50E-15            (X_U83.N1483703) 13.59E-15                

(X_U83.N1483713) 13.60E-15            (X_U83.N1490067) 425.6E-12                

(X_U83.N1492098) 2.766E-06            (X_U83.N1492108) 1.846E-06                

(X_U83.N1492118) 65.97E-09            (X_U83.N1492126) 65.97E-09                

(X_U83.N1492376) 65.97E-09            (X_U83.N1534615) 60.20E-09                

(X_U83.N1534625) 2.109E-09            (X_U83.N1534635) 75.38E-12                

(X_U83.N1534645) 75.38E-12            (X_U83.N1534887) 75.38E-12                

(X_U83.N1541593) 68.80E-12            (X_U83.N1541603) 2.423E-12                

(X_U84.N1327152)-297.2E-09            (X_U84.X_I_NP.3)    0.0000                

(X_U84.X_I_NP.4)    0.0000            (X_U84.X_I_NP.5)    0.0000                

(X_U84.X_I_NP.6)    0.0000            (X_U84.X_I_NP.7)     .7476                

(X_U84.X_I_NP.8)     .7476            (X_U85.CL_CLAMP)-47.04E-06                

(X_U85.N2986935)     .1429            (X_U85.N2986947) 115.5E-09                

(X_U85.N2986949)     .1429            (X_U85.N2986957)     .1429                

(X_U85.N2986973)-192.8E-09            (X_U85.N2986975) 5.683E-12                

(X_U85.N2986977)     .1429            (X_U85.N2986981)     .1429                

(X_U85.N2987013)-77.53E-06            (X_U85.N2987017)    -.0651                

(X_U85.N2987029)     .0651            (X_U85.N2987037)     .0023                

(X_U85.N2987051)     .0023            (X_U85.N2987061)     .0086                

(X_U85.N2987123) 36.83E-06            (X_U85.N2987135) 36.83E-06                

(X_U85.N2987157) 434.2E-21            (X_U85.N2987159) 434.2E-21                

(X_U85.N2987201)    1.2509            (X_U85.N2987203) 433.7E-21                

(X_U85.N2987205) 433.7E-21            (X_U85.N2987225) 433.7E-21                

(X_U85.N2987231) 433.7E-21            (X_U85.N2987243)   -1.2509                

(X_U85.N2987295)    2.6805            (X_U85.N2987299) 433.7E-21                

(X_U85.N2987301) 433.7E-21            (X_U85.N2987319) 433.7E-21                

(X_U85.N2987325) 433.7E-21            (X_U85.N2987337)   -2.6805                

(X_U85.N2987363) 26.48E-06            (X_U85.N2987391)    -.0290                

(X_U85.N2987395)-167.9E-06            (X_U85.N2987423)-167.9E-06                

(X_U85.N2987427)    -.0290            (X_U85.N2987487)-118.0E-15                

(X_U85.N2987493)-63.58E-15            (X_U85.N2987499) 433.7E-21                

(X_U85.N2987541) 937.2E-09            (X_U85.N2987553)-5.843E-06                

(X_U85.N2987623)-163.5E-06            (X_U85.N2987655)    -.0026                

(X_U85.N2987675)     .0025            (X_U85.N2987683)    -.0715                

(X_U85.N2987687)    -.0026            (X_U85.N2987711)     .0025                

(X_U85.N2987719)     .0704            (X_U85.N2987763) 14.43E-18                

(X_U85.N2987785)     .0064            (X_U85.N2987801)    -.0064                

(X_U85.N3108745) 84.47E-09            (X_U85.N3108755) 33.83E-09                

(X_U85.N3108879) 945.5E-09            (X_U85.N3108917) 1.207E-09                

(X_U85.N3108949) 43.02E-12            (X_U85.N3109015) 1.533E-12                

(X_U85.N3116457)-1.681E-06            (X_U85.N3116503)     .0285                

(X_U85.N3116515)     .0285            (X_U85.N3116609)     .0019                

(X_U85.N3116619)     .0019            (X_U85.N3116655) 10.64E-15                

(X_U85.N3116665) 8.516E-18            (X_U85.N3116675) 186.5E-06                

(X_U85.N3116685) 166.7E-06            (X_U85.N3116957)-2.384E-09                

(X_U85.N3117239) 297.7E-15            (X_U85.N3126023)     .0061                

(X_U85.N3128929)-216.5E-06            (X_U85.N3130349) 908.3E-12                

(X_U85.N3130359) 219.7E-09            (X_U85.N3202117) 5.957E-06                

(X_U85.N3202127) 5.113E-06            (X_U85.N3202213) 5.028E-06                

(X_U85.N3204124) 182.7E-09            (X_U85.N3204134) 182.6E-09                

(X_U85.N3204220) 182.6E-09            (X_U85.N3205032) 6.526E-09                

(X_U85.N3205042) 6.525E-09            (X_U85.N3205128) 6.524E-09                

(X_U85.N3205956) 233.2E-12            (X_U85.N3205966) 233.2E-12                

(X_U85.N3206052) 233.1E-12            (X_U85.N3206890) 8.333E-12                

(X_U85.N3206900) 8.331E-12            (X_U85.N3206986) 8.329E-12                

(X_U85.N3208573) 297.8E-15            (X_U85.N3208669) 297.4E-15                

(X_U85.N3236810) 159.0E-15            (X_U85.N3236820) 32.45E-12                

(X_U86.X_U3.OUT)    0.0000            (X_U86.X_U7.POR)     .0013                

(X_U87.CL_CLAMP)-35.10E-06            (X_U87.N2986935)     .1783                

(X_U87.N2986947) 151.6E-09            (X_U87.N2986949)     .1783                

(X_U87.N2986957)     .1783            (X_U87.N2986973) 43.43E-09                

(X_U87.N2986975) 7.516E-09            (X_U87.N2986977)     .1783                

(X_U87.N2986981)     .1783            (X_U87.N2987013)-176.5E-06                

(X_U87.N2987017)    -.0651            (X_U87.N2987029)     .0724                

(X_U87.N2987037)     .0026            (X_U87.N2987051)     .0026                

(X_U87.N2987061)     .0099            (X_U87.N2987123) 36.81E-06                

(X_U87.N2987135) 36.81E-06            (X_U87.N2987157) 9.324E-06                

(X_U87.N2987159) 9.324E-06            (X_U87.N2987201)    1.2509                

(X_U87.N2987203) 7.510E-09            (X_U87.N2987205) 7.510E-09                

(X_U87.N2987225) 7.510E-09            (X_U87.N2987231) 7.510E-09                

(X_U87.N2987243)   -1.2509            (X_U87.N2987295)    2.6805                

(X_U87.N2987299) 7.510E-09            (X_U87.N2987301) 7.510E-09                

(X_U87.N2987319) 7.510E-09            (X_U87.N2987325) 7.510E-09                

(X_U87.N2987337)   -2.6805            (X_U87.N2987363) 29.98E-06                

(X_U87.N2987391)    -.0290            (X_U87.N2987395)     .0071                

(X_U87.N2987423)     .0071            (X_U87.N2987427)    -.0290                

(X_U87.N2987487) 7.510E-09            (X_U87.N2987493) 7.510E-09                

(X_U87.N2987499) 7.510E-09            (X_U87.N2987541) 1.052E-06                

(X_U87.N2987553)-6.506E-06            (X_U87.N2987623)-182.3E-06                

(X_U87.N2987655)    -.0026            (X_U87.N2987675)     .0025                

(X_U87.N2987683)    -.0715            (X_U87.N2987687)    -.0026                

(X_U87.N2987711)     .0025            (X_U87.N2987719)     .0704                

(X_U87.N2987763) 210.1E-09            (X_U87.N2987785)     .0064                

(X_U87.N2987801) 892.8E-06            (X_U87.N3108745) 103.1E-09                

(X_U87.N3108755) 45.80E-09            (X_U87.N3108879) 1.078E-06                

(X_U87.N3108917) 8.876E-09            (X_U87.N3108949) 7.559E-09                

(X_U87.N3109015) 7.512E-09            (X_U87.N3116457)-1.247E-06                

(X_U87.N3116503)     .0360            (X_U87.N3116515)     .0360                

(X_U87.N3116609)     .0025            (X_U87.N3116619)     .0025                

(X_U87.N3116655) 7.510E-09            (X_U87.N3116665) 7.510E-09                

(X_U87.N3116675) 235.7E-06            (X_U87.N3116685) 206.1E-06                

(X_U87.N3116957) 4.853E-09            (X_U87.N3117239) 7.511E-09                

(X_U87.N3126023)     .0077            (X_U87.N3128929) 30.28E-06                

(X_U87.N3130349) 8.419E-09            (X_U87.N3130359) 227.2E-09                

(X_U87.N3202117) 7.374E-06            (X_U87.N3202127) 6.179E-06                

(X_U87.N3202213) 6.058E-06            (X_U87.N3204124) 228.1E-09                

(X_U87.N3204134) 227.9E-09            (X_U87.N3204220) 227.9E-09                

(X_U87.N3205032) 15.39E-09            (X_U87.N3205042) 15.39E-09                

(X_U87.N3205128) 15.38E-09            (X_U87.N3205956) 7.792E-09                

(X_U87.N3205966) 7.792E-09            (X_U87.N3206052) 7.792E-09                

(X_U87.N3206890) 7.520E-09            (X_U87.N3206900) 7.520E-09                

(X_U87.N3206986) 7.520E-09            (X_U87.N3208573) 7.511E-09                

(X_U87.N3208669) 7.511E-09            (X_U87.N3236810) 7.511E-09                

(X_U87.N3236820) 7.543E-09            (X_U83.X_I_NP1.3)    0.0000               

(X_U83.X_I_NP1.4)    0.0000           (X_U83.X_I_NP1.5)    0.0000               

(X_U83.X_I_NP1.6)    0.0000           (X_U83.X_I_NP1.7)     .7476               

(X_U83.X_I_NP1.8)     .7476           (X_U84.X_I_NP2.3)    0.0000               

(X_U84.X_I_NP2.4)    0.0000           (X_U84.X_I_NP2.5)    0.0000               

(X_U84.X_I_NP2.6)    0.0000           (X_U84.X_I_NP2.7)     .7476               

(X_U84.X_I_NP2.8)     .7476           (X_U85.N32898091) 147.9E-06               

(X_U86.X_U3.VMID) 114.1E-06           (X_U87.N32898091) 178.2E-06               

(X_U85.CLAW_CLAMP)    -.0013          (X_U86.VCC_BUFFER)     .0064              

(X_U86.VEE_BUFFER)    0.0000          (X_U86.X_U5.LOWER) 60.97E-06              

(X_U86.X_U5.UPPER) 77.60E-06          (X_U87.CLAW_CLAMP)-982.4E-06              

(X_U86.X_U2.N20155)     .0171         (X_U86.X_U2.N20415)    -.0107             

(X_U86.X_U2.N20531)    0.0000         (X_U86.X_U2.N20539)    -.0107             

(X_U86.X_U2.N20826)    0.0000         (X_U86.X_U2.N20833)    0.0000             

(X_U86.X_U2.N20840)    0.0000         (X_U86.X_U3.INNNEW)-238.4E-09             

(X_U86.X_U4.N03175)    0.0000         (X_U86.X_U5.X_U2.4)    0.0000             

(X_U86.X_U2.N202710)     .0171        (X_U86.X_U2.X_U24.6)    0.0000            

(X_U86.X_U5.N871584) 89.67E-06        (X_U86.X_U5.N871636) 73.38E-06            

(X_U86.X_U5.N871682) 73.37E-06        (X_U86.X_U5.N871848) 89.65E-06            

(X_U86.X_U5.N877529)    -.0018        (X_U86.X_U5.N881317)    -.0014            

(X_U86.X_U5.N881854)     .0429        (X_U86.X_U7.N784593)     .1987            

(X_U86.X_U7.N784683) 228.3E-06        (X_U86.X_U7.N784697)    0.0000            

(X_U86.X_U7.N784807)     .0013        (X_U86.X_U7.N784909)     .0854            

(X_U86.X_U7.N785081)     .0854        (X_U86.X_U7.X_U17.4)    0.0000            

(X_U85.SW_OL_OPAx277) 433.7E-21       (X_U86.X_U5.N8798211)     .0513           

(X_U86.X_U5.N8812391)     .0380       (X_U87.SW_OL_OPAx277) 7.510E-09           

(X_U83.X_VOS_VS_VCM.1)-234.6E-06      (X_U84.X_VOS_VS_VCM.1)-248.7E-06          

(X_U86.X_U2.X_U1.OUT2)    0.0000      (X_U86.X_U5.X_U3.OUT1) 65.53E-06          

(X_U86.X_U5.X_U7.OUT1)    -.0018      (X_U86.X_U5.X_U8.OUT1) 48.58E-06          

(X_U86.X_U5.X_U9.OUT1)    -.0014      (X_U86.X_U7.X_U5.OUT2)    0.0000          

(X_U86.X_U2.X_U21.OUT2)    0.0000     (X_U86.X_U2.X_U22.OUT2)    0.0000         

(X_U86.X_U2.X_U23.OUT2)    0.0000     (X_U86.X_U5.OUTOFRANGE)    0.0000         

(X_U86.X_U7.X_U13.OUT1) 228.3E-06     (X_U86.X_U7.X_U15.OUT2)     .0013         

(X_U86.X_U7.X_U16.OUT2)     .0013     

Resuming Simulation with the following settings
ITL1 = 291
ITL2 = 171

Convergence problem in transient bias point calculation


  Last node voltages tried were:

 NODE   VOLTAGE     NODE   VOLTAGE     NODE   VOLTAGE     NODE   VOLTAGE


(   IN)    0.0000  (  VCC)    0.0000  (  VEE)    0.0000  (N1152588)    0.0000   

(N1152626)    0.0000                  (N1152986)    0.0000                      

(N1153136)    0.0000                  (N1153146)    0.0000                      

(N1153160)    0.0000                  (N1153202)    0.0000                      

(N1153234)    0.0000                  (N1153326)    0.0000                      

(N1153336)    0.0000                  (N1153466)    0.0000                      

(N1153616)    0.0000                  (N1153834)    0.0000                      

(N1153962)    0.0000                  (N1153972)    0.0000                      

(N1153982)    0.0000                  (N1154096)    0.0000                      

(N1154108)    0.0000                  (N1154364)    0.0000                      

(N1154380)    0.0000                  (N1154430)    0.0000                      

(N1154454)    0.0000                  (X_U83.ZO)    0.0000                      

(X_U83.MID)    0.0000                 (X_U84.AOL)    0.0000                     

(X_U84.MID)    0.0000                 (X_U85.MID)    0.0000                     

(X_U85.V11)    0.0000                 (X_U85.V12)    0.0000                     

(X_U87.MID)    0.0000                 (X_U87.V11)    0.0000                     

(X_U87.V12)    0.0000                 (X_U83.CMRR)    0.0000                    

(X_U83.ESDN)    0.0000                (X_U83.ESDP)    0.0000                    

(X_U84.CMRR)    0.0000                (X_U85.ESDN)    0.0000                    

(X_U85.ESDP)    0.0000                (X_U85.VCLP)    0.0000                    

(X_U87.ESDN)    0.0000                (X_U87.ESDP)    0.0000                    

(X_U87.VCLP)    0.0000                (X_U83.CLAMP)    0.0000                   

(X_U83.PSRRN)    0.0000               (X_U83.PSRRP)    0.0000                   

(X_U83.VCC_B)    0.0000               (X_U83.VEE_B)    0.0000                   

(X_U83.VIMON)    0.0000               (X_U84.CLAMP)    0.0000                   

(X_U84.VCC_B)    0.0000               (X_U84.VEE_B)    0.0000                   

(X_U84.VIMON)    0.0000               (X_U85.CLAMP)    0.0000                   

(X_U85.VCC_B)    0.0000               (X_U85.VEE_B)    0.0000                   

(X_U85.VIMON)    0.0000               (X_U87.CLAMP)    0.0000                   

(X_U87.VCC_B)    0.0000               (X_U87.VEE_B)    0.0000                   

(X_U87.VIMON)    0.0000               (X_U83.AOLNET)    0.0000                  

(X_U83.N06456)    0.0000              (X_U83.N10561)    0.0000                  

(X_U83.N10570)    0.0000              (X_U83.N11984)    0.0000                  

(X_U83.N11991)    0.0000              (X_U83.N25816)    0.0000                  

(X_U83.N28602)    0.0000              (X_U83.N30136)    0.0000                  

(X_U83.N30913)    0.0000              (X_U83.N31014)    0.0000                  

(X_U83.N35675)    0.0000              (X_U83.N35813)    0.0000                  

(X_U83.N38050)    0.0000              (X_U83.N38096)    0.0000                  

(X_U83.VOUT_S)    0.0000              (X_U83.X_U1.3)    0.0000                  

(X_U83.X_U1.4)    0.0000              (X_U83.X_U1.5)    0.0000                  

(X_U83.X_U1.6)    0.0000              (X_U83.X_U1.7)    0.0000                  

(X_U83.X_U1.8)    0.0000              (X_U84.AOLNET)    0.0000                  

(X_U84.N05102)    0.0000              (X_U84.N06456)    0.0000                  

(X_U84.N10561)    0.0000              (X_U84.N10570)    0.0000                  

(X_U84.N11984)    0.0000              (X_U84.N25816)    0.0000                  

(X_U84.N28602)    0.0000              (X_U84.N30136)    0.0000                  

(X_U84.N30913)    0.0000              (X_U84.N31014)    0.0000                  

(X_U84.N35669)    0.0000              (X_U84.N35813)    0.0000                  

(X_U84.N38050)    0.0000              (X_U84.N38096)    0.0000                  

(X_U84.N42663)    0.0000              (X_U84.N42834)    0.0000                  

(X_U84.N44757)    0.0000              (X_U84.N44799)    0.0000                  

(X_U84.VOUT_S)    0.0000              (X_U85.VOUT_S)    0.0000                  

(X_U85.VSENSE)    0.0000              (X_U85.X_U1.3)    0.0000                  

(X_U85.X_U1.4)    0.0000              (X_U85.X_U1.5)    0.0000                  

(X_U85.X_U1.6)    0.0000              (X_U85.X_U1.7)    0.0000                  

(X_U85.X_U1.8)    0.0000              (X_U87.VOUT_S)    0.0000                  

(X_U87.VSENSE)    0.0000              (X_U87.X_U1.3)    0.0000                  

(X_U87.X_U1.4)    0.0000              (X_U87.X_U1.5)    0.0000                  

(X_U87.X_U1.6)    0.0000              (X_U87.X_U1.7)    0.0000                  

(X_U87.X_U1.8)    0.0000              (X_U83.N110431)    0.0000                 

(X_U83.N112292)    0.0000             (X_U83.N317950)    0.0000                 

(X_U83.N406634)    0.0000             (X_U83.N406794)    0.0000                 

(X_U83.N749288)    0.0000             (X_U83.VCC_CLP)    0.0000                 

(X_U83.VEE_CLP)    0.0000             (X_U83.X_E_N.3)    0.0000                 

(X_U83.X_E_N.4)    0.0000             (X_U83.X_E_N.5)    0.0000                 

(X_U83.X_E_N.6)    0.0000             (X_U83.X_E_N.7)    0.0000                 

(X_U83.X_E_N.8)    0.0000             (X_U84.N110431)    0.0000                 

(X_U84.N112292)    0.0000             (X_U84.N317950)    0.0000                 

(X_U84.N406634)    0.0000             (X_U84.N406794)    0.0000                 

(X_U84.N701935)    0.0000             (X_U84.N704979)    0.0000                 

(X_U84.N705005)    0.0000             (X_U84.N709083)    0.0000                 

(X_U84.N709113)    0.0000             (X_U84.N749288)    0.0000                 

(X_U84.VCC_CLP)    0.0000             (X_U84.VEE_CLP)    0.0000                 

(X_U84.X_E_N.3)    0.0000             (X_U84.X_E_N.4)    0.0000                 

(X_U84.X_E_N.5)    0.0000             (X_U84.X_E_N.6)    0.0000                 

(X_U84.X_E_N.7)    0.0000             (X_U84.X_E_N.8)    0.0000                 

(X_U85.VCC_CLP)    0.0000             (X_U85.VEE_CLP)    0.0000                 

(X_U85.X_U39.3)    0.0000             (X_U85.X_U39.4)    0.0000                 

(X_U85.X_U39.5)    0.0000             (X_U85.X_U39.6)    0.0000                 

(X_U85.X_U39.7)    0.0000             (X_U85.X_U39.8)    0.0000                 

(X_U85.X_U40.3)    0.0000             (X_U85.X_U40.4)    0.0000                 

(X_U85.X_U40.5)    0.0000             (X_U85.X_U40.6)    0.0000                 

(X_U85.X_U40.7)    0.0000             (X_U85.X_U40.8)    0.0000                 

(X_U86.IN+BUFF)    0.0000             (X_U86.IN-BUFF)    0.0000                 

(X_U86.INRANGE)    0.0000             (X_U86.N881909)    0.0000                 

(X_U86.N881945)    0.0000             (X_U86.N882073)    0.0000                 

(X_U86.N882279)    0.0000             (X_U86.N882289)    0.0000                 

(X_U86.N882337)    0.0000             (X_U86.N882457)    0.0000                 

(X_U86.X_U3.VH)    0.0000             (X_U86.X_U5.1V)    0.0000                 

(X_U86.X_U7.1V)    0.0000             (X_U87.VCC_CLP)    0.0000                 

(X_U87.VEE_CLP)    0.0000             (X_U87.X_U39.3)    0.0000                 

(X_U87.X_U39.4)    0.0000             (X_U87.X_U39.5)    0.0000                 

(X_U87.X_U39.6)    0.0000             (X_U87.X_U39.7)    0.0000                 

(X_U87.X_U39.8)    0.0000             (X_U87.X_U40.3)    0.0000                 

(X_U87.X_U40.4)    0.0000             (X_U87.X_U40.5)    0.0000                 

(X_U87.X_U40.6)    0.0000             (X_U87.X_U40.7)    0.0000                 

(X_U87.X_U40.8)    0.0000             (X_U83.N1254860)    0.0000                

(X_U83.N1446199)    0.0000            (X_U83.N1446217)    0.0000                

(X_U83.N1461236)    0.0000            (X_U83.N1461246)    0.0000                

(X_U83.N1461252)    0.0000            (X_U83.N1481243)    0.0000                

(X_U83.N1481253)    0.0000            (X_U83.N1481259)    0.0000                

(X_U83.N1483677)    0.0000            (X_U83.N1483687)    0.0000                

(X_U83.N1483693)    0.0000            (X_U83.N1483703)    0.0000                

(X_U83.N1483713)    0.0000            (X_U83.N1490067)    0.0000                

(X_U83.N1492098)    0.0000            (X_U83.N1492108)    0.0000                

(X_U83.N1492118)    0.0000            (X_U83.N1492126)    0.0000                

(X_U83.N1492376)    0.0000            (X_U83.N1534615)    0.0000                

(X_U83.N1534625)    0.0000            (X_U83.N1534635)    0.0000                

(X_U83.N1534645)    0.0000            (X_U83.N1534887)    0.0000                

(X_U83.N1541593)    0.0000            (X_U83.N1541603)    0.0000                

(X_U84.N1327152)    0.0000            (X_U84.X_I_NP.3)    0.0000                

(X_U84.X_I_NP.4)    0.0000            (X_U84.X_I_NP.5)    0.0000                

(X_U84.X_I_NP.6)    0.0000            (X_U84.X_I_NP.7)    0.0000                

(X_U84.X_I_NP.8)    0.0000            (X_U85.CL_CLAMP)    0.0000                

(X_U85.N2986935)    0.0000            (X_U85.N2986947)    0.0000                

(X_U85.N2986949)    0.0000            (X_U85.N2986957)    0.0000                

(X_U85.N2986973)    0.0000            (X_U85.N2986975)    0.0000                

(X_U85.N2986977)    0.0000            (X_U85.N2986981)    0.0000                

(X_U85.N2987013)    0.0000            (X_U85.N2987017)    0.0000                

(X_U85.N2987029)    0.0000            (X_U85.N2987037)    0.0000                

(X_U85.N2987051)    0.0000            (X_U85.N2987061)    0.0000                

(X_U85.N2987123)    0.0000            (X_U85.N2987135)    0.0000                

(X_U85.N2987157)    0.0000            (X_U85.N2987159)    0.0000                

(X_U85.N2987201)    0.0000            (X_U85.N2987203)    0.0000                

(X_U85.N2987205)    0.0000            (X_U85.N2987225)    0.0000                

(X_U85.N2987231)    0.0000            (X_U85.N2987243)    0.0000                

(X_U85.N2987295)    0.0000            (X_U85.N2987299)    0.0000                

(X_U85.N2987301)    0.0000            (X_U85.N2987319)    0.0000                

(X_U85.N2987325)    0.0000            (X_U85.N2987337)    0.0000                

(X_U85.N2987363)    0.0000            (X_U85.N2987391)    0.0000                

(X_U85.N2987395)    0.0000            (X_U85.N2987423)    0.0000                

(X_U85.N2987427)    0.0000            (X_U85.N2987487)    0.0000                

(X_U85.N2987493)    0.0000            (X_U85.N2987499)    0.0000                

(X_U85.N2987541)    0.0000            (X_U85.N2987553)    0.0000                

(X_U85.N2987623)    0.0000            (X_U85.N2987655)    0.0000                

(X_U85.N2987675)    0.0000            (X_U85.N2987683)    0.0000                

(X_U85.N2987687)    0.0000            (X_U85.N2987711)    0.0000                

(X_U85.N2987719)    0.0000            (X_U85.N2987763)    0.0000                

(X_U85.N2987785)    0.0000            (X_U85.N2987801)    0.0000                

(X_U85.N3108745)    0.0000            (X_U85.N3108755)    0.0000                

(X_U85.N3108879)    0.0000            (X_U85.N3108917)    0.0000                

(X_U85.N3108949)    0.0000            (X_U85.N3109015)    0.0000                

(X_U85.N3116457)    0.0000            (X_U85.N3116503)    0.0000                

(X_U85.N3116515)    0.0000            (X_U85.N3116609)    0.0000                

(X_U85.N3116619)    0.0000            (X_U85.N3116655)    0.0000                

(X_U85.N3116665)    0.0000            (X_U85.N3116675)    0.0000                

(X_U85.N3116685)    0.0000            (X_U85.N3116957)    0.0000                

(X_U85.N3117239)    0.0000            (X_U85.N3126023)    0.0000                

(X_U85.N3128929)    0.0000            (X_U85.N3130349)    0.0000                

(X_U85.N3130359)    0.0000            (X_U85.N3202117)    0.0000                

(X_U85.N3202127)    0.0000            (X_U85.N3202213)    0.0000                

(X_U85.N3204124)    0.0000            (X_U85.N3204134)    0.0000                

(X_U85.N3204220)    0.0000            (X_U85.N3205032)    0.0000                

(X_U85.N3205042)    0.0000            (X_U85.N3205128)    0.0000                

(X_U85.N3205956)    0.0000            (X_U85.N3205966)    0.0000                

(X_U85.N3206052)    0.0000            (X_U85.N3206890)    0.0000                

(X_U85.N3206900)    0.0000            (X_U85.N3206986)    0.0000                

(X_U85.N3208573)    0.0000            (X_U85.N3208669)    0.0000                

(X_U85.N3236810)    0.0000            (X_U85.N3236820)    0.0000                

(X_U86.X_U3.OUT)    0.0000            (X_U86.X_U7.POR)    0.0000                

(X_U87.CL_CLAMP)    0.0000            (X_U87.N2986935)    0.0000                

(X_U87.N2986947)    0.0000            (X_U87.N2986949)    0.0000                

(X_U87.N2986957)    0.0000            (X_U87.N2986973)    0.0000                

(X_U87.N2986975)    0.0000            (X_U87.N2986977)    0.0000                

(X_U87.N2986981)    0.0000            (X_U87.N2987013)    0.0000                

(X_U87.N2987017)    0.0000            (X_U87.N2987029)    0.0000                

(X_U87.N2987037)    0.0000            (X_U87.N2987051)    0.0000                

(X_U87.N2987061)    0.0000            (X_U87.N2987123)    0.0000                

(X_U87.N2987135)    0.0000            (X_U87.N2987157)    0.0000                

(X_U87.N2987159)    0.0000            (X_U87.N2987201)    0.0000                

(X_U87.N2987203)    0.0000            (X_U87.N2987205)    0.0000                

(X_U87.N2987225)    0.0000            (X_U87.N2987231)    0.0000                

(X_U87.N2987243)    0.0000            (X_U87.N2987295)    0.0000                

(X_U87.N2987299)    0.0000            (X_U87.N2987301)    0.0000                

(X_U87.N2987319)    0.0000            (X_U87.N2987325)    0.0000                

(X_U87.N2987337)    0.0000            (X_U87.N2987363)    0.0000                

(X_U87.N2987391)    0.0000            (X_U87.N2987395)    0.0000                

(X_U87.N2987423)    0.0000            (X_U87.N2987427)    0.0000                

(X_U87.N2987487)    0.0000            (X_U87.N2987493)    0.0000                

(X_U87.N2987499)    0.0000            (X_U87.N2987541)    0.0000                

(X_U87.N2987553)    0.0000            (X_U87.N2987623)    0.0000                

(X_U87.N2987655)    0.0000            (X_U87.N2987675)    0.0000                

(X_U87.N2987683)    0.0000            (X_U87.N2987687)    0.0000                

(X_U87.N2987711)    0.0000            (X_U87.N2987719)    0.0000                

(X_U87.N2987763)    0.0000            (X_U87.N2987785)    0.0000                

(X_U87.N2987801)    0.0000            (X_U87.N3108745)    0.0000                

(X_U87.N3108755)    0.0000            (X_U87.N3108879)    0.0000                

(X_U87.N3108917)    0.0000            (X_U87.N3108949)    0.0000                

(X_U87.N3109015)    0.0000            (X_U87.N3116457)    0.0000                

(X_U87.N3116503)    0.0000            (X_U87.N3116515)    0.0000                

(X_U87.N3116609)    0.0000            (X_U87.N3116619)    0.0000                

(X_U87.N3116655)    0.0000            (X_U87.N3116665)    0.0000                

(X_U87.N3116675)    0.0000            (X_U87.N3116685)    0.0000                

(X_U87.N3116957)    0.0000            (X_U87.N3117239)    0.0000                

(X_U87.N3126023)    0.0000            (X_U87.N3128929)    0.0000                

(X_U87.N3130349)    0.0000            (X_U87.N3130359)    0.0000                

(X_U87.N3202117)    0.0000            (X_U87.N3202127)    0.0000                

(X_U87.N3202213)    0.0000            (X_U87.N3204124)    0.0000                

(X_U87.N3204134)    0.0000            (X_U87.N3204220)    0.0000                

(X_U87.N3205032)    0.0000            (X_U87.N3205042)    0.0000                

(X_U87.N3205128)    0.0000            (X_U87.N3205956)    0.0000                

(X_U87.N3205966)    0.0000            (X_U87.N3206052)    0.0000                

(X_U87.N3206890)    0.0000            (X_U87.N3206900)    0.0000                

(X_U87.N3206986)    0.0000            (X_U87.N3208573)    0.0000                

(X_U87.N3208669)    0.0000            (X_U87.N3236810)    0.0000                

(X_U87.N3236820)    0.0000            (X_U83.X_I_NP1.3)    0.0000               

(X_U83.X_I_NP1.4)    0.0000           (X_U83.X_I_NP1.5)    0.0000               

(X_U83.X_I_NP1.6)    0.0000           (X_U83.X_I_NP1.7)    0.0000               

(X_U83.X_I_NP1.8)    0.0000           (X_U84.X_I_NP2.3)    0.0000               

(X_U84.X_I_NP2.4)    0.0000           (X_U84.X_I_NP2.5)    0.0000               

(X_U84.X_I_NP2.6)    0.0000           (X_U84.X_I_NP2.7)    0.0000               

(X_U84.X_I_NP2.8)    0.0000           (X_U85.N32898091)    0.0000               

(X_U86.X_U3.VMID)    0.0000           (X_U87.N32898091)    0.0000               

(X_U85.CLAW_CLAMP)    0.0000          (X_U86.VCC_BUFFER)    0.0000              

(X_U86.VEE_BUFFER)    0.0000          (X_U86.X_U5.LOWER)    0.0000              

(X_U86.X_U5.UPPER)    0.0000          (X_U87.CLAW_CLAMP)    0.0000              

(X_U86.X_U2.N20155)    0.0000         (X_U86.X_U2.N20415)    0.0000             

(X_U86.X_U2.N20531)    0.0000         (X_U86.X_U2.N20539)    0.0000             

(X_U86.X_U2.N20826)    0.0000         (X_U86.X_U2.N20833)    0.0000             

(X_U86.X_U2.N20840)    0.0000         (X_U86.X_U3.INNNEW)    0.0000             

(X_U86.X_U4.N03175)    0.0000         (X_U86.X_U5.X_U2.4)    0.0000             

(X_U86.X_U2.N202710)    0.0000        (X_U86.X_U2.X_U24.6)    0.0000            

(X_U86.X_U5.N871584)    0.0000        (X_U86.X_U5.N871636)    0.0000            

(X_U86.X_U5.N871682)    0.0000        (X_U86.X_U5.N871848)    0.0000            

(X_U86.X_U5.N877529)    0.0000        (X_U86.X_U5.N881317)    0.0000            

(X_U86.X_U5.N881854)    0.0000        (X_U86.X_U7.N784593)    0.0000            

(X_U86.X_U7.N784683)    0.0000        (X_U86.X_U7.N784697)    0.0000            

(X_U86.X_U7.N784807)    0.0000        (X_U86.X_U7.N784909)    0.0000            

(X_U86.X_U7.N785081)    0.0000        (X_U86.X_U7.X_U17.4)    0.0000            

(X_U85.SW_OL_OPAx277)    0.0000       (X_U86.X_U5.N8798211)    0.0000           

(X_U86.X_U5.N8812391)    0.0000       (X_U87.SW_OL_OPAx277)    0.0000           

(X_U83.X_VOS_VS_VCM.1)    0.0000      (X_U84.X_VOS_VS_VCM.1)    0.0000          

(X_U86.X_U2.X_U1.OUT2)    0.0000      (X_U86.X_U5.X_U3.OUT1)    0.0000          

(X_U86.X_U5.X_U7.OUT1)    0.0000      (X_U86.X_U5.X_U8.OUT1)    0.0000          

(X_U86.X_U5.X_U9.OUT1)    0.0000      (X_U86.X_U7.X_U5.OUT2)    0.0000          

(X_U86.X_U2.X_U21.OUT2)    0.0000     (X_U86.X_U2.X_U22.OUT2)    0.0000         

(X_U86.X_U2.X_U23.OUT2)    0.0000     (X_U86.X_U5.OUTOFRANGE)    0.0000         

(X_U86.X_U7.X_U13.OUT1)    0.0000     (X_U86.X_U7.X_U15.OUT2)    0.0000         

(X_U86.X_U7.X_U16.OUT2)    0.0000     

Resuming Simulation with the following settings
ITL1 = 565
ITL2 = 1000
ABSTOL = 1.26e-10

Convergence problem in transient bias point calculation


  Last node voltages tried were:

 NODE   VOLTAGE     NODE   VOLTAGE     NODE   VOLTAGE     NODE   VOLTAGE


(   IN)    0.0000  (  VCC)    0.0000  (  VEE)    0.0000  (N1152588)    0.0000   

(N1152626)    0.0000                  (N1152986)    0.0000                      

(N1153136)    0.0000                  (N1153146)    0.0000                      

(N1153160)    0.0000                  (N1153202)    0.0000                      

(N1153234)    0.0000                  (N1153326)    0.0000                      

(N1153336)    0.0000                  (N1153466)    0.0000                      

(N1153616)    0.0000                  (N1153834)    0.0000                      

(N1153962)    0.0000                  (N1153972)    0.0000                      

(N1153982)    0.0000                  (N1154096)    0.0000                      

(N1154108)    0.0000                  (N1154364)    0.0000                      

(N1154380)    0.0000                  (N1154430)    0.0000                      

(N1154454)    0.0000                  (X_U83.ZO)    0.0000                      

(X_U83.MID)    0.0000                 (X_U84.AOL)    0.0000                     

(X_U84.MID)    0.0000                 (X_U85.MID)    0.0000                     

(X_U85.V11)    0.0000                 (X_U85.V12)    0.0000                     

(X_U87.MID)    0.0000                 (X_U87.V11)    0.0000                     

(X_U87.V12)    0.0000                 (X_U83.CMRR)    0.0000                    

(X_U83.ESDN)    0.0000                (X_U83.ESDP)    0.0000                    

(X_U84.CMRR)    0.0000                (X_U85.ESDN)    0.0000                    

(X_U85.ESDP)    0.0000                (X_U85.VCLP)    0.0000                    

(X_U87.ESDN)    0.0000                (X_U87.ESDP)    0.0000                    

(X_U87.VCLP)    0.0000                (X_U83.CLAMP)    0.0000                   

(X_U83.PSRRN)    0.0000               (X_U83.PSRRP)    0.0000                   

(X_U83.VCC_B)    0.0000               (X_U83.VEE_B)    0.0000                   

(X_U83.VIMON)    0.0000               (X_U84.CLAMP)    0.0000                   

(X_U84.VCC_B)    0.0000               (X_U84.VEE_B)    0.0000                   

(X_U84.VIMON)    0.0000               (X_U85.CLAMP)    0.0000                   

(X_U85.VCC_B)    0.0000               (X_U85.VEE_B)    0.0000                   

(X_U85.VIMON)    0.0000               (X_U87.CLAMP)    0.0000                   

(X_U87.VCC_B)    0.0000               (X_U87.VEE_B)    0.0000                   

(X_U87.VIMON)    0.0000               (X_U83.AOLNET)    0.0000                  

(X_U83.N06456)    0.0000              (X_U83.N10561)    0.0000                  

(X_U83.N10570)    0.0000              (X_U83.N11984)    0.0000                  

(X_U83.N11991)    0.0000              (X_U83.N25816)    0.0000                  

(X_U83.N28602)    0.0000              (X_U83.N30136)    0.0000                  

(X_U83.N30913)    0.0000              (X_U83.N31014)    0.0000                  

(X_U83.N35675)    0.0000              (X_U83.N35813)    0.0000                  

(X_U83.N38050)    0.0000              (X_U83.N38096)    0.0000                  

(X_U83.VOUT_S)    0.0000              (X_U83.X_U1.3)    0.0000                  

(X_U83.X_U1.4)    0.0000              (X_U83.X_U1.5)    0.0000                  

(X_U83.X_U1.6)    0.0000              (X_U83.X_U1.7)    0.0000                  

(X_U83.X_U1.8)    0.0000              (X_U84.AOLNET)    0.0000                  

(X_U84.N05102)    0.0000              (X_U84.N06456)    0.0000                  

(X_U84.N10561)    0.0000              (X_U84.N10570)    0.0000                  

(X_U84.N11984)    0.0000              (X_U84.N25816)    0.0000                  

(X_U84.N28602)    0.0000              (X_U84.N30136)    0.0000                  

(X_U84.N30913)    0.0000              (X_U84.N31014)    0.0000                  

(X_U84.N35669)    0.0000              (X_U84.N35813)    0.0000                  

(X_U84.N38050)    0.0000              (X_U84.N38096)    0.0000                  

(X_U84.N42663)    0.0000              (X_U84.N42834)    0.0000                  

(X_U84.N44757)    0.0000              (X_U84.N44799)    0.0000                  

(X_U84.VOUT_S)    0.0000              (X_U85.VOUT_S)    0.0000                  

(X_U85.VSENSE)    0.0000              (X_U85.X_U1.3)    0.0000                  

(X_U85.X_U1.4)    0.0000              (X_U85.X_U1.5)    0.0000                  

(X_U85.X_U1.6)    0.0000              (X_U85.X_U1.7)    0.0000                  

(X_U85.X_U1.8)    0.0000              (X_U87.VOUT_S)    0.0000                  

(X_U87.VSENSE)    0.0000              (X_U87.X_U1.3)    0.0000                  

(X_U87.X_U1.4)    0.0000              (X_U87.X_U1.5)    0.0000                  

(X_U87.X_U1.6)    0.0000              (X_U87.X_U1.7)    0.0000                  

(X_U87.X_U1.8)    0.0000              (X_U83.N110431)    0.0000                 

(X_U83.N112292)    0.0000             (X_U83.N317950)    0.0000                 

(X_U83.N406634)    0.0000             (X_U83.N406794)    0.0000                 

(X_U83.N749288)    0.0000             (X_U83.VCC_CLP)    0.0000                 

(X_U83.VEE_CLP)    0.0000             (X_U83.X_E_N.3)    0.0000                 

(X_U83.X_E_N.4)    0.0000             (X_U83.X_E_N.5)    0.0000                 

(X_U83.X_E_N.6)    0.0000             (X_U83.X_E_N.7)    0.0000                 

(X_U83.X_E_N.8)    0.0000             (X_U84.N110431)    0.0000                 

(X_U84.N112292)    0.0000             (X_U84.N317950)    0.0000                 

(X_U84.N406634)    0.0000             (X_U84.N406794)    0.0000                 

(X_U84.N701935)    0.0000             (X_U84.N704979)    0.0000                 

(X_U84.N705005)    0.0000             (X_U84.N709083)    0.0000                 

(X_U84.N709113)    0.0000             (X_U84.N749288)    0.0000                 

(X_U84.VCC_CLP)    0.0000             (X_U84.VEE_CLP)    0.0000                 

(X_U84.X_E_N.3)    0.0000             (X_U84.X_E_N.4)    0.0000                 

(X_U84.X_E_N.5)    0.0000             (X_U84.X_E_N.6)    0.0000                 

(X_U84.X_E_N.7)    0.0000             (X_U84.X_E_N.8)    0.0000                 

(X_U85.VCC_CLP)    0.0000             (X_U85.VEE_CLP)    0.0000                 

(X_U85.X_U39.3)    0.0000             (X_U85.X_U39.4)    0.0000                 

(X_U85.X_U39.5)    0.0000             (X_U85.X_U39.6)    0.0000                 

(X_U85.X_U39.7)    0.0000             (X_U85.X_U39.8)    0.0000                 

(X_U85.X_U40.3)    0.0000             (X_U85.X_U40.4)    0.0000                 

(X_U85.X_U40.5)    0.0000             (X_U85.X_U40.6)    0.0000                 

(X_U85.X_U40.7)    0.0000             (X_U85.X_U40.8)    0.0000                 

(X_U86.IN+BUFF)    0.0000             (X_U86.IN-BUFF)    0.0000                 

(X_U86.INRANGE)    0.0000             (X_U86.N881909)    0.0000                 

(X_U86.N881945)    0.0000             (X_U86.N882073)    0.0000                 

(X_U86.N882279)    0.0000             (X_U86.N882289)    0.0000                 

(X_U86.N882337)    0.0000             (X_U86.N882457)    0.0000                 

(X_U86.X_U3.VH)    0.0000             (X_U86.X_U5.1V)    0.0000                 

(X_U86.X_U7.1V)    0.0000             (X_U87.VCC_CLP)    0.0000                 

(X_U87.VEE_CLP)    0.0000             (X_U87.X_U39.3)    0.0000                 

(X_U87.X_U39.4)    0.0000             (X_U87.X_U39.5)    0.0000                 

(X_U87.X_U39.6)    0.0000             (X_U87.X_U39.7)    0.0000                 

(X_U87.X_U39.8)    0.0000             (X_U87.X_U40.3)    0.0000                 

(X_U87.X_U40.4)    0.0000             (X_U87.X_U40.5)    0.0000                 

(X_U87.X_U40.6)    0.0000             (X_U87.X_U40.7)    0.0000                 

(X_U87.X_U40.8)    0.0000             (X_U83.N1254860)    0.0000                

(X_U83.N1446199)    0.0000            (X_U83.N1446217)    0.0000                

(X_U83.N1461236)    0.0000            (X_U83.N1461246)    0.0000                

(X_U83.N1461252)    0.0000            (X_U83.N1481243)    0.0000                

(X_U83.N1481253)    0.0000            (X_U83.N1481259)    0.0000                

(X_U83.N1483677)    0.0000            (X_U83.N1483687)    0.0000                

(X_U83.N1483693)    0.0000            (X_U83.N1483703)    0.0000                

(X_U83.N1483713)    0.0000            (X_U83.N1490067)    0.0000                

(X_U83.N1492098)    0.0000            (X_U83.N1492108)    0.0000                

(X_U83.N1492118)    0.0000            (X_U83.N1492126)    0.0000                

(X_U83.N1492376)    0.0000            (X_U83.N1534615)    0.0000                

(X_U83.N1534625)    0.0000            (X_U83.N1534635)    0.0000                

(X_U83.N1534645)    0.0000            (X_U83.N1534887)    0.0000                

(X_U83.N1541593)    0.0000            (X_U83.N1541603)    0.0000                

(X_U84.N1327152)    0.0000            (X_U84.X_I_NP.3)    0.0000                

(X_U84.X_I_NP.4)    0.0000            (X_U84.X_I_NP.5)    0.0000                

(X_U84.X_I_NP.6)    0.0000            (X_U84.X_I_NP.7)    0.0000                

(X_U84.X_I_NP.8)    0.0000            (X_U85.CL_CLAMP)    0.0000                

(X_U85.N2986935)    0.0000            (X_U85.N2986947)    0.0000                

(X_U85.N2986949)    0.0000            (X_U85.N2986957)    0.0000                

(X_U85.N2986973)    0.0000            (X_U85.N2986975)    0.0000                

(X_U85.N2986977)    0.0000            (X_U85.N2986981)    0.0000                

(X_U85.N2987013)    0.0000            (X_U85.N2987017)    0.0000                

(X_U85.N2987029)    0.0000            (X_U85.N2987037)    0.0000                

(X_U85.N2987051)    0.0000            (X_U85.N2987061)    0.0000                

(X_U85.N2987123)    0.0000            (X_U85.N2987135)    0.0000                

(X_U85.N2987157)    0.0000            (X_U85.N2987159)    0.0000                

(X_U85.N2987201)    0.0000            (X_U85.N2987203)    0.0000                

(X_U85.N2987205)    0.0000            (X_U85.N2987225)    0.0000                

(X_U85.N2987231)    0.0000            (X_U85.N2987243)    0.0000                

(X_U85.N2987295)    0.0000            (X_U85.N2987299)    0.0000                

(X_U85.N2987301)    0.0000            (X_U85.N2987319)    0.0000                

(X_U85.N2987325)    0.0000            (X_U85.N2987337)    0.0000                

(X_U85.N2987363)    0.0000            (X_U85.N2987391)    0.0000                

(X_U85.N2987395)    0.0000            (X_U85.N2987423)    0.0000                

(X_U85.N2987427)    0.0000            (X_U85.N2987487)    0.0000                

(X_U85.N2987493)    0.0000            (X_U85.N2987499)    0.0000                

(X_U85.N2987541)    0.0000            (X_U85.N2987553)    0.0000                

(X_U85.N2987623)    0.0000            (X_U85.N2987655)    0.0000                

(X_U85.N2987675)    0.0000            (X_U85.N2987683)    0.0000                

(X_U85.N2987687)    0.0000            (X_U85.N2987711)    0.0000                

(X_U85.N2987719)    0.0000            (X_U85.N2987763)    0.0000                

(X_U85.N2987785)    0.0000            (X_U85.N2987801)    0.0000                

(X_U85.N3108745)    0.0000            (X_U85.N3108755)    0.0000                

(X_U85.N3108879)    0.0000            (X_U85.N3108917)    0.0000                

(X_U85.N3108949)    0.0000            (X_U85.N3109015)    0.0000                

(X_U85.N3116457)    0.0000            (X_U85.N3116503)    0.0000                

(X_U85.N3116515)    0.0000            (X_U85.N3116609)    0.0000                

(X_U85.N3116619)    0.0000            (X_U85.N3116655)    0.0000                

(X_U85.N3116665)    0.0000            (X_U85.N3116675)    0.0000                

(X_U85.N3116685)    0.0000            (X_U85.N3116957)    0.0000                

(X_U85.N3117239)    0.0000            (X_U85.N3126023)    0.0000                

(X_U85.N3128929)    0.0000            (X_U85.N3130349)    0.0000                

(X_U85.N3130359)    0.0000            (X_U85.N3202117)    0.0000                

(X_U85.N3202127)    0.0000            (X_U85.N3202213)    0.0000                

(X_U85.N3204124)    0.0000            (X_U85.N3204134)    0.0000                

(X_U85.N3204220)    0.0000            (X_U85.N3205032)    0.0000                

(X_U85.N3205042)    0.0000            (X_U85.N3205128)    0.0000                

(X_U85.N3205956)    0.0000            (X_U85.N3205966)    0.0000                

(X_U85.N3206052)    0.0000            (X_U85.N3206890)    0.0000                

(X_U85.N3206900)    0.0000            (X_U85.N3206986)    0.0000                

(X_U85.N3208573)    0.0000            (X_U85.N3208669)    0.0000                

(X_U85.N3236810)    0.0000            (X_U85.N3236820)    0.0000                

(X_U86.X_U3.OUT)    0.0000            (X_U86.X_U7.POR)    0.0000                

(X_U87.CL_CLAMP)    0.0000            (X_U87.N2986935)    0.0000                

(X_U87.N2986947)    0.0000            (X_U87.N2986949)    0.0000                

(X_U87.N2986957)    0.0000            (X_U87.N2986973)    0.0000                

(X_U87.N2986975)    0.0000            (X_U87.N2986977)    0.0000                

(X_U87.N2986981)    0.0000            (X_U87.N2987013)    0.0000                

(X_U87.N2987017)    0.0000            (X_U87.N2987029)    0.0000                

(X_U87.N2987037)    0.0000            (X_U87.N2987051)    0.0000                

(X_U87.N2987061)    0.0000            (X_U87.N2987123)    0.0000                

(X_U87.N2987135)    0.0000            (X_U87.N2987157)    0.0000                

(X_U87.N2987159)    0.0000            (X_U87.N2987201)    0.0000                

(X_U87.N2987203)    0.0000            (X_U87.N2987205)    0.0000                

(X_U87.N2987225)    0.0000            (X_U87.N2987231)    0.0000                

(X_U87.N2987243)    0.0000            (X_U87.N2987295)    0.0000                

(X_U87.N2987299)    0.0000            (X_U87.N2987301)    0.0000                

(X_U87.N2987319)    0.0000            (X_U87.N2987325)    0.0000                

(X_U87.N2987337)    0.0000            (X_U87.N2987363)    0.0000                

(X_U87.N2987391)    0.0000            (X_U87.N2987395)    0.0000                

(X_U87.N2987423)    0.0000            (X_U87.N2987427)    0.0000                

(X_U87.N2987487)    0.0000            (X_U87.N2987493)    0.0000                

(X_U87.N2987499)    0.0000            (X_U87.N2987541)    0.0000                

(X_U87.N2987553)    0.0000            (X_U87.N2987623)    0.0000                

(X_U87.N2987655)    0.0000            (X_U87.N2987675)    0.0000                

(X_U87.N2987683)    0.0000            (X_U87.N2987687)    0.0000                

(X_U87.N2987711)    0.0000            (X_U87.N2987719)    0.0000                

(X_U87.N2987763)    0.0000            (X_U87.N2987785)    0.0000                

(X_U87.N2987801)    0.0000            (X_U87.N3108745)    0.0000                

(X_U87.N3108755)    0.0000            (X_U87.N3108879)    0.0000                

(X_U87.N3108917)    0.0000            (X_U87.N3108949)    0.0000                

(X_U87.N3109015)    0.0000            (X_U87.N3116457)    0.0000                

(X_U87.N3116503)    0.0000            (X_U87.N3116515)    0.0000                

(X_U87.N3116609)    0.0000            (X_U87.N3116619)    0.0000                

(X_U87.N3116655)    0.0000            (X_U87.N3116665)    0.0000                

(X_U87.N3116675)    0.0000            (X_U87.N3116685)    0.0000                

(X_U87.N3116957)    0.0000            (X_U87.N3117239)    0.0000                

(X_U87.N3126023)    0.0000            (X_U87.N3128929)    0.0000                

(X_U87.N3130349)    0.0000            (X_U87.N3130359)    0.0000                

(X_U87.N3202117)    0.0000            (X_U87.N3202127)    0.0000                

(X_U87.N3202213)    0.0000            (X_U87.N3204124)    0.0000                

(X_U87.N3204134)    0.0000            (X_U87.N3204220)    0.0000                

(X_U87.N3205032)    0.0000            (X_U87.N3205042)    0.0000                

(X_U87.N3205128)    0.0000            (X_U87.N3205956)    0.0000                

(X_U87.N3205966)    0.0000            (X_U87.N3206052)    0.0000                

(X_U87.N3206890)    0.0000            (X_U87.N3206900)    0.0000                

(X_U87.N3206986)    0.0000            (X_U87.N3208573)    0.0000                

(X_U87.N3208669)    0.0000            (X_U87.N3236810)    0.0000                

(X_U87.N3236820)    0.0000            (X_U83.X_I_NP1.3)    0.0000               

(X_U83.X_I_NP1.4)    0.0000           (X_U83.X_I_NP1.5)    0.0000               

(X_U83.X_I_NP1.6)    0.0000           (X_U83.X_I_NP1.7)    0.0000               

(X_U83.X_I_NP1.8)    0.0000           (X_U84.X_I_NP2.3)    0.0000               

(X_U84.X_I_NP2.4)    0.0000           (X_U84.X_I_NP2.5)    0.0000               

(X_U84.X_I_NP2.6)    0.0000           (X_U84.X_I_NP2.7)    0.0000               

(X_U84.X_I_NP2.8)    0.0000           (X_U85.N32898091)    0.0000               

(X_U86.X_U3.VMID)    0.0000           (X_U87.N32898091)    0.0000               

(X_U85.CLAW_CLAMP)    0.0000          (X_U86.VCC_BUFFER)    0.0000              

(X_U86.VEE_BUFFER)    0.0000          (X_U86.X_U5.LOWER)    0.0000              

(X_U86.X_U5.UPPER)    0.0000          (X_U87.CLAW_CLAMP)    0.0000              

(X_U86.X_U2.N20155)    0.0000         (X_U86.X_U2.N20415)    0.0000             

(X_U86.X_U2.N20531)    0.0000         (X_U86.X_U2.N20539)    0.0000             

(X_U86.X_U2.N20826)    0.0000         (X_U86.X_U2.N20833)    0.0000             

(X_U86.X_U2.N20840)    0.0000         (X_U86.X_U3.INNNEW)    0.0000             

(X_U86.X_U4.N03175)    0.0000         (X_U86.X_U5.X_U2.4)    0.0000             

(X_U86.X_U2.N202710)    0.0000        (X_U86.X_U2.X_U24.6)    0.0000            

(X_U86.X_U5.N871584)    0.0000        (X_U86.X_U5.N871636)    0.0000            

(X_U86.X_U5.N871682)    0.0000        (X_U86.X_U5.N871848)    0.0000            

(X_U86.X_U5.N877529)    0.0000        (X_U86.X_U5.N881317)    0.0000            

(X_U86.X_U5.N881854)    0.0000        (X_U86.X_U7.N784593)    0.0000            

(X_U86.X_U7.N784683)    0.0000        (X_U86.X_U7.N784697)    0.0000            

(X_U86.X_U7.N784807)    0.0000        (X_U86.X_U7.N784909)    0.0000            

(X_U86.X_U7.N785081)    0.0000        (X_U86.X_U7.X_U17.4)    0.0000            

(X_U85.SW_OL_OPAx277)    0.0000       (X_U86.X_U5.N8798211)    0.0000           

(X_U86.X_U5.N8812391)    0.0000       (X_U87.SW_OL_OPAx277)    0.0000           

(X_U83.X_VOS_VS_VCM.1)    0.0000      (X_U84.X_VOS_VS_VCM.1)    0.0000          

(X_U86.X_U2.X_U1.OUT2)    0.0000      (X_U86.X_U5.X_U3.OUT1)    0.0000          

(X_U86.X_U5.X_U7.OUT1)    0.0000      (X_U86.X_U5.X_U8.OUT1)    0.0000          

(X_U86.X_U5.X_U9.OUT1)    0.0000      (X_U86.X_U7.X_U5.OUT2)    0.0000          

(X_U86.X_U2.X_U21.OUT2)    0.0000     (X_U86.X_U2.X_U22.OUT2)    0.0000         

(X_U86.X_U2.X_U23.OUT2)    0.0000     (X_U86.X_U5.OUTOFRANGE)    0.0000         

(X_U86.X_U7.X_U13.OUT1)    0.0000     (X_U86.X_U7.X_U15.OUT2)    0.0000         

(X_U86.X_U7.X_U16.OUT2)    0.0000     

Resuming Simulation with the following settings
ITL1 = 1000
ABSTOL = 1.58e-08


          JOB ABORTED

**** 04/08/25 20:24:13 *** PSpice 24.1.0 (26 February 2025) *** ID# 0 ********

 ** Profile: "SCHEMATIC1-dssdfg"  [ C:\Users\sky94\AppData\Roaming\SPB_Data\cdssetup\workspace\projects\awetrawe\awetrawe-pspicefiles


 ****     JOB STATISTICS SUMMARY


******************************************************************************



  Total job time (using Solver 1)   =      341.27
