(---------------------------------------------------------------------)
(                                                                     )
(    Allegro Netrev Import Logic                                      )
(                                                                     )
(    Drawing          : 80DB_LIDAR_1.brd                              )
(    Software Version : 17.2P019                                      )
(    Date/Time        : Wed Dec 04 10:13:24 2024                      )
(                                                                     )
(---------------------------------------------------------------------)


------ Directives ------------

Ripup etch:                  No
Ripup delete first segment:  No
Ripup retain bondwire:       No
Ripup symbols:               Always
Missing symbol has error:    No
DRC update:                  Yes
Schematic directory:         'C:/Users/MSDL3/Desktop/OrCAD File/80dB_LiDAR/allegro'
Design Directory:            '.'
Old design name:             'C:/Users/MSDL3/Desktop/OrCAD File/80dB_LiDAR/allegro/80DB_LIDAR_1.brd'
New design name:             'C:/Users/MSDL3/Desktop/OrCAD File/80dB_LiDAR/allegro/80DB_LIDAR_1.brd'

CmdLine: netrev -$ -i C:/Users/MSDL3/Desktop/OrCAD File/80dB_LiDAR/allegro -y 1 -q netrev_constraint_report.xml C:/Users/MSDL3/Desktop/OrCAD File/80dB_LiDAR/allegro/#Taaaaag09848.tmp

------ Preparing to read pst files ------

Starting to read C:/Users/MSDL3/Desktop/OrCAD File/80dB_LiDAR/allegro/pstchip.dat 
   Finished reading C:/Users/MSDL3/Desktop/OrCAD File/80dB_LiDAR/allegro/pstchip.dat (00:00:00.01)
Starting to read C:/Users/MSDL3/Desktop/OrCAD File/80dB_LiDAR/allegro/pstxprt.dat 
   Finished reading C:/Users/MSDL3/Desktop/OrCAD File/80dB_LiDAR/allegro/pstxprt.dat (00:00:00.00)
Starting to read C:/Users/MSDL3/Desktop/OrCAD File/80dB_LiDAR/allegro/pstxnet.dat 
   Finished reading C:/Users/MSDL3/Desktop/OrCAD File/80dB_LiDAR/allegro/pstxnet.dat (00:00:00.00)

------ Oversights/Warnings/Errors ------


------ Library Paths ------
MODULEPATH =  . 
           C:/Cadence/SPB_17.2/share/local/pcb/modules 

PSMPATH =  . 
           symbols 
           .. 
           ../symbols 
           C:/Cadence/SPB_17.2/share/local/pcb/symbols 
           C:/Cadence/SPB_17.2/share/pcb/pcb_lib/symbols 
           C:/Cadence/SPB_17.2/share/pcb/allegrolib/symbols 
           C:/Cadence/SPB_17.2/share/pcb/pcb_lib/symbols/80dB/ 

PADPATH =  . 
           symbols 
           .. 
           ../symbols 
           C:/Cadence/SPB_17.2/share/local/pcb/padstacks 
           C:/Cadence/SPB_17.2/share/pcb/pcb_lib/symbols 
           C:/Cadence/SPB_17.2/share/pcb/allegrolib/symbols 
           C:/Cadence/SPB_17.2/share/pcb/pcb_lib/symbols/80dB/ 


------ Summary Statistics ------


netrev run on Dec 4 10:13:24 2024
   DESIGN NAME : '80DB_LIDAR'
   PACKAGING ON Mar  2 2016 00:37:24

   COMPILE 'logic'
   CHECK_PIN_NAMES OFF
   CROSS_REFERENCE OFF
   FEEDBACK OFF
   INCREMENTAL OFF
   INTERFACE_TYPE PHYSICAL
   MAX_ERRORS 500
   MERGE_MINIMUM 5
   NET_NAME_CHARS '#%&()*+-./:=>?@[]^_`|'
   NET_NAME_LENGTH 24
   OVERSIGHTS ON
   REPLACE_CHECK OFF
   SINGLE_NODE_NETS ON
   SPLIT_MINIMUM 0
   SUPPRESS   20
   WARNINGS ON

 No error detected
 No oversight detected
 No warning detected

cpu time      0:00:39
elapsed time  0:00:00

