(---------------------------------------------------------------------)
(                                                                     )
(    PLACEMENT LOG                                                    )
(                                                                     )
(    Drawing          : 80DB_LIDAR.brd                                )
(    Software Version : 17.2P028                                      )
(    Date/Time        : Thu Nov 28 17:44:31 2024                      )
(                                                                     )
(---------------------------------------------------------------------)



 Autoplace C:/Users/MSDL3/Desktop/OrCAD File/80dB_LiDAR/allegro/80DB_LIDAR.brd 
 Save as C:/Users/MSDL3/Desktop/OrCAD File/80dB_LiDAR/allegro/80DB_LIDAR.brd 

 Will search while getting acceptable improvement
 Will not scale complete graph edges
 Start time Thu Nov 28 17:44:31 2024


 
 	 	 Placement Task Version 1.00 
 
 
 Algorithm  : IC
 Place within: board
 Map grid points to: library origin
 Place leftovers on bottom: YES
 Allow component overlap: NO
 Soft boundary: NO
 Cluster: NO
 No Rat: NO
 Remove TAG: NO
 Components at rotation of 0 degrees are weighted 50

 Components at rotation of 90 degrees are weighted 0

 Components at rotation of 180 degrees are weighted 0

 Components at rotation of 270 degrees are weighted 0

 Board direction of north is weighted 50

 Board direction of east is weighted 50

 Board direction of south is weighted 50

 Board direction of west is weighted 50

 Component mirroring weight is 50

 Component straightness weight is 50

 Warning: unplaced components are not PLACE TAGGED.

 Placement Keepin

  line seg 	(2.0000,2.0000) (98.0000,2.0000)
  line seg 	(98.0000,2.0000) (98.0000,98.0000)
  line seg 	(98.0000,98.0000) (2.0000,98.0000)
  line seg 	(2.0000,98.0000) (2.0000,2.0000)

 Error: No Placement Grid was found

 Error: See message(s) above



Elapsed time:  0 hr 0 min 0 sec ( 0.00 hr)
Actual time of completion: Thu Nov 28 17:44:31 2024

