Thu Nov 28 22:37:06 2024				Page     1


 
Update Symbols/Modules Logfile
	Thu Nov 28 22:37:06 2024

------ Module Refresh Messages ------

SUMMARY:    Updated 0 out of 0 modules

------ End Module Messages     ------



(---------------------------------------------------------------------)
(                                                                     )
(    Refresh Symbol                                                   )
(                                                                     )
(    Drawing          : 80DB_LIDAR.brd                                )
(    Software Version : 17.2P019                                      )
(    Date/Time        : Thu Nov 28 22:37:06 2024                      )
(                                                                     )
(---------------------------------------------------------------------)


Thu Nov 28 22:37:06 2024				Page     1


------ Symbol Refresh Directives ------

Input design  = 'C:/Users/MSDL3/Desktop/OrCAD File/80dB_LiDAR/allegro/80DB_LIDAR.brd'
Output design = ''

Update mechanical symbols              = 'NO'
Update format symbols                  = 'NO'
Update package symbols                 = 'NO'
Update shape/flash symbols             = 'NO'
Update symbol padstacks                = 'NO'
Preserve padstacks replaced on pins    = 'NO'
Reset symbol text and size locations   = 'NO'
Reset Pin Escapes (fanouts)            = 'NO'
Ripup Etch                             = 'NO'
Reset custom drill data                = 'NO'
Symbol list file                       = 'C:/Users/MSDL3/AppData/Local/Temp/#Taaaaej16964.tmp'


------ Library Paths ------
PSMPATH =  . 
           symbols 
           .. 
           ../symbols 
           C:/Cadence/SPB_17.2/share/local/pcb/symbols 
           C:/Cadence/SPB_17.2/share/pcb/pcb_lib/symbols 
           C:/Cadence/SPB_17.2/share/pcb/allegrolib/symbols 
           C:/Cadence/SPB_17.2/share/pcb/pcb_lib/symbols/80dB/ 

PADPATH =  . 
           symbols 
           .. 
           ../symbols 
           C:/Cadence/SPB_17.2/share/local/pcb/padstacks 
           C:/Cadence/SPB_17.2/share/pcb/pcb_lib/symbols 
           C:/Cadence/SPB_17.2/share/pcb/allegrolib/symbols 
           C:/Cadence/SPB_17.2/share/pcb/pcb_lib/symbols/80dB/ 


------ Symbol Refresh Messages ------

'SON50P200X200X80-9N-D'  symbol refreshed successfully.


----- Symbol Update Summary ----

Updated symbols: 1 out 1
    Design updated.

